Archive member included because of file (symbol)

c:/program files (x86)/atmel/atmel toolchain/avr8 gcc/native/3.4.1061/avr8-gnu-toolchain/bin/../lib/gcc/avr/4.8.1/../../../../avr/lib/avr5\libm.a(addsf3.o)
                              common.o (__subsf3)
c:/program files (x86)/atmel/atmel toolchain/avr8 gcc/native/3.4.1061/avr8-gnu-toolchain/bin/../lib/gcc/avr/4.8.1/../../../../avr/lib/avr5\libm.a(addsf3x.o)
                              c:/program files (x86)/atmel/atmel toolchain/avr8 gcc/native/3.4.1061/avr8-gnu-toolchain/bin/../lib/gcc/avr/4.8.1/../../../../avr/lib/avr5\libm.a(addsf3.o) (__addsf3x)
c:/program files (x86)/atmel/atmel toolchain/avr8 gcc/native/3.4.1061/avr8-gnu-toolchain/bin/../lib/gcc/avr/4.8.1/../../../../avr/lib/avr5\libm.a(divsf3.o)
                              libRFM69.o (__divsf3)
c:/program files (x86)/atmel/atmel toolchain/avr8 gcc/native/3.4.1061/avr8-gnu-toolchain/bin/../lib/gcc/avr/4.8.1/../../../../avr/lib/avr5\libm.a(divsf3x.o)
                              c:/program files (x86)/atmel/atmel toolchain/avr8 gcc/native/3.4.1061/avr8-gnu-toolchain/bin/../lib/gcc/avr/4.8.1/../../../../avr/lib/avr5\libm.a(divsf3.o) (__divsf3x)
c:/program files (x86)/atmel/atmel toolchain/avr8 gcc/native/3.4.1061/avr8-gnu-toolchain/bin/../lib/gcc/avr/4.8.1/../../../../avr/lib/avr5\libm.a(fixsfsi.o)
                              common.o (__fixsfsi)
c:/program files (x86)/atmel/atmel toolchain/avr8 gcc/native/3.4.1061/avr8-gnu-toolchain/bin/../lib/gcc/avr/4.8.1/../../../../avr/lib/avr5\libm.a(fixunssfsi.o)
                              libRFM69.o (__fixunssfsi)
c:/program files (x86)/atmel/atmel toolchain/avr8 gcc/native/3.4.1061/avr8-gnu-toolchain/bin/../lib/gcc/avr/4.8.1/../../../../avr/lib/avr5\libm.a(floatsisf.o)
                              libRFM69.o (__floatunsisf)
c:/program files (x86)/atmel/atmel toolchain/avr8 gcc/native/3.4.1061/avr8-gnu-toolchain/bin/../lib/gcc/avr/4.8.1/../../../../avr/lib/avr5\libm.a(fp_inf.o)
                              c:/program files (x86)/atmel/atmel toolchain/avr8 gcc/native/3.4.1061/avr8-gnu-toolchain/bin/../lib/gcc/avr/4.8.1/../../../../avr/lib/avr5\libm.a(addsf3x.o) (__fp_inf)
c:/program files (x86)/atmel/atmel toolchain/avr8 gcc/native/3.4.1061/avr8-gnu-toolchain/bin/../lib/gcc/avr/4.8.1/../../../../avr/lib/avr5\libm.a(fp_nan.o)
                              c:/program files (x86)/atmel/atmel toolchain/avr8 gcc/native/3.4.1061/avr8-gnu-toolchain/bin/../lib/gcc/avr/4.8.1/../../../../avr/lib/avr5\libm.a(addsf3x.o) (__fp_nan)
c:/program files (x86)/atmel/atmel toolchain/avr8 gcc/native/3.4.1061/avr8-gnu-toolchain/bin/../lib/gcc/avr/4.8.1/../../../../avr/lib/avr5\libm.a(fp_pscA.o)
                              c:/program files (x86)/atmel/atmel toolchain/avr8 gcc/native/3.4.1061/avr8-gnu-toolchain/bin/../lib/gcc/avr/4.8.1/../../../../avr/lib/avr5\libm.a(addsf3x.o) (__fp_pscA)
c:/program files (x86)/atmel/atmel toolchain/avr8 gcc/native/3.4.1061/avr8-gnu-toolchain/bin/../lib/gcc/avr/4.8.1/../../../../avr/lib/avr5\libm.a(fp_pscB.o)
                              c:/program files (x86)/atmel/atmel toolchain/avr8 gcc/native/3.4.1061/avr8-gnu-toolchain/bin/../lib/gcc/avr/4.8.1/../../../../avr/lib/avr5\libm.a(addsf3x.o) (__fp_pscB)
c:/program files (x86)/atmel/atmel toolchain/avr8 gcc/native/3.4.1061/avr8-gnu-toolchain/bin/../lib/gcc/avr/4.8.1/../../../../avr/lib/avr5\libm.a(fp_round.o)
                              c:/program files (x86)/atmel/atmel toolchain/avr8 gcc/native/3.4.1061/avr8-gnu-toolchain/bin/../lib/gcc/avr/4.8.1/../../../../avr/lib/avr5\libm.a(addsf3.o) (__fp_round)
c:/program files (x86)/atmel/atmel toolchain/avr8 gcc/native/3.4.1061/avr8-gnu-toolchain/bin/../lib/gcc/avr/4.8.1/../../../../avr/lib/avr5\libm.a(fp_split3.o)
                              c:/program files (x86)/atmel/atmel toolchain/avr8 gcc/native/3.4.1061/avr8-gnu-toolchain/bin/../lib/gcc/avr/4.8.1/../../../../avr/lib/avr5\libm.a(addsf3x.o) (__fp_split3)
c:/program files (x86)/atmel/atmel toolchain/avr8 gcc/native/3.4.1061/avr8-gnu-toolchain/bin/../lib/gcc/avr/4.8.1/../../../../avr/lib/avr5\libm.a(fp_zero.o)
                              c:/program files (x86)/atmel/atmel toolchain/avr8 gcc/native/3.4.1061/avr8-gnu-toolchain/bin/../lib/gcc/avr/4.8.1/../../../../avr/lib/avr5\libm.a(addsf3x.o) (__fp_zero)
c:/program files (x86)/atmel/atmel toolchain/avr8 gcc/native/3.4.1061/avr8-gnu-toolchain/bin/../lib/gcc/avr/4.8.1/../../../../avr/lib/avr5\libm.a(mulsf3.o)
                              common.o (__mulsf3)
c:/program files (x86)/atmel/atmel toolchain/avr8 gcc/native/3.4.1061/avr8-gnu-toolchain/bin/../lib/gcc/avr/4.8.1/../../../../avr/lib/avr5\libm.a(mulsf3x.o)
                              c:/program files (x86)/atmel/atmel toolchain/avr8 gcc/native/3.4.1061/avr8-gnu-toolchain/bin/../lib/gcc/avr/4.8.1/../../../../avr/lib/avr5\libm.a(mulsf3.o) (__mulsf3x)
[...]
Memory Configuration

Name             Origin             Length             Attributes
text             0x00000000         0x00020000         xr
data             0x00800060         0x0000ffa0         rw !x
eeprom           0x00810000         0x00010000         rw !x
fuse             0x00820000         0x00000400         rw !x
lock             0x00830000         0x00000400         rw !x
signature        0x00840000         0x00000400         rw !x
user_signatures  0x00850000         0x00000400         rw !x
*default*        0x00000000         0xffffffff

Linker script and memory map

Address of section .data set to 0x800100
LOAD c:/program files (x86)/atmel/atmel toolchain/avr8 gcc/native/3.4.1061/avr8-gnu-toolchain/bin/../lib/gcc/avr/4.8.1/../../../../avr/lib/avr5/crtm328p.o
LOAD common.o
LOAD Config.o
LOAD libADC.o
LOAD libDebug.o
LOAD libRFM69.o
LOAD libSPI.o
LOAD libTimer.o
LOAD libUART.o
LOAD RTC.o
LOAD Timer.o
LOAD Transceiver.o
LOAD UART.o
LOAD utility/ErrorHandler.o
LOAD utility/FIFO.o
LOAD gui/guiInterface.o
LOAD gui/guiNodes.o
LOAD gui/guiRTC.o
LOAD gui/guiSensor.o
LOAD Interface.o
LOAD libInput.o
LOAD Sensor.o
LOAD Nodes.o
LOAD font_ubuntu_mono.o
LOAD font_ubuntu_mono_large.o
LOAD libDisplay.o
LOAD libDS3234.o
LOAD libNHD223.o
LOAD libUI.o
LOAD main_firmware.o
START GROUP
LOAD c:/program files (x86)/atmel/atmel toolchain/avr8 gcc/native/3.4.1061/avr8-gnu-toolchain/bin/../lib/gcc/avr/4.8.1/../../../../avr/lib/avr5\libm.a
END GROUP
START GROUP
LOAD c:/program files (x86)/atmel/atmel toolchain/avr8 gcc/native/3.4.1061/avr8-gnu-toolchain/bin/../lib/gcc/avr/4.8.1/avr5\libgcc.a
LOAD c:/program files (x86)/atmel/atmel toolchain/avr8 gcc/native/3.4.1061/avr8-gnu-toolchain/bin/../lib/gcc/avr/4.8.1/../../../../avr/lib/avr5\libm.a
LOAD c:/program files (x86)/atmel/atmel toolchain/avr8 gcc/native/3.4.1061/avr8-gnu-toolchain/bin/../lib/gcc/avr/4.8.1/../../../../avr/lib/avr5\libc.a
END GROUP

.hash
 *(.hash)

.dynsym
 *(.dynsym)

.dynstr
 *(.dynstr)

.gnu.version
 *(.gnu.version)

.gnu.version_d
 *(.gnu.version_d)

.gnu.version_r
 *(.gnu.version_r)

.rel.init
 *(.rel.init)

.rela.init
 *(.rela.init)

.rel.text
 *(.rel.text)
 *(.rel.text.*)
 *(.rel.gnu.linkonce.t*)

.rela.text
 *(.rela.text)
 *(.rela.text.*)
 *(.rela.gnu.linkonce.t*)

.rel.fini
 *(.rel.fini)

.rela.fini
 *(.rela.fini)

.rel.rodata
 *(.rel.rodata)
 *(.rel.rodata.*)
 *(.rel.gnu.linkonce.r*)

.rela.rodata
 *(.rela.rodata)
 *(.rela.rodata.*)
 *(.rela.gnu.linkonce.r*)

.rel.data
 *(.rel.data)
 *(.rel.data.*)
 *(.rel.gnu.linkonce.d*)

.rela.data
 *(.rela.data)
 *(.rela.data.*)
 *(.rela.gnu.linkonce.d*)

.rel.ctors
 *(.rel.ctors)

.rela.ctors
 *(.rela.ctors)

.rel.dtors
 *(.rel.dtors)

.rela.dtors
 *(.rela.dtors)

.rel.got
 *(.rel.got)

.rela.got
 *(.rela.got)

.rel.bss
 *(.rel.bss)

.rela.bss
 *(.rela.bss)

.rel.plt
 *(.rel.plt)

.rela.plt
 *(.rela.plt)

.text           0x00000000     0x5dde
 *(.vectors)
 .vectors       0x00000000       0x68 c:/program files (x86)/atmel/atmel toolchain/avr8 gcc/native/3.4.1061/avr8-gnu-toolchain/bin/../lib/gcc/avr/4.8.1/../../../../avr/lib/avr5/crtm328p.o
                0x00000000                __vector_default
                0x00000000                __vectors
 *(.vectors)
 *(.progmem.gcc*)
                0x00000068                . = ALIGN (0x2)
                0x00000068                __trampolines_start = .
 *(.trampolines)
 .trampolines   0x00000068        0x0 linker stubs
 *(.trampolines*)
                0x00000068                __trampolines_end = .
 *(.progmem*)
 .progmem.data.__c.1707
                0x00000068       0x1e common.o
 .progmem.data.__c.1709
                0x00000086        0xe common.o
 .progmem.data.__c.1917
                0x00000094       0x23 Config.o
 .progmem.data.__c.1913
                0x000000b7       0x1e Config.o
 .progmem.data.__c.1915
                0x000000d5       0x38 Config.o
 .progmem.data.__c.1783
                0x0000010d       0x1e libADC.o
 .progmem.data.__c.1785
                0x0000012b       0x17 libADC.o
 .progmem.data.__c.1774
                0x00000142       0x1e libADC.o
 .progmem.data.__c.1776
                0x00000160       0x17 libADC.o
 .progmem.data.__c.1764
                0x00000177       0x1f libADC.o
 .progmem.data.__c.1749
                0x00000196       0x18 libADC.o
 .progmem.data.__c.2158
                0x000001ae       0x18 libDebug.o
 .progmem.data.__c.2524
                0x000001c6       0x20 libRFM69.o
 .progmem.data.__c.2526
                0x000001e6       0x17 libRFM69.o
 .progmem.data.__c.2516
                0x000001fd       0x20 libRFM69.o
 .progmem.data.__c.2518
                0x0000021d       0x17 libRFM69.o
 .progmem.data.__c.2496
                0x00000234       0x20 libRFM69.o
 .progmem.data.__c.2498
                0x00000254       0x20 libRFM69.o
 .progmem.data.__c.2488
                0x00000274       0x20 libRFM69.o
 .progmem.data.__c.2490
                0x00000294       0x18 libRFM69.o
 .progmem.data.__c.2480
                0x000002ac       0x20 libRFM69.o
 .progmem.data.__c.2482
                0x000002cc       0x1c libRFM69.o
 .progmem.data.__c.2426
                0x000002e8       0x2d libRFM69.o
 .progmem.data.__c.2422
                0x00000315       0x2c libRFM69.o
 .progmem.data.__c.2401
                0x00000341       0x20 libRFM69.o
 .progmem.data.__c.2403
                0x00000361       0x27 libRFM69.o
 .progmem.data.__c.2352
                0x00000388       0x3f libRFM69.o
 .progmem.data.__c.2340
                0x000003c7       0x20 libRFM69.o
 .progmem.data.__c.2342
                0x000003e7       0x12 libRFM69.o
 .progmem.data.__c.2335
                0x000003f9       0x1f libRFM69.o
 .progmem.data.__c.2330
                0x00000418       0x20 libRFM69.o
 .progmem.data.__c.2332
                0x00000438       0x1b libRFM69.o
 .progmem.data.__c.2325
                0x00000453       0x1f libRFM69.o
 .progmem.data.__c.2323
                0x00000472       0x15 libRFM69.o
 .progmem.data.__c.2318
                0x00000487       0x20 libRFM69.o
 .progmem.data.__c.2320
                0x000004a7       0x1a libRFM69.o
 .progmem.data.__c.2313
                0x000004c1       0x1d libRFM69.o
 .progmem.data.__c.2308
                0x000004de       0x20 libRFM69.o
 .progmem.data.__c.2310
                0x000004fe       0x1a libRFM69.o
 .progmem.data.__c.2300
                0x00000518       0x20 libRFM69.o
 .progmem.data.__c.2302
                0x00000538       0x39 libRFM69.o
 .progmem.data.__c.2282
                0x00000571       0x20 libRFM69.o
 .progmem.data.__c.2284
                0x00000591        0xe libRFM69.o
 .progmem.data.__c.2233
                0x0000059f       0x16 libRFM69.o
 .progmem.data.__c.2231
                0x000005b5        0xc libRFM69.o
 .progmem.data.__c.2196
                0x000005c1       0x18 libRFM69.o
 .progmem.data.__c.2180
                0x000005d9       0x19 libRFM69.o
 .progmem.data.__c.2163
                0x000005f2       0x1c libRFM69.o
 .progmem.data.__c.2158
                0x0000060e       0x20 libRFM69.o
 .progmem.data.__c.2160
                0x0000062e       0x18 libRFM69.o
 .progmem.data.__c.2109
                0x00000646       0x22 libSPI.o
 .progmem.data.__c.2039
                0x00000668       0x34 libSPI.o
 .progmem.data.__c.2036
                0x0000069c       0x18 libSPI.o
 .progmem.data.__c.2245
                0x000006b4       0x1b RTC.o
 .progmem.data.__c.2247
                0x000006cf        0xd RTC.o
 .progmem.data.__c.2238
                0x000006dc       0x1b RTC.o
 .progmem.data.__c.2240
                0x000006f7       0x11 RTC.o
 .progmem.data.__c.2234
                0x00000708       0x1b RTC.o
 .progmem.data.__c.2236
                0x00000723        0xd RTC.o
 .progmem.data.__c.2225
                0x00000730       0x1b RTC.o
 .progmem.data.__c.2227
                0x0000074b        0xd RTC.o
 .progmem.data.__c.2217
                0x00000758       0x1b RTC.o
 .progmem.data.__c.2219
                0x00000773        0xa RTC.o
 .progmem.data.__c.2211
                0x0000077d       0x1b RTC.o
 .progmem.data.__c.2213
                0x00000798        0xd RTC.o
 .progmem.data.__c.2202
                0x000007a5       0x1b RTC.o
 .progmem.data.__c.2204
                0x000007c0        0xd RTC.o
 .progmem.data.__c.2193
                0x000007cd       0x1b RTC.o
 .progmem.data.__c.2195
                0x000007e8        0xd RTC.o
 .progmem.data.__c.2167
                0x000007f5       0x1b RTC.o
 .progmem.data.__c.2169
                0x00000810        0xe RTC.o
 .progmem.data.__c.2163
                0x0000081e       0x1b RTC.o
 .progmem.data.__c.2165
                0x00000839        0xd RTC.o
 .progmem.data.__c.2141
                0x00000846       0x1b RTC.o
 .progmem.data.__c.2143
                0x00000861        0xd RTC.o
 .progmem.data.__c.2133
                0x0000086e       0x1b RTC.o
 .progmem.data.__c.2135
                0x00000889       0x12 RTC.o
 .progmem.data.__c.2446
                0x0000089b       0x23 Transceiver.o
 .progmem.data.__c.2448
                0x000008be       0x21 Transceiver.o
 .progmem.data.__c.2541
                0x000008df       0x23 Transceiver.o
 .progmem.data.__c.2543
                0x00000902        0xf Transceiver.o
 .progmem.data.__c.2536
                0x00000911       0x10 Transceiver.o
 .progmem.data.__c.2534
                0x00000921       0x12 Transceiver.o
 .progmem.data.__c.2532
                0x00000933        0xe Transceiver.o
 .progmem.data.__c.2529
                0x00000941       0x17 Transceiver.o
 .progmem.data.__c.2527
                0x00000958        0xf Transceiver.o
 .progmem.data.__c.2525
                0x00000967       0x17 Transceiver.o
 .progmem.data.__c.2521
                0x0000097e       0x17 Transceiver.o
 .progmem.data.__c.2564
                0x00000995        0x5 Transceiver.o
 .progmem.data.__c.2562
                0x0000099a        0x4 Transceiver.o
 .progmem.data.__c.2560
                0x0000099e       0x21 Transceiver.o
 .progmem.data.__c.2558
                0x000009bf        0x4 Transceiver.o
 .progmem.data.__c.2556
                0x000009c3        0x4 Transceiver.o
 .progmem.data.__c.2554
                0x000009c7        0x4 Transceiver.o
 .progmem.data.__c.2552
                0x000009cb        0x4 Transceiver.o
 .progmem.data.__c.2550
                0x000009cf        0x4 Transceiver.o
 .progmem.data.__c.2548
                0x000009d3        0x6 Transceiver.o
 .progmem.data.__c.2489
                0x000009d9       0x33 Transceiver.o
 .progmem.data.__c.2486
                0x00000a0c       0x3b Transceiver.o
 .progmem.data.__c.2511
                0x00000a47       0x23 Transceiver.o
 .progmem.data.__c.2513
                0x00000a6a        0xf Transceiver.o
 .progmem.data.__c.2508
                0x00000a79       0x11 Transceiver.o
 .progmem.data.__c.2503
                0x00000a8a       0x1a Transceiver.o
 .progmem.data.__c.2495
                0x00000aa4       0x29 Transceiver.o
 .progmem.data.__c.2423
                0x00000acd       0x23 Transceiver.o
 .progmem.data.__c.2425
                0x00000af0        0xf Transceiver.o
 .progmem.data.__c.2414
                0x00000aff       0x2d Transceiver.o
 .progmem.data.__c.2407
                0x00000b2c       0x24 Transceiver.o
 .progmem.data.__c.1955
                0x00000b50        0x9 utility/ErrorHandler.o
 .progmem.data.__c.1950
                0x00000b59        0x9 utility/ErrorHandler.o
 .progmem.data.__c.1948
                0x00000b62        0xb utility/ErrorHandler.o
 .progmem.data.__c.1946
                0x00000b6d        0x9 utility/ErrorHandler.o
 .progmem.data.__c.1943
                0x00000b76        0x8 utility/ErrorHandler.o
 .progmem.data.__c.1935
                0x00000b7e       0x40 utility/ErrorHandler.o
 .progmem.data.__c.1930
                0x00000bbe       0x24 utility/ErrorHandler.o
 .progmem.data.__c.1918
                0x00000be2       0x1d utility/ErrorHandler.o
 .progmem.data.__c.1920
                0x00000bff       0x10 utility/ErrorHandler.o
 .progmem.data.__c.1914
                0x00000c0f       0x1d utility/ErrorHandler.o
 .progmem.data.__c.1916
                0x00000c2c       0x1f utility/ErrorHandler.o
 .progmem.data.__c.1905
                0x00000c4b       0x1e utility/ErrorHandler.o
 .progmem.data.__c.1809
                0x00000c69       0x30 gui/guiInterface.o
 .progmem.data.__c.2492
                0x00000c99       0x29 gui/guiNodes.o
 .progmem.data.__c.2490
                0x00000cc2        0xc gui/guiNodes.o
 .progmem.data.__c.2488
                0x00000cce        0xf gui/guiNodes.o
 .progmem.data.__c.2486
                0x00000cdd       0x13 gui/guiNodes.o
 .progmem.data.__c.2484
                0x00000cf0       0x15 gui/guiNodes.o
 .progmem.data.__c.2481
                0x00000d05        0x3 gui/guiNodes.o
 .progmem.data.__c.2507
                0x00000d08       0x29 gui/guiNodes.o
 .progmem.data.__c.2505
                0x00000d31        0xa gui/guiNodes.o
 .progmem.data.__c.2503
                0x00000d3b        0x8 gui/guiNodes.o
 .progmem.data.__c.2501
                0x00000d43        0xf gui/guiNodes.o
 .progmem.data.__c.2499
                0x00000d52        0x9 gui/guiNodes.o
 .progmem.data.__c.2469
                0x00000d5b       0x12 gui/guiNodes.o
 .progmem.data.__c.2471
                0x00000d6d       0x37 gui/guiNodes.o
 .progmem.data.__c.2213
                0x00000da4        0xa gui/guiRTC.o
 .progmem.data.__c.2221
                0x00000dae        0xf gui/guiRTC.o
 .progmem.data.__c.2219
                0x00000dbd       0x11 gui/guiRTC.o
 .progmem.data.__c.2206
                0x00000dce       0x18 gui/guiRTC.o
 .progmem.data.__c.2130
                0x00000de6       0x10 gui/guiSensor.o
 .progmem.data.__c.2128
                0x00000df6       0x14 gui/guiSensor.o
 .progmem.data.__c.2121
                0x00000e0a        0x9 gui/guiSensor.o
 .progmem.data.__c.2119
                0x00000e13        0x9 gui/guiSensor.o
 .progmem.data.__c.2117
                0x00000e1c        0x9 gui/guiSensor.o
 .progmem.data.__c.2115
                0x00000e25        0x9 gui/guiSensor.o
 .progmem.data.__c.2109
                0x00000e2e       0x14 gui/guiSensor.o
 .progmem.data.__c.2107
                0x00000e42       0x14 gui/guiSensor.o
 .progmem.data.__c.2008
                0x00000e56       0x30 Interface.o
 .progmem.data.__c.2005
                0x00000e86       0x25 Interface.o
 .progmem.data.__c.1987
                0x00000eab       0x18 Interface.o
 .progmem.data.__c.2062
                0x00000ec3        0x7 libInput.o
 .progmem.data.__c.2054
                0x00000eca        0x7 libInput.o
 .progmem.data.__c.2052
                0x00000ed1        0x8 libInput.o
 .progmem.data.__c.2036
                0x00000ed9       0x18 libInput.o
 .progmem.data.__c.1979
                0x00000ef1        0xe Sensor.o
 .progmem.data.__c.1981
                0x00000eff        0xf Sensor.o
 .progmem.data.__c.1954
                0x00000f0e       0x41 Sensor.o
 .progmem.data.__c.1947
                0x00000f4f       0x18 Sensor.o
 .progmem.data.__c.1945
                0x00000f67       0x16 Sensor.o
 .progmem.data.mf52_table
                0x00000f7d       0x3a Sensor.o
 .progmem.data.__c.2231
                0x00000fb7        0xd Nodes.o
 .progmem.data.__c.2233
                0x00000fc4       0x15 Nodes.o
 .progmem.data.__c.2247
                0x00000fd9       0x11 Nodes.o
 .progmem.data.__c.2243
                0x00000fea        0xd Nodes.o
 .progmem.data.__c.2245
                0x00000ff7       0x15 Nodes.o
 .progmem.data.__c.2238
                0x0000100c        0xd Nodes.o
 .progmem.data.__c.2240
                0x00001019        0xf Nodes.o
 .progmem.data.ubuntuMono_10ptDescriptors
                0x00001028      0x11a font_ubuntu_mono.o
                0x00001028                ubuntuMono_10ptDescriptors
 .progmem.data.ubuntuMono_10ptBitmaps
                0x00001142      0x40a font_ubuntu_mono.o
                0x00001142                ubuntuMono_10ptBitmaps
 .progmem.data.__c.1962
                0x0000154c       0x18 libDS3234.o
 .progmem.data.__c.2836
                0x00001564       0x15 main_firmware.o
 .progmem.data.__c.2838
                0x00001579       0x12 main_firmware.o
 .progmem.data.__c.2834
                0x0000158b       0x2a main_firmware.o
 .progmem.data.__c.2830
                0x000015b5       0x20 main_firmware.o
 .progmem.data.__c.2818
                0x000015d5       0x14 main_firmware.o
 .progmem.data.__c.2816
                0x000015e9       0x12 main_firmware.o
 .progmem.data.__c.2814
                0x000015fb       0x1c main_firmware.o
 .progmem.data.__c.2812
                0x00001617       0x21 main_firmware.o
 .progmem.data.__c.2809
                0x00001638       0x20 main_firmware.o
                0x00001658                . = ALIGN (0x2)
 *(.jumptables)
 *(.jumptables*)
 *(.lowtext)
 *(.lowtext*)
                0x00001658                __ctors_start = .
 *(.ctors)
                0x00001658                __ctors_end = .
                0x00001658                __dtors_start = .
 *(.dtors)
                0x00001658                __dtors_end = .
 SORT(*)(.ctors)
 SORT(*)(.dtors)
 *(.init0)
 .init0         0x00001658        0x0 c:/program files (x86)/atmel/atmel toolchain/avr8 gcc/native/3.4.1061/avr8-gnu-toolchain/bin/../lib/gcc/avr/4.8.1/../../../../avr/lib/avr5/crtm328p.o
                0x00001658                __init
 *(.init0)
 *(.init1)
 .init1         0x00001658       0x14 common.o
                0x00001658                StackPaint
 *(.init1)
 *(.init2)
 .init2         0x0000166c        0xc c:/program files (x86)/atmel/atmel toolchain/avr8 gcc/native/3.4.1061/avr8-gnu-toolchain/bin/../lib/gcc/avr/4.8.1/../../../../avr/lib/avr5/crtm328p.o
 *(.init2)
 *(.init3)
 *(.init3)
 *(.init4)
 .init4         0x00001678       0x16 c:/program files (x86)/atmel/atmel toolchain/avr8 gcc/native/3.4.1061/avr8-gnu-toolchain/bin/../lib/gcc/avr/4.8.1/avr5\libgcc.a(_copy_data.o)
                0x00001678                __do_copy_data
 .init4         0x0000168e       0x10 c:/program files (x86)/atmel/atmel toolchain/avr8 gcc/native/3.4.1061/avr8-gnu-toolchain/bin/../lib/gcc/avr/4.8.1/avr5\libgcc.a(_clear_bss.o)
                0x0000168e                __do_clear_bss
 *(.init4)
 *(.init5)
 *(.init5)
 *(.init6)
 *(.init6)
 *(.init7)
 *(.init7)
 *(.init8)
 *(.init8)
 *(.init9)
 .init9         0x0000169e        0x8 c:/program files (x86)/atmel/atmel toolchain/avr8 gcc/native/3.4.1061/avr8-gnu-toolchain/bin/../lib/gcc/avr/4.8.1/../../../../avr/lib/avr5/crtm328p.o
 *(.init9)
 *(.text)
 .text          0x000016a6        0x4 c:/program files (x86)/atmel/atmel toolchain/avr8 gcc/native/3.4.1061/avr8-gnu-toolchain/bin/../lib/gcc/avr/4.8.1/../../../../avr/lib/avr5/crtm328p.o
                0x000016a6                __vector_22
                0x000016a6                __vector_1
                0x000016a6                __vector_24
                0x000016a6                __vector_12
                0x000016a6                __bad_interrupt
                0x000016a6                __vector_6
                0x000016a6                __vector_3
                0x000016a6                __vector_23
                0x000016a6                __vector_25
                0x000016a6                __vector_11
                0x000016a6                __vector_13
                0x000016a6                __vector_17
                0x000016a6                __vector_7
                0x000016a6                __vector_5
                0x000016a6                __vector_4
                0x000016a6                __vector_9
                0x000016a6                __vector_2
                0x000016a6                __vector_21
                0x000016a6                __vector_15
                0x000016a6                __vector_8
                0x000016a6                __vector_10
                0x000016a6                __vector_16
                0x000016a6                __vector_20
                0x000016aa                . = ALIGN (0x2)
 *(.text.*)
 .text.FloatToParts
                0x000016aa       0x7c common.o
                0x000016aa                FloatToParts
 .text.GetExponentialMovingAverage
                0x00001726       0x62 common.o
                0x00001726                GetExponentialMovingAverage
 .text.BCDToDecimal
                0x00001788       0x16 common.o
                0x00001788                BCDToDecimal
 .text.SetBit   0x0000179e       0x52 common.o
                0x0000179e                SetBit
 .text.StackCount
                0x000017f0       0x3e common.o
                0x000017f0                StackCount
 .text.Config_Load
                0x0000182e       0x98 Config.o
                0x0000182e                Config_Load
 .text.Config_GetNetworkId
                0x000018c6        0x6 Config.o
                0x000018c6                Config_GetNetworkId
 .text.Config_GetNodeId
                0x000018cc        0x6 Config.o
                0x000018cc                Config_GetNodeId
 .text.Config_GetNodeRole
                0x000018d2        0x6 Config.o
                0x000018d2                Config_GetNodeRole
 .text.libADC_Init
                0x000018d8       0x4e libADC.o
                0x000018d8                libADC_Init
 .text.libADC_Update
                0x00001926      0x116 libADC.o
                0x00001926                libADC_Update
 .text.libADC_Enable
                0x00001a3c       0x26 libADC.o
                0x00001a3c                libADC_Enable
 .text.libADC_EnableInput
                0x00001a62       0x2e libADC.o
                0x00001a62                libADC_EnableInput
 .text.libADC_GetSample
                0x00001a90       0x70 libADC.o
                0x00001a90                libADC_GetSample
 .text.libDebug_Print_P
                0x00001b00       0x6c libDebug.o
                0x00001b00                libDebug_Print_P
 .text.libDebug_Init
                0x00001b6c       0x28 libDebug.o
                0x00001b6c                libDebug_Init
 .text.PostCallback
                0x00001b94        0x4 libRFM69.o
 .text.PreCallback
                0x00001b98        0xa libRFM69.o
 .text.libRFM69_InitHW
                0x00001ba2        0x6 libRFM69.o
                0x00001ba2                libRFM69_InitHW
 .text.libRFM69_Reset
                0x00001ba8       0x22 libRFM69.o
                0x00001ba8                libRFM69_Reset
 .text.libRFM69_Init
                0x00001bca       0x16 libRFM69.o
                0x00001bca                libRFM69_Init
 .text.libRFM69_WriteRegister
                0x00001be0       0x38 libRFM69.o
                0x00001be0                libRFM69_WriteRegister
 .text.libRFM69_ClearFIFO
                0x00001c18       0x26 libRFM69.o
                0x00001c18                libRFM69_ClearFIFO
 .text.libRFM69_SetRSSIThreshold
                0x00001c3e        0xe libRFM69.o
                0x00001c3e                libRFM69_SetRSSIThreshold
 .text.libRFM69_SetCarrierFrequency
                0x00001c4c       0x9c libRFM69.o
                0x00001c4c                libRFM69_SetCarrierFrequency
 .text.libRFM69_SetBitRate
                0x00001ce8       0x38 libRFM69.o
                0x00001ce8                libRFM69_SetBitRate
 .text.libRFM69_SetNodeAddress
                0x00001d20        0xa libRFM69.o
                0x00001d20                libRFM69_SetNodeAddress
 .text.libRFM69_SetBroadcastAddress
                0x00001d2a        0xa libRFM69.o
                0x00001d2a                libRFM69_SetBroadcastAddress
 .text.libRFM69_SetFrequencyDeviation
                0x00001d34       0x8a libRFM69.o
                0x00001d34                libRFM69_SetFrequencyDeviation
 .text.libRFM69_SetPreambleLength
                0x00001dbe       0x18 libRFM69.o
                0x00001dbe                libRFM69_SetPreambleLength
 .text.libRFM69_ReadRegister
                0x00001dd6       0x3c libRFM69.o
                0x00001dd6                libRFM69_ReadRegister
 .text.libRFM69_IsFIFOFull
                0x00001e12       0x28 libRFM69.o
                0x00001e12                libRFM69_IsFIFOFull
 .text.libRFM69_WriteToFIFO
                0x00001e3a       0x6c libRFM69.o
                0x00001e3a                libRFM69_WriteToFIFO
 .text.libRFM69_EnableCRCAutoClear
                0x00001ea6       0x3c libRFM69.o
                0x00001ea6                libRFM69_EnableCRCAutoClear
 .text.libRFM69_EnableCRC
                0x00001ee2       0x3a libRFM69.o
                0x00001ee2                libRFM69_EnableCRC
 .text.libRFM69_GetMode
                0x00001f1c       0x26 libRFM69.o
                0x00001f1c                libRFM69_GetMode
 .text.libRFM69_SetMode
                0x00001f42       0x36 libRFM69.o
                0x00001f42                libRFM69_SetMode
 .text.libRFM69_IsModeReady
                0x00001f78       0x26 libRFM69.o
                0x00001f78                libRFM69_IsModeReady
 .text.libRFM69_WaitForModeReady
                0x00001f9e       0x58 libRFM69.o
                0x00001f9e                libRFM69_WaitForModeReady
 .text.libRFM69_EnableListenMode
                0x00001ff6       0x32 libRFM69.o
                0x00001ff6                libRFM69_EnableListenMode
 .text.libRFM69_EnableSequencer
                0x00002028       0x34 libRFM69.o
                0x00002028                libRFM69_EnableSequencer
 .text.libRFM69_EnableEncryption
                0x0000205c       0x3a libRFM69.o
                0x0000205c                libRFM69_EnableEncryption
 .text.libRFM69_SetPacketFormat
                0x00002096       0x40 libRFM69.o
                0x00002096                libRFM69_SetPacketFormat
 .text.libRFM69_SetTXStartCondition
                0x000020d6       0x40 libRFM69.o
                0x000020d6                libRFM69_SetTXStartCondition
 .text.libRFM69_RestartRx
                0x00002116       0x2a libRFM69.o
                0x00002116                libRFM69_RestartRx
 .text.libRFM69_SetPacketRxDelay
                0x00002140       0x3a libRFM69.o
                0x00002140                libRFM69_SetPacketRxDelay
 .text.libRFM69_SetAddressFiltering
                0x0000217a       0x48 libRFM69.o
                0x0000217a                libRFM69_SetAddressFiltering
 .text.libRFM69_SetDataMode
                0x000021c2       0x3a libRFM69.o
                0x000021c2                libRFM69_SetDataMode
 .text.libRFM69_SetModulationType
                0x000021fc       0x4c libRFM69.o
                0x000021fc                libRFM69_SetModulationType
 .text.libRFM69_SetModulationShaping
                0x00002248       0x5e libRFM69.o
                0x00002248                libRFM69_SetModulationShaping
 .text.libRFM69_SetPowerAmplifierMode
                0x000022a6       0x78 libRFM69.o
                0x000022a6                libRFM69_SetPowerAmplifierMode
 .text.libRFM69_SetPowerLevel
                0x0000231e       0x46 libRFM69.o
                0x0000231e                libRFM69_SetPowerLevel
 .text.libRFM69_EnableOCP
                0x00002364       0x3a libRFM69.o
                0x00002364                libRFM69_EnableOCP
 .text.libRFM69_SetSyncWordSize
                0x0000239e       0x5c libRFM69.o
                0x0000239e                libRFM69_SetSyncWordSize
 .text.libRFM69_GetSyncWordSize
                0x000023fa       0x2a libRFM69.o
                0x000023fa                libRFM69_GetSyncWordSize
 .text.libRFM69_SetSyncWord
                0x00002424       0xa0 libRFM69.o
                0x00002424                libRFM69_SetSyncWord
 .text.libRFM69_EnableSyncWordGeneration
                0x000024c4       0x3a libRFM69.o
                0x000024c4                libRFM69_EnableSyncWordGeneration
 .text.libRFM69_SetFIFOFillCondition
                0x000024fe       0x40 libRFM69.o
                0x000024fe                libRFM69_SetFIFOFillCondition
 .text.libRFM69_SetClockOutFrequency
                0x0000253e       0x44 libRFM69.o
                0x0000253e                libRFM69_SetClockOutFrequency
 .text.libRFM69_SetLNAGain
                0x00002582       0x44 libRFM69.o
                0x00002582                libRFM69_SetLNAGain
 .text.libRFM69_SetLNAInputImpedance
                0x000025c6       0x54 libRFM69.o
                0x000025c6                libRFM69_SetLNAInputImpedance
 .text.libRFM69_EnableAFCLowBeta
                0x0000261a       0x3a libRFM69.o
                0x0000261a                libRFM69_EnableAFCLowBeta
 .text.libRFM69_IsAFCLowBetaEnabled
                0x00002654       0x26 libRFM69.o
                0x00002654                libRFM69_IsAFCLowBetaEnabled
 .text.libRFM69_EnableContinuousDAGC
                0x0000267a       0x1e libRFM69.o
                0x0000267a                libRFM69_EnableContinuousDAGC
 .text.libRFM69_IsTxReady
                0x00002698       0x26 libRFM69.o
                0x00002698                libRFM69_IsTxReady
 .text.libRFM69_IsOCPEnabled
                0x000026be       0x26 libRFM69.o
                0x000026be                libRFM69_IsOCPEnabled
 .text.libRFM69_EnableHighPowerSetting
                0x000026e4       0x4c libRFM69.o
                0x000026e4                libRFM69_EnableHighPowerSetting
 .text.libRFM69_IsPayloadReady
                0x00002730       0x26 libRFM69.o
                0x00002730                libRFM69_IsPayloadReady
 .text.libRFM69_IsPacketSent
                0x00002756       0x26 libRFM69.o
                0x00002756                libRFM69_IsPacketSent
 .text.libRFM69_IsFIFONotEmpty
                0x0000277c       0x26 libRFM69.o
                0x0000277c                libRFM69_IsFIFONotEmpty
 .text.libRFM69_ReadFromFIFO
                0x000027a2       0x34 libRFM69.o
                0x000027a2                libRFM69_ReadFromFIFO
 .text.libSPI_WriteByte
                0x000027d6       0x2c libSPI.o
                0x000027d6                libSPI_WriteByte
 .text.libSPI_ReadByte
                0x00002802       0x36 libSPI.o
                0x00002802                libSPI_ReadByte
 .text.libSPI_SetMaster
                0x00002838       0x14 libSPI.o
                0x00002838                libSPI_SetMaster
 .text.libSPI_SetMode
                0x0000284c       0x64 libSPI.o
                0x0000284c                libSPI_SetMode
 .text.libSPI_Init
                0x000028b0       0x72 libSPI.o
                0x000028b0                libSPI_Init
 .text.__vector_14
                0x00002922       0x4a libTimer.o
                0x00002922                __vector_14
 .text.libTimer_Init
                0x0000296c       0x2e libTimer.o
                0x0000296c                libTimer_Init
 .text.libTimer_GetMilliseconds
                0x0000299a       0x18 libTimer.o
                0x0000299a                libTimer_GetMilliseconds
 .text.__vector_18
                0x000029b2       0x6c libUART.o
                0x000029b2                __vector_18
 .text.__vector_19
                0x00002a1e       0x7c libUART.o
                0x00002a1e                __vector_19
 .text.libUART_Init
                0x00002a9a        0x8 libUART.o
                0x00002a9a                libUART_Init
 .text.libUART_SetCallbacks
                0x00002aa2       0x12 libUART.o
                0x00002aa2                libUART_SetCallbacks
 .text.libUART_Enable
                0x00002ab4       0x1c libUART.o
                0x00002ab4                libUART_Enable
 .text.libUART_StartTx
                0x00002ad0        0xc libUART.o
                0x00002ad0                libUART_StartTx
 .text.libUART_SetBaudRate
                0x00002adc       0x84 libUART.o
                0x00002adc                libUART_SetBaudRate
 .text.RTC_GetCurrentTime
                0x00002b60       0x4e RTC.o
                0x00002b60                RTC_GetCurrentTime
 .text.RTC_IsDaylightSavingActive
                0x00002bae       0x90 RTC.o
                0x00002bae                RTC_IsDaylightSavingActive
 .text.RTC_IsLeapYear
                0x00002c3e       0x6e RTC.o
                0x00002c3e                RTC_IsLeapYear
 .text.RTC_AddYears
                0x00002cac       0x32 RTC.o
                0x00002cac                RTC_AddYears
 .text.RTC_AddMonths
                0x00002cde       0x38 RTC.o
                0x00002cde                RTC_AddMonths
 .text.RTC_AddDays
                0x00002d16       0x82 RTC.o
                0x00002d16                RTC_AddDays
 .text.RTC_AddHours
                0x00002d98       0x38 RTC.o
                0x00002d98                RTC_AddHours
 .text.RTC_AddMinutes
                0x00002dd0       0x38 RTC.o
                0x00002dd0                RTC_AddMinutes
 .text.RTC_ConvertToTimestamp
                0x00002e08      0x18a RTC.o
                0x00002e08                RTC_ConvertToTimestamp
 .text.RTC_GetTimeStamp
                0x00002f92       0x64 RTC.o
                0x00002f92                RTC_GetTimeStamp
 .text.Timer_TimeDifference
                0x00002ff6       0x46 Timer.o
                0x00002ff6                Timer_TimeDifference
 .text.DumpPacket
                0x0000303c       0xee Transceiver.o
 .text.HandlePayload
                0x0000312a       0xd0 Transceiver.o
 .text.Transceiver_Init
                0x000031fa      0x124 Transceiver.o
                0x000031fa                Transceiver_Init
 .text.Transceiver_Update
                0x0000331e      0x2ce Transceiver.o
                0x0000331e                Transceiver_Update
 .text.Transceiver_SetPacketHandler
                0x000035ec       0x26 Transceiver.o
                0x000035ec                Transceiver_SetPacketHandler
 .text.AddToRXBuffer
                0x00003612        0xc UART.o
                0x00003612                AddToRXBuffer
 .text.GetFromTXBuffer
                0x0000361e        0xc UART.o
                0x0000361e                GetFromTXBuffer
 .text.UART_Init
                0x0000362a       0x42 UART.o
                0x0000362a                UART_Init
 .text.UART_Enable
                0x0000366c        0x6 UART.o
                0x0000366c                UART_Enable
 .text.UART_Write
                0x00003672       0x56 UART.o
                0x00003672                UART_Write
 .text.ErrorHandler_PointOfNoReturn
                0x000036c8       0x2e utility/ErrorHandler.o
                0x000036c8                ErrorHandler_PointOfNoReturn
 .text.ErrorHandler_AssertFail
                0x000036f6       0x62 utility/ErrorHandler.o
                0x000036f6                ErrorHandler_AssertFail
 .text.ErrorHandler_Init
                0x00003758       0xcc utility/ErrorHandler.o
                0x00003758                ErrorHandler_Init
 .text.ErrorHandler_LogError
                0x00003824       0xd8 utility/ErrorHandler.o
                0x00003824                ErrorHandler_LogError
 .text.ErrorHandler_DumpLog
                0x000038fc      0x112 utility/ErrorHandler.o
                0x000038fc                ErrorHandler_DumpLog
 .text.FIFO_Pop
                0x00003a0e       0x4a utility/FIFO.o
                0x00003a0e                FIFO_Pop
 .text.FIFO_IsFull
                0x00003a58       0x2c utility/FIFO.o
                0x00003a58                FIFO_IsFull
 .text.FIFO_Push
                0x00003a84       0x58 utility/FIFO.o
                0x00003a84                FIFO_Push
 .text.guiInterface_DrawViewIndicator
                0x00003adc       0x4c gui/guiInterface.o
                0x00003adc                guiInterface_DrawViewIndicator
 .text.DrawDetailedNodeView
                0x00003b28       0xb8 gui/guiNodes.o
 .text.DrawNodeView
                0x00003be0      0x150 gui/guiNodes.o
 .text.guiNodes_Init
                0x00003d30      0x11c gui/guiNodes.o
                0x00003d30                guiNodes_Init
 .text.AdjustTimeForView
                0x00003e4c       0x3e gui/guiRTC.o
 .text.DrawDetailedTimeView
                0x00003e8a       0x86 gui/guiRTC.o
 .text.DrawClockView
                0x00003f10       0x5a gui/guiRTC.o
 .text.guiRTC_Init
                0x00003f6a       0x9a gui/guiRTC.o
                0x00003f6a                guiRTC_Init
 .text.guiSensor_DrawSensorInformation
                0x00004004       0x4a gui/guiSensor.o
                0x00004004                guiSensor_DrawSensorInformation
 .text.guiSensor_DrawDetailedTemperatureView
                0x0000404e      0x106 gui/guiSensor.o
                0x0000404e                guiSensor_DrawDetailedTemperatureView
 .text.guiSensor_DrawTemperatureView
                0x00004154       0xc6 gui/guiSensor.o
                0x00004154                guiSensor_DrawTemperatureView
 .text.guiSensor_Init
                0x0000421a       0xa6 gui/guiSensor.o
                0x0000421a                guiSensor_Init
 .text.Interface_Init
                0x000042c0       0x44 Interface.o
                0x000042c0                Interface_Init
 .text.Interface_Update
                0x00004304       0xc6 Interface.o
                0x00004304                Interface_Update
 .text.Interface_AddSibling
                0x000043ca       0x2a Interface.o
                0x000043ca                Interface_AddSibling
 .text.Interface_AddView
                0x000043f4       0x70 Interface.o
                0x000043f4                Interface_AddView
 .text.Interface_AddChild
                0x00004464       0x38 Interface.o
                0x00004464                Interface_AddChild
 .text.Interface_PreviousView
                0x0000449c       0x38 Interface.o
                0x0000449c                Interface_PreviousView
 .text.Interface_NextView
                0x000044d4       0x38 Interface.o
                0x000044d4                Interface_NextView
 .text.Interface_ActivateView
                0x0000450c       0x4a Interface.o
                0x0000450c                Interface_ActivateView
 .text.libInput_Init
                0x00004556       0x44 libInput.o
                0x00004556                libInput_Init
 .text.libInput_SetCallbacks
                0x0000459a       0x1a libInput.o
                0x0000459a                libInput_SetCallbacks
 .text.DirectionCheckAndTrigger
                0x000045b4       0x44 libInput.o
                0x000045b4                DirectionCheckAndTrigger
 .text.PushCheckAndTrigger
                0x000045f8       0x64 libInput.o
                0x000045f8                PushCheckAndTrigger
 .text.libInput_Update
                0x0000465c       0x2c libInput.o
                0x0000465c                libInput_Update
 .text.Sensor_Init
                0x00004688       0x56 Sensor.o
                0x00004688                Sensor_Init
 .text.Sensor_SaveReading
                0x000046de       0x12 Sensor.o
                0x000046de                Sensor_SaveReading
 .text.Sensor_GetReading
                0x000046f0       0x32 Sensor.o
                0x000046f0                Sensor_GetReading
 .text.Sensor_GetSensorValue
                0x00004722       0xf6 Sensor.o
                0x00004722                Sensor_GetSensorValue
 .text.Sensor_Update
                0x00004818      0x124 Sensor.o
                0x00004818                Sensor_Update
 .text.ReadingPacketHandler
                0x0000493c       0x84 Nodes.o
 .text.Nodes_Init
                0x000049c0       0x2c Nodes.o
                0x000049c0                Nodes_Init
 .text.Nodes_GetLatestData
                0x000049ec       0x74 Nodes.o
                0x000049ec                Nodes_GetLatestData
 .text.libDisplay_On
                0x00004a60        0x2 libDisplay.o
                0x00004a60                libDisplay_On
 .text.libDisplay_SetPixel
                0x00004a62       0x56 libDisplay.o
                0x00004a62                libDisplay_SetPixel
 .text.libDisplay_ClearVRAM
                0x00004ab8       0x16 libDisplay.o
                0x00004ab8                libDisplay_ClearVRAM
 .text.libDisplay_Init
                0x00004ace        0xa libDisplay.o
                0x00004ace                libDisplay_Init
 .text.libDisplay_DumpVRAMToUART
                0x00004ad8       0x86 libDisplay.o
                0x00004ad8                libDisplay_DumpVRAMToUART
 .text.libDisplay_Flush
                0x00004b5e        0x6 libDisplay.o
                0x00004b5e                libDisplay_Flush
 .text.PostCallback
                0x00004b64        0x4 libDS3234.o
 .text.WriteRegister
                0x00004b68       0x2e libDS3234.o
 .text.PreCallback
                0x00004b96        0xa libDS3234.o
 .text.ReadRegister
                0x00004ba0       0x30 libDS3234.o
 .text.GetDecimalRegisterValue
                0x00004bd0       0x3a libDS3234.o
 .text.libDS3234_InitHW
                0x00004c0a        0x6 libDS3234.o
                0x00004c0a                libDS3234_InitHW
 .text.libDS3234_Init
                0x00004c10       0x2a libDS3234.o
                0x00004c10                libDS3234_Init
 .text.libDS3234_GetYear
                0x00004c3a        0xa libDS3234.o
                0x00004c3a                libDS3234_GetYear
 .text.libDS3234_GetMonth
                0x00004c44       0x3e libDS3234.o
                0x00004c44                libDS3234_GetMonth
 .text.libDS3234_GetDate
                0x00004c82        0xa libDS3234.o
                0x00004c82                libDS3234_GetDate
 .text.libDS3234_GetDay
                0x00004c8c        0xa libDS3234.o
                0x00004c8c                libDS3234_GetDay
 .text.libDS3234_GetHour
                0x00004c96       0x3c libDS3234.o
                0x00004c96                libDS3234_GetHour
 .text.libDS3234_GetMinutes
                0x00004cd2        0xa libDS3234.o
                0x00004cd2                libDS3234_GetMinutes
 .text.libDS3234_GetSeconds
                0x00004cdc        0xa libDS3234.o
                0x00004cdc                libDS3234_GetSeconds
 .text.libDS3234_WriteToSRAM
                0x00004ce6       0x56 libDS3234.o
                0x00004ce6                libDS3234_WriteToSRAM
 .text.libDS3234_ReadFromSRAM
                0x00004d3c       0x58 libDS3234.o
                0x00004d3c                libDS3234_ReadFromSRAM
 .text.libUI_Update
                0x00004d94        0x6 libUI.o
                0x00004d94                libUI_Update
 .text.libUI_SetFont
                0x00004d9a        0xa libUI.o
                0x00004d9a                libUI_SetFont
 .text.libUI_DrawLine
                0x00004da4       0xe8 libUI.o
                0x00004da4                libUI_DrawLine
 .text.libUI_DrawRectangle
                0x00004e8c       0x4a libUI.o
                0x00004e8c                libUI_DrawRectangle
 .text.libUI_PrintText
                0x00004ed6      0x1b0 libUI.o
                0x00004ed6                libUI_PrintText
 .text.libUI_Print_P
                0x00005086       0x4a libUI.o
                0x00005086                libUI_Print_P
 .text.CheckHealth
                0x000050d0       0xc8 main_firmware.o
                0x000050d0                CheckHealth
 .text.main     0x00005198      0x11c main_firmware.o
                0x00005198                main
 .text.avr-libc.fplib
                0x000052b4        0xa c:/program files (x86)/atmel/atmel toolchain/avr8 gcc/native/3.4.1061/avr8-gnu-toolchain/bin/../lib/gcc/avr/4.8.1/../../../../avr/lib/avr5\libm.a(addsf3.o)
                0x000052b4                __subsf3
                0x000052b6                __addsf3
 .text.avr-libc.fplib
                0x000052be       0xc0 c:/program files (x86)/atmel/atmel toolchain/avr8 gcc/native/3.4.1061/avr8-gnu-toolchain/bin/../lib/gcc/avr/4.8.1/../../../../avr/lib/avr5\libm.a(addsf3x.o)
                0x000052d8                __addsf3x
 .text.avr-libc.fplib
                0x0000537e        0x4 c:/program files (x86)/atmel/atmel toolchain/avr8 gcc/native/3.4.1061/avr8-gnu-toolchain/bin/../lib/gcc/avr/4.8.1/../../../../avr/lib/avr5\libm.a(divsf3.o)
                0x0000537e                __divsf3
 .text.avr-libc.fplib
                0x00005382       0xcc c:/program files (x86)/atmel/atmel toolchain/avr8 gcc/native/3.4.1061/avr8-gnu-toolchain/bin/../lib/gcc/avr/4.8.1/../../../../avr/lib/avr5\libm.a(divsf3x.o)
                0x00005398                __divsf3x
                0x0000539c                __divsf3_pse
 .text.avr-libc.fplib
                0x0000544e        0xa c:/program files (x86)/atmel/atmel toolchain/avr8 gcc/native/3.4.1061/avr8-gnu-toolchain/bin/../lib/gcc/avr/4.8.1/../../../../avr/lib/avr5\libm.a(fixsfsi.o)
                0x0000544e                __fixsfsi
 .text.avr-libc.fplib
                0x00005458       0x58 c:/program files (x86)/atmel/atmel toolchain/avr8 gcc/native/3.4.1061/avr8-gnu-toolchain/bin/../lib/gcc/avr/4.8.1/../../../../avr/lib/avr5\libm.a(fixunssfsi.o)
                0x00005458                __fixunssfsi
 .text.avr-libc.fplib
                0x000054b0       0x7a c:/program files (x86)/atmel/atmel toolchain/avr8 gcc/native/3.4.1061/avr8-gnu-toolchain/bin/../lib/gcc/avr/4.8.1/../../../../avr/lib/avr5\libm.a(floatsisf.o)
                0x000054b0                __floatunsisf
                0x000054b4                __floatsisf
 .text.avr-libc.fplib
                0x0000552a        0xc c:/program files (x86)/atmel/atmel toolchain/avr8 gcc/native/3.4.1061/avr8-gnu-toolchain/bin/../lib/gcc/avr/4.8.1/../../../../avr/lib/avr5\libm.a(fp_inf.o)
                0x0000552a                __fp_inf
 .text.avr-libc.fplib
                0x00005536        0x6 c:/program files (x86)/atmel/atmel toolchain/avr8 gcc/native/3.4.1061/avr8-gnu-toolchain/bin/../lib/gcc/avr/4.8.1/../../../../avr/lib/avr5\libm.a(fp_nan.o)
                0x00005536                __fp_nan
 .text.avr-libc.fplib
                0x0000553c        0xe c:/program files (x86)/atmel/atmel toolchain/avr8 gcc/native/3.4.1061/avr8-gnu-toolchain/bin/../lib/gcc/avr/4.8.1/../../../../avr/lib/avr5\libm.a(fp_pscA.o)
                0x0000553c                __fp_pscA
 .text.avr-libc.fplib
                0x0000554a        0xe c:/program files (x86)/atmel/atmel toolchain/avr8 gcc/native/3.4.1061/avr8-gnu-toolchain/bin/../lib/gcc/avr/4.8.1/../../../../avr/lib/avr5\libm.a(fp_pscB.o)
                0x0000554a                __fp_pscB
 .text.avr-libc.fplib
                0x00005558       0x22 c:/program files (x86)/atmel/atmel toolchain/avr8 gcc/native/3.4.1061/avr8-gnu-toolchain/bin/../lib/gcc/avr/4.8.1/../../../../avr/lib/avr5\libm.a(fp_round.o)
                0x00005558                __fp_round
 .text.avr-libc.fplib
                0x0000557a       0x44 c:/program files (x86)/atmel/atmel toolchain/avr8 gcc/native/3.4.1061/avr8-gnu-toolchain/bin/../lib/gcc/avr/4.8.1/../../../../avr/lib/avr5\libm.a(fp_split3.o)
                0x0000557a                __fp_split3
                0x0000558a                __fp_splitA
 .text.avr-libc.fplib
                0x000055be        0xe c:/program files (x86)/atmel/atmel toolchain/avr8 gcc/native/3.4.1061/avr8-gnu-toolchain/bin/../lib/gcc/avr/4.8.1/../../../../avr/lib/avr5\libm.a(fp_zero.o)
                0x000055be                __fp_zero
                0x000055c0                __fp_szero
 .text.avr-libc.fplib
                0x000055cc        0x4 c:/program files (x86)/atmel/atmel toolchain/avr8 gcc/native/3.4.1061/avr8-gnu-toolchain/bin/../lib/gcc/avr/4.8.1/../../../../avr/lib/avr5\libm.a(mulsf3.o)
                0x000055cc                __mulsf3
 .text.avr-libc.fplib
                0x000055d0       0xc2 c:/program files (x86)/atmel/atmel toolchain/avr8 gcc/native/3.4.1061/avr8-gnu-toolchain/bin/../lib/gcc/avr/4.8.1/../../../../avr/lib/avr5\libm.a(mulsf3x.o)
                0x000055e4                __mulsf3x
                0x000055e8                __mulsf3_pse
 .text.libgcc.mul
                0x00005692       0x20 c:/program files (x86)/atmel/atmel toolchain/avr8 gcc/native/3.4.1061/avr8-gnu-toolchain/bin/../lib/gcc/avr/4.8.1/avr5\libgcc.a(_mulsi3.o)
                0x00005692                __mulsi3
 .text.libgcc.div
                0x000056b2       0x28 c:/program files (x86)/atmel/atmel toolchain/avr8 gcc/native/3.4.1061/avr8-gnu-toolchain/bin/../lib/gcc/avr/4.8.1/avr5\libgcc.a(_udivmodhi4.o)
                0x000056b2                __udivmodhi4
 .text.libgcc.div
                0x000056da       0x28 c:/program files (x86)/atmel/atmel toolchain/avr8 gcc/native/3.4.1061/avr8-gnu-toolchain/bin/../lib/gcc/avr/4.8.1/avr5\libgcc.a(_divmodhi4.o)
                0x000056da                _div
                0x000056da                __divmodhi4
 .text.libgcc.div
                0x00005702       0x44 c:/program files (x86)/atmel/atmel toolchain/avr8 gcc/native/3.4.1061/avr8-gnu-toolchain/bin/../lib/gcc/avr/4.8.1/avr5\libgcc.a(_udivmodsi4.o)
                0x00005702                __udivmodsi4
 .text.libgcc.mul
                0x00005746       0x1e c:/program files (x86)/atmel/atmel toolchain/avr8 gcc/native/3.4.1061/avr8-gnu-toolchain/bin/../lib/gcc/avr/4.8.1/avr5\libgcc.a(_umulhisi3.o)
                0x00005746                __umulhisi3
 .text.libgcc.mul
                0x00005764        0xe c:/program files (x86)/atmel/atmel toolchain/avr8 gcc/native/3.4.1061/avr8-gnu-toolchain/bin/../lib/gcc/avr/4.8.1/avr5\libgcc.a(_usmulhisi3.o)
                0x00005764                __usmulhisi3
                0x00005768                __usmulhisi3_tail
 .text.libgcc.mul
                0x00005772       0x16 c:/program files (x86)/atmel/atmel toolchain/avr8 gcc/native/3.4.1061/avr8-gnu-toolchain/bin/../lib/gcc/avr/4.8.1/avr5\libgcc.a(_muluhisi3.o)
                0x00005772                __muluhisi3
 .text.libgcc.mul
                0x00005788       0x10 c:/program files (x86)/atmel/atmel toolchain/avr8 gcc/native/3.4.1061/avr8-gnu-toolchain/bin/../lib/gcc/avr/4.8.1/avr5\libgcc.a(_mulshisi3.o)
                0x00005788                __mulshisi3
                0x0000578e                __mulohisi3
 .text.avr-libc
                0x00005798       0x1e c:/program files (x86)/atmel/atmel toolchain/avr8 gcc/native/3.4.1061/avr8-gnu-toolchain/bin/../lib/gcc/avr/4.8.1/../../../../avr/lib/avr5\libc.a(strncpy_P.o)
                0x00005798                strncpy_P
 .text.avr-libc
                0x000057b6       0x12 c:/program files (x86)/atmel/atmel toolchain/avr8 gcc/native/3.4.1061/avr8-gnu-toolchain/bin/../lib/gcc/avr/4.8.1/../../../../avr/lib/avr5\libc.a(memcpy.o)
                0x000057b6                memcpy
 .text.avr-libc
                0x000057c8       0x58 c:/program files (x86)/atmel/atmel toolchain/avr8 gcc/native/3.4.1061/avr8-gnu-toolchain/bin/../lib/gcc/avr/4.8.1/../../../../avr/lib/avr5\libc.a(vsnprintf_p.o)
                0x000057c8                vsnprintf_P
 .text.avr-libc
                0x00005820      0x3a4 c:/program files (x86)/atmel/atmel toolchain/avr8 gcc/native/3.4.1061/avr8-gnu-toolchain/bin/../lib/gcc/avr/4.8.1/../../../../avr/lib/avr5\libc.a(vfprintf_std.o)
                0x00005820                vfprintf
 .text.avr-libc
                0x00005bc4       0x20 c:/program files (x86)/atmel/atmel toolchain/avr8 gcc/native/3.4.1061/avr8-gnu-toolchain/bin/../lib/gcc/avr/4.8.1/../../../../avr/lib/avr5\libc.a(eerd_block_atmega328p.o)
                0x00005bc4                __eerd_block_m328p
                0x00005bc8                __eerd_blraw_m328p
 .text.avr-libc
                0x00005be4        0xc c:/program files (x86)/atmel/atmel toolchain/avr8 gcc/native/3.4.1061/avr8-gnu-toolchain/bin/../lib/gcc/avr/4.8.1/../../../../avr/lib/avr5\libc.a(eerd_word_atmega328p.o)
                0x00005be4                __eerd_word_m328p
 .text.avr-libc
                0x00005bf0       0x14 c:/program files (x86)/atmel/atmel toolchain/avr8 gcc/native/3.4.1061/avr8-gnu-toolchain/bin/../lib/gcc/avr/4.8.1/../../../../avr/lib/avr5\libc.a(eewr_block_atmega328p.o)
                0x00005bf0                __eewr_block_m328p
 .text.avr-libc
                0x00005c04       0x1c c:/program files (x86)/atmel/atmel toolchain/avr8 gcc/native/3.4.1061/avr8-gnu-toolchain/bin/../lib/gcc/avr/4.8.1/../../../../avr/lib/avr5\libc.a(eewr_byte_atmega328p.o)
                0x00005c04                __eewr_byte_m328p
                0x00005c06                __eewr_r18_m328p
 .text.avr-libc
                0x00005c20       0x16 c:/program files (x86)/atmel/atmel toolchain/avr8 gcc/native/3.4.1061/avr8-gnu-toolchain/bin/../lib/gcc/avr/4.8.1/../../../../avr/lib/avr5\libc.a(strnlen_P.o)
                0x00005c20                strnlen_P
 .text.avr-libc
                0x00005c36       0x16 c:/program files (x86)/atmel/atmel toolchain/avr8 gcc/native/3.4.1061/avr8-gnu-toolchain/bin/../lib/gcc/avr/4.8.1/../../../../avr/lib/avr5\libc.a(strnlen.o)
                0x00005c36                strnlen
 .text.avr-libc
                0x00005c4c       0x64 c:/program files (x86)/atmel/atmel toolchain/avr8 gcc/native/3.4.1061/avr8-gnu-toolchain/bin/../lib/gcc/avr/4.8.1/../../../../avr/lib/avr5\libc.a(fputc.o)
                0x00005c4c                fputc
 .text.avr-libc
                0x00005cb0       0xbc c:/program files (x86)/atmel/atmel toolchain/avr8 gcc/native/3.4.1061/avr8-gnu-toolchain/bin/../lib/gcc/avr/4.8.1/../../../../avr/lib/avr5\libc.a(ultoa_invert.o)
                0x00005cb0                __ultoa_invert
 .text.libgcc.prologue
                0x00005d6c       0x38 c:/program files (x86)/atmel/atmel toolchain/avr8 gcc/native/3.4.1061/avr8-gnu-toolchain/bin/../lib/gcc/avr/4.8.1/avr5\libgcc.a(_prologue.o)
                0x00005d6c                __prologue_saves__
 .text.libgcc.prologue
                0x00005da4       0x36 c:/program files (x86)/atmel/atmel toolchain/avr8 gcc/native/3.4.1061/avr8-gnu-toolchain/bin/../lib/gcc/avr/4.8.1/avr5\libgcc.a(_epilogue.o)
                0x00005da4                __epilogue_restores__
                0x00005dda                . = ALIGN (0x2)
 *(.fini9)
 .fini9         0x00005dda        0x0 c:/program files (x86)/atmel/atmel toolchain/avr8 gcc/native/3.4.1061/avr8-gnu-toolchain/bin/../lib/gcc/avr/4.8.1/avr5\libgcc.a(_exit.o)
                0x00005dda                _exit
                0x00005dda                exit
 *(.fini9)
 *(.fini8)
 *(.fini8)
 *(.fini7)
 *(.fini7)
 *(.fini6)
 *(.fini6)
 *(.fini5)
 *(.fini5)
 *(.fini4)
 *(.fini4)
 *(.fini3)
 *(.fini3)
 *(.fini2)
 *(.fini2)
 *(.fini1)
 *(.fini1)
 *(.fini0)
 .fini0         0x00005dda        0x4 c:/program files (x86)/atmel/atmel toolchain/avr8 gcc/native/3.4.1061/avr8-gnu-toolchain/bin/../lib/gcc/avr/4.8.1/avr5\libgcc.a(_exit.o)
 *(.fini0)
                0x00005dde                _etext = .

.data           0x00800100      0x208 load address 0x00005dde
                0x00800100                PROVIDE (__data_start, .)
 *(.data)
 *(.data*)
 .data.prev_a.2042
                0x00800100        0x1 libInput.o
 .data.ubuntuMono_10ptFontInfo
                0x00800101        0x9 font_ubuntu_mono.o
                0x00800101                ubuntuMono_10ptFontInfo
 *(.rodata)
 .rodata        0x0080010a        0xc UART.o
 *(.rodata*)
 .rodata.__func__.1919
                0x00800116        0xc Config.o
 .rodata.__func__.1766
                0x00800122        0xe libADC.o
 .rodata.__func__.1751
                0x00800130        0xc libADC.o
 .rodata.__func__.2160
                0x0080013c        0xe libDebug.o
 .rodata.__func__.2424
                0x0080014a       0x15 libRFM69.o
 .rodata.__func__.2354
                0x0080015f       0x20 libRFM69.o
 .rodata.__func__.2198
                0x0080017f       0x1a libRFM69.o
 .rodata.__func__.2182
                0x00800199       0x13 libRFM69.o
 .rodata.__func__.2165
                0x008001ac       0x15 libRFM69.o
 .rodata.__func__.2111
                0x008001c1        0xf libSPI.o
 .rodata.__func__.2038
                0x008001d0        0xc libSPI.o
 .rodata.days_in_months
                0x008001dc        0xc RTC.o
 .rodata.__func__.2488
                0x008001e8        0xe Transceiver.o
 .rodata.__func__.2497
                0x008001f6       0x11 Transceiver.o
 .rodata.__func__.2416
                0x00800207       0x13 Transceiver.o
 .rodata.__func__.2409
                0x0080021a       0x11 Transceiver.o
 .rodata.__func__.1937
                0x0080022b       0x1d utility/ErrorHandler.o
 .rodata.__func__.1811
                0x00800248       0x1f gui/guiInterface.o
 .rodata.__func__.2494
                0x00800267        0xd gui/guiNodes.o
 .rodata.__func__.2509
                0x00800274       0x15 gui/guiNodes.o
 .rodata.__func__.2208
                0x00800289        0xc gui/guiRTC.o
 .rodata.__func__.2007
                0x00800295       0x12 Interface.o
 .rodata.__func__.1989
                0x008002a7        0xf Interface.o
 .rodata.__func__.2038
                0x008002b6        0xe libInput.o
 .rodata.__func__.1956
                0x008002c4        0xe Sensor.o
 .rodata.__func__.1949
                0x008002d2        0xc Sensor.o
 .rodata.str1.1
                0x008002de        0xa libDisplay.o
 .rodata.__func__.1964
                0x008002e8        0xf libDS3234.o
 .rodata.__func__.2832
                0x008002f7        0xc main_firmware.o
 .rodata.__func__.2811
                0x00800303        0x5 main_firmware.o
 *(.gnu.linkonce.d*)
                0x00800308                . = ALIGN (0x2)
                0x00800308                _edata = .
                0x00800308                PROVIDE (__data_end, .)

.bss            0x00800308      0x442
                0x00800308                PROVIDE (__bss_start, .)
 *(.bss)
 *(.bss*)
 .bss.active_config
                0x00800308       0x1f Config.o
 .bss.current_input.1755
                0x00800327        0x1 libADC.o
 .bss.adc_inputs
                0x00800328       0x2d libADC.o
 .bss.adc_state
                0x00800355        0x1 libADC.o
 .bss.reset_time_ms
                0x00800356        0x4 libRFM69.o
 .bss.slave_active
                0x0080035a        0x1 libSPI.o
 .bss.spi_status
                0x0080035b        0x1 libSPI.o
 .bss.tx_handler
                0x0080035c        0x2 libUART.o
 .bss.rx_handler
                0x0080035e        0x2 libUART.o
 .bss.state.2518
                0x00800360        0x1 Transceiver.o
 .bss.state.2501
                0x00800361        0x1 Transceiver.o
 .bss.packet_handlers
                0x00800362        0x8 Transceiver.o
 .bss.packet_frame
                0x0080036a       0x23 Transceiver.o
 .bss.transceiver_state
                0x0080038d        0x1 Transceiver.o
 .bss.uart_rx_fifo
                0x0080038e        0x6 UART.o
 .bss.uart_tx_fifo
                0x00800394        0x6 UART.o
 .bss.rx_buffer
                0x0080039a        0x8 UART.o
 .bss.tx_buffer
                0x008003a2       0x80 UART.o
 .bss.current_id
                0x00800422        0x1 utility/ErrorHandler.o
 .bss.current_index
                0x00800423        0x1 utility/ErrorHandler.o
 .bss.node_views
                0x00800424       0x48 gui/guiNodes.o
 .bss.clock_and_date_view
                0x0080046c        0xc gui/guiRTC.o
 .bss.clock_view
                0x00800478        0xc gui/guiRTC.o
 .bss.sensor_information_view
                0x00800484        0xc gui/guiSensor.o
 .bss.temperature_view
                0x00800490        0xc gui/guiSensor.o
 .bss.detailed_temperature_view
                0x0080049c        0xc gui/guiSensor.o
 .bss.auto_timer.1993
                0x008004a8        0x4 Interface.o
 .bss.active_view
                0x008004ac        0x2 Interface.o
 .bss.root_view
                0x008004ae        0x2 Interface.o
 .bss.activity_timer
                0x008004b0        0x4 Interface.o
 .bss.refresh_flag
                0x008004b4        0x1 Interface.o
 .bss.prev_push.2059
                0x008004b5        0x1 libInput.o
 .bss.push_event_callback
                0x008004b6        0x2 libInput.o
 .bss.right_event_callback
                0x008004b8        0x2 libInput.o
 .bss.left_event_callback
                0x008004ba        0x2 libInput.o
 .bss.sample_timer.1953
                0x008004bc        0x4 Sensor.o
 .bss.sensor_reading
                0x008004c0        0xa Sensor.o
 .bss.current_alpha
                0x008004ca        0x2 Sensor.o
 .bss.last_update
                0x008004cc        0xc Nodes.o
 .bss.packets   0x008004d8       0x69 Nodes.o
 .bss.dislay_rotated
                0x00800541        0x1 libDisplay.o
 .bss.VRAM      0x00800542      0x200 libDisplay.o
 .bss.current_font
                0x00800742        0x2 libUI.o
 .bss.high_mcu_temp_flag.2828
                0x00800744        0x1 main_firmware.o
 .bss.memory_low_flag.2827
                0x00800745        0x1 main_firmware.o
 *(COMMON)
 COMMON         0x00800746        0x4 libTimer.o
                0x00800746                system_timer
                0x0080074a                PROVIDE (__bss_end, .)
                0x00005dde                __data_load_start = LOADADDR (.data)
                0x00005fe6                __data_load_end = (__data_load_start + SIZEOF (.data))

.noinit         0x0080074a        0x0
                0x0080074a                PROVIDE (__noinit_start, .)
 *(.noinit*)
                0x0080074a                PROVIDE (__noinit_end, .)
                0x0080074a                _end = .
                0x0080074a                PROVIDE (__heap_start, .)

.eeprom         0x00810000      0x33f
 *(.eeprom*)
 .eeprom        0x00810000       0x1f Config.o
 .eeprom        0x0081001f      0x320 utility/ErrorHandler.o
                0x0081033f                __eeprom_end = .

.fuse
 *(.fuse)
 *(.lfuse)
 *(.hfuse)
 *(.efuse)

.lock
 *(.lock*)

.signature
 *(.signature*)

.user_signatures
 *(.user_signatures*)

.stab
 *(.stab)

.stabstr
 *(.stabstr)

.stab.excl
 *(.stab.excl)

.stab.exclstr
 *(.stab.exclstr)

.stab.index
 *(.stab.index)

.stab.indexstr
 *(.stab.indexstr)

.comment        0x00000000       0x5c
 *(.comment)
 .comment       0x00000000       0x30 common.o
                                 0x31 (size before relaxing)
 .comment       0x00000000       0x31 Config.o
 .comment       0x00000000       0x31 libADC.o
 .comment       0x00000000       0x31 libDebug.o
 .comment       0x00000000       0x31 libRFM69.o
 .comment       0x00000000       0x31 libSPI.o
 .comment       0x00000000       0x31 libTimer.o
 .comment       0x00000000       0x31 libUART.o
 .comment       0x00000000       0x31 RTC.o
 .comment       0x00000000       0x31 Timer.o
 .comment       0x00000000       0x31 Transceiver.o
 .comment       0x00000000       0x31 UART.o
 .comment       0x00000000       0x31 utility/ErrorHandler.o
 .comment       0x00000000       0x31 utility/FIFO.o
 .comment       0x00000000       0x31 gui/guiInterface.o
 .comment       0x00000000       0x31 gui/guiNodes.o
 .comment       0x00000000       0x31 gui/guiRTC.o
 .comment       0x00000000       0x31 gui/guiSensor.o
 .comment       0x00000000       0x31 Interface.o
 .comment       0x00000000       0x31 libInput.o
 .comment       0x00000000       0x31 Sensor.o
 .comment       0x00000000       0x31 Nodes.o
 .comment       0x00000000       0x31 font_ubuntu_mono.o
 .comment       0x00000000       0x31 libDisplay.o
 .comment       0x00000000       0x31 libDS3234.o
 .comment       0x00000000       0x31 libUI.o
 .comment       0x00000000       0x31 main_firmware.o
 .comment       0x00000000       0x31 c:/program files (x86)/atmel/atmel toolchain/avr8 gcc/native/3.4.1061/avr8-gnu-toolchain/bin/../lib/gcc/avr/4.8.1/../../../../avr/lib/avr5\libc.a(vsnprintf_p.o)
 .comment       0x00000030       0x2c c:/program files (x86)/atmel/atmel toolchain/avr8 gcc/native/3.4.1061/avr8-gnu-toolchain/bin/../lib/gcc/avr/4.8.1/../../../../avr/lib/avr5\libc.a(vfprintf_std.o)
                                 0x2d (size before relaxing)
 .comment       0x00000000       0x31 c:/program files (x86)/atmel/atmel toolchain/avr8 gcc/native/3.4.1061/avr8-gnu-toolchain/bin/../lib/gcc/avr/4.8.1/../../../../avr/lib/avr5\libc.a(fputc.o)

.note.gnu.build-id
 *(.note.gnu.build-id)

.debug
 *(.debug)

.line
 *(.line)

.debug_srcinfo
 *(.debug_srcinfo)

.debug_sfnames
 *(.debug_sfnames)

.debug_aranges  0x00000000      0xac0
 *(.debug_aranges)
 .debug_aranges
                0x00000000       0x68 common.o
 .debug_aranges
                0x00000068       0x80 Config.o
 .debug_aranges
                0x000000e8       0x48 libADC.o
 .debug_aranges
                0x00000130       0x38 libDebug.o
 .debug_aranges
                0x00000168      0x278 libRFM69.o
 .debug_aranges
                0x000003e0       0x68 libSPI.o
 .debug_aranges
                0x00000448       0x38 libTimer.o
 .debug_aranges
                0x00000480       0x50 libUART.o
 .debug_aranges
                0x000004d0       0x88 RTC.o
 .debug_aranges
                0x00000558       0x28 Timer.o
 .debug_aranges
                0x00000580       0x50 Transceiver.o
 .debug_aranges
                0x000005d0       0x50 UART.o
 .debug_aranges
                0x00000620       0x40 utility/ErrorHandler.o
 .debug_aranges
                0x00000660       0x50 utility/FIFO.o
 .debug_aranges
                0x000006b0       0x20 gui/guiInterface.o
 .debug_aranges
                0x000006d0       0x30 gui/guiNodes.o
 .debug_aranges
                0x00000700       0x38 gui/guiRTC.o
 .debug_aranges
                0x00000738       0x38 gui/guiSensor.o
 .debug_aranges
                0x00000770       0x78 Interface.o
 .debug_aranges
                0x000007e8       0x40 libInput.o
 .debug_aranges
                0x00000828       0x40 Sensor.o
 .debug_aranges
                0x00000868       0x30 Nodes.o
 .debug_aranges
                0x00000898       0x18 font_ubuntu_mono.o
 .debug_aranges
                0x000008b0       0x70 libDisplay.o
 .debug_aranges
                0x00000920      0x128 libDS3234.o
 .debug_aranges
                0x00000a48       0x50 libUI.o
 .debug_aranges
                0x00000a98       0x28 main_firmware.o

.debug_pubnames
 *(.debug_pubnames)

.debug_info     0x00000000     0xb99d
 *(.debug_info .gnu.linkonce.wi.*)
 .debug_info    0x00000000      0x3cb common.o
 .debug_info    0x000003cb      0x678 Config.o
 .debug_info    0x00000a43      0x49b libADC.o
 .debug_info    0x00000ede      0x3ee libDebug.o
 .debug_info    0x000012cc     0x28b5 libRFM69.o
 .debug_info    0x00003b81      0x4f7 libSPI.o
 .debug_info    0x00004078      0x1dd libTimer.o
 .debug_info    0x00004255      0x241 libUART.o
 .debug_info    0x00004496      0xc9e RTC.o
 .debug_info    0x00005134       0xf8 Timer.o
 .debug_info    0x0000522c     0x1374 Transceiver.o
 .debug_info    0x000065a0      0x55b UART.o
 .debug_info    0x00006afb      0x526 utility/ErrorHandler.o
 .debug_info    0x00007021      0x403 utility/FIFO.o
 .debug_info    0x00007424      0x188 gui/guiInterface.o
 .debug_info    0x000075ac      0x6ae gui/guiNodes.o
 .debug_info    0x00007c5a      0x49f gui/guiRTC.o
 .debug_info    0x000080f9      0x3cf gui/guiSensor.o
 .debug_info    0x000084c8      0x5eb Interface.o
 .debug_info    0x00008ab3      0x37f libInput.o
 .debug_info    0x00008e32      0x584 Sensor.o
 .debug_info    0x000093b6      0x4ab Nodes.o
 .debug_info    0x00009861      0x197 font_ubuntu_mono.o
 .debug_info    0x000099f8      0x31d libDisplay.o
 .debug_info    0x00009d15      0xf97 libDS3234.o
 .debug_info    0x0000acac      0x725 libUI.o
 .debug_info    0x0000b3d1      0x5cc main_firmware.o

.debug_abbrev   0x00000000     0x2fa9
 *(.debug_abbrev)
 .debug_abbrev  0x00000000      0x183 common.o
 .debug_abbrev  0x00000183      0x240 Config.o
 .debug_abbrev  0x000003c3      0x1ec libADC.o
 .debug_abbrev  0x000005af      0x1c3 libDebug.o
 .debug_abbrev  0x00000772      0x392 libRFM69.o
 .debug_abbrev  0x00000b04      0x1e8 libSPI.o
 .debug_abbrev  0x00000cec      0x13e libTimer.o
 .debug_abbrev  0x00000e2a      0x125 libUART.o
 .debug_abbrev  0x00000f4f      0x242 RTC.o
 .debug_abbrev  0x00001191       0xae Timer.o
 .debug_abbrev  0x0000123f      0x316 Transceiver.o
 .debug_abbrev  0x00001555      0x1af UART.o
 .debug_abbrev  0x00001704      0x1a3 utility/ErrorHandler.o
 .debug_abbrev  0x000018a7      0x191 utility/FIFO.o
 .debug_abbrev  0x00001a38       0xea gui/guiInterface.o
 .debug_abbrev  0x00001b22      0x1f5 gui/guiNodes.o
 .debug_abbrev  0x00001d17      0x16f gui/guiRTC.o
 .debug_abbrev  0x00001e86      0x16c gui/guiSensor.o
 .debug_abbrev  0x00001ff2      0x258 Interface.o
 .debug_abbrev  0x0000224a      0x1c2 libInput.o
 .debug_abbrev  0x0000240c      0x233 Sensor.o
 .debug_abbrev  0x0000263f      0x1b2 Nodes.o
 .debug_abbrev  0x000027f1       0x9c font_ubuntu_mono.o
 .debug_abbrev  0x0000288d      0x185 libDisplay.o
 .debug_abbrev  0x00002a12      0x25b libDS3234.o
 .debug_abbrev  0x00002c6d      0x196 libUI.o
 .debug_abbrev  0x00002e03      0x1a6 main_firmware.o

.debug_line     0x00000000     0x3b7a
 *(.debug_line .debug_line.* .debug_line_end)
 .debug_line    0x00000000      0x1cc common.o
 .debug_line    0x000001cc      0x2ef Config.o
 .debug_line    0x000004bb      0x1b0 libADC.o
 .debug_line    0x0000066b      0x1d4 libDebug.o
 .debug_line    0x0000083f      0x8b1 libRFM69.o
 .debug_line    0x000010f0      0x2aa libSPI.o
 .debug_line    0x0000139a      0x195 libTimer.o
 .debug_line    0x0000152f      0x157 libUART.o
 .debug_line    0x00001686      0x36c RTC.o
 .debug_line    0x000019f2       0xdf Timer.o
 .debug_line    0x00001ad1      0x28a Transceiver.o
 .debug_line    0x00001d5b      0x213 UART.o
 .debug_line    0x00001f6e      0x277 utility/ErrorHandler.o
 .debug_line    0x000021e5      0x16a utility/FIFO.o
 .debug_line    0x0000234f       0xfd gui/guiInterface.o
 .debug_line    0x0000244c      0x1b4 gui/guiNodes.o
 .debug_line    0x00002600      0x15c gui/guiRTC.o
 .debug_line    0x0000275c      0x139 gui/guiSensor.o
 .debug_line    0x00002895      0x27b Interface.o
 .debug_line    0x00002b10      0x1e4 libInput.o
 .debug_line    0x00002cf4      0x1aa Sensor.o
 .debug_line    0x00002e9e      0x187 Nodes.o
 .debug_line    0x00003025       0xb9 font_ubuntu_mono.o
 .debug_line    0x000030de      0x221 libDisplay.o
 .debug_line    0x000032ff      0x411 libDS3234.o
 .debug_line    0x00003710      0x250 libUI.o
 .debug_line    0x00003960      0x21a main_firmware.o

.debug_frame    0x00000000     0x23f0
 *(.debug_frame)
 .debug_frame   0x00000000      0x100 common.o
 .debug_frame   0x00000100      0x104 Config.o
 .debug_frame   0x00000204       0x94 libADC.o
 .debug_frame   0x00000298       0x80 libDebug.o
 .debug_frame   0x00000318      0xa98 libRFM69.o
 .debug_frame   0x00000db0      0x154 libSPI.o
 .debug_frame   0x00000f04       0x74 libTimer.o
 .debug_frame   0x00000f78      0x140 libUART.o
 .debug_frame   0x000010b8      0x1d8 RTC.o
 .debug_frame   0x00001290       0x48 Timer.o
 .debug_frame   0x000012d8      0x208 Transceiver.o
 .debug_frame   0x000014e0       0xf8 UART.o
 .debug_frame   0x000015d8      0x120 utility/ErrorHandler.o
 .debug_frame   0x000016f8       0xb0 utility/FIFO.o
 .debug_frame   0x000017a8       0x3c gui/guiInterface.o
 .debug_frame   0x000017e4      0x104 gui/guiNodes.o
 .debug_frame   0x000018e8       0xa0 gui/guiRTC.o
 .debug_frame   0x00001988       0xb8 gui/guiSensor.o
 .debug_frame   0x00001a40      0x120 Interface.o
 .debug_frame   0x00001b60       0xa8 libInput.o
 .debug_frame   0x00001c08       0xd0 Sensor.o
 .debug_frame   0x00001cd8       0x64 Nodes.o
 .debug_frame   0x00001d3c       0xec libDisplay.o
 .debug_frame   0x00001e28      0x394 libDS3234.o
 .debug_frame   0x000021bc      0x19c libUI.o
 .debug_frame   0x00002358       0x98 main_firmware.o

.debug_str      0x00000000     0x2ec0
 *(.debug_str)
 .debug_str     0x00000000      0x257 common.o
                                0x2c3 (size before relaxing)
 .debug_str     0x00000257      0x219 Config.o
                                0x3a8 (size before relaxing)
 .debug_str     0x00000470      0x183 libADC.o
                                0x337 (size before relaxing)
 .debug_str     0x000005f3      0x178 libDebug.o
                                0x34a (size before relaxing)
 .debug_str     0x0000076b      0xe26 libRFM69.o
                               0x101e (size before relaxing)
 .debug_str     0x00001591      0x11b libSPI.o
                                0x323 (size before relaxing)
 .debug_str     0x000016ac       0x8d libTimer.o
                                0x1fb (size before relaxing)
 .debug_str     0x00001739       0xda libUART.o
                                0x251 (size before relaxing)
 .debug_str     0x00001813      0x333 RTC.o
                                0x4f7 (size before relaxing)
 .debug_str     0x00001b46       0x4b Timer.o
                                0x1ce (size before relaxing)
 .debug_str     0x00001b91      0x547 Transceiver.o
                                0xfae (size before relaxing)
 .debug_str     0x000020d8       0xc9 UART.o
                                0x324 (size before relaxing)
 .debug_str     0x000021a1       0xfb utility/ErrorHandler.o
                                0x2f8 (size before relaxing)
 .debug_str     0x0000229c       0x59 utility/FIFO.o
                                0x211 (size before relaxing)
 .debug_str     0x000022f5       0xaa gui/guiInterface.o
                                0x227 (size before relaxing)
 .debug_str     0x0000239f      0x120 gui/guiNodes.o
                                0x47e (size before relaxing)
 .debug_str     0x000024bf       0x81 gui/guiRTC.o
                                0x2e9 (size before relaxing)
 .debug_str     0x00002540       0xf1 gui/guiSensor.o
                                0x2f1 (size before relaxing)
 .debug_str     0x00002631      0x216 Interface.o
                                0x4d7 (size before relaxing)
 .debug_str     0x00002847      0x114 libInput.o
                                0x331 (size before relaxing)
 .debug_str     0x0000295b       0xf7 Sensor.o
                                0x34d (size before relaxing)
 .debug_str     0x00002a52       0x36 Nodes.o
                                0x3bd (size before relaxing)
 .debug_str     0x00002a88       0x4e font_ubuntu_mono.o
                                0x231 (size before relaxing)
 .debug_str     0x00002ad6       0xe3 libDisplay.o
                                0x293 (size before relaxing)
 .debug_str     0x00002bb9      0x197 libDS3234.o
                                0x59a (size before relaxing)
 .debug_str     0x00002d50       0xca libUI.o
                                0x379 (size before relaxing)
 .debug_str     0x00002e1a       0xa6 main_firmware.o
                                0x480 (size before relaxing)

.debug_loc      0x00000000     0x9266
 *(.debug_loc)
 .debug_loc     0x00000000      0x6db common.o
 .debug_loc     0x000006db      0x1c2 Config.o
 .debug_loc     0x0000089d      0x2c0 libADC.o
 .debug_loc     0x00000b5d      0x173 libDebug.o
 .debug_loc     0x00000cd0     0x22d2 libRFM69.o
 .debug_loc     0x00002fa2      0x7f3 libSPI.o
 .debug_loc     0x00003795       0xa3 libTimer.o
 .debug_loc     0x00003838      0x368 libUART.o
 .debug_loc     0x00003ba0      0xddf RTC.o
 .debug_loc     0x0000497f       0xf3 Timer.o
 .debug_loc     0x00004a72      0x903 Transceiver.o
 .debug_loc     0x00005375      0x49e UART.o
 .debug_loc     0x00005813      0x473 utility/ErrorHandler.o
 .debug_loc     0x00005c86      0x507 utility/FIFO.o
 .debug_loc     0x0000618d      0x104 gui/guiInterface.o
 .debug_loc     0x00006291      0x3a7 gui/guiNodes.o
 .debug_loc     0x00006638      0x1ca gui/guiRTC.o
 .debug_loc     0x00006802      0x21c gui/guiSensor.o
 .debug_loc     0x00006a1e      0x252 Interface.o
 .debug_loc     0x00006c70      0x1aa libInput.o
 .debug_loc     0x00006e1a      0x529 Sensor.o
 .debug_loc     0x00007343      0x165 Nodes.o
 .debug_loc     0x000074a8      0x187 libDisplay.o
 .debug_loc     0x0000762f     0x122d libDS3234.o
 .debug_loc     0x0000885c      0x850 libUI.o
 .debug_loc     0x000090ac      0x1ba main_firmware.o

.debug_macinfo
 *(.debug_macinfo)

.debug_weaknames
 *(.debug_weaknames)

.debug_funcnames
 *(.debug_funcnames)

.debug_typenames
 *(.debug_typenames)

.debug_varnames
 *(.debug_varnames)

.debug_pubtypes
 *(.debug_pubtypes)

.debug_ranges   0x00000000      0x958
 *(.debug_ranges)
 .debug_ranges  0x00000000       0x58 common.o
 .debug_ranges  0x00000058       0x70 Config.o
 .debug_ranges  0x000000c8       0x38 libADC.o
 .debug_ranges  0x00000100       0x28 libDebug.o
 .debug_ranges  0x00000128      0x268 libRFM69.o
 .debug_ranges  0x00000390       0x58 libSPI.o
 .debug_ranges  0x000003e8       0x28 libTimer.o
 .debug_ranges  0x00000410       0x40 libUART.o
 .debug_ranges  0x00000450       0x78 RTC.o
 .debug_ranges  0x000004c8       0x18 Timer.o
 .debug_ranges  0x000004e0       0x40 Transceiver.o
 .debug_ranges  0x00000520       0x40 UART.o
 .debug_ranges  0x00000560       0x50 utility/ErrorHandler.o
 .debug_ranges  0x000005b0       0x40 utility/FIFO.o
 .debug_ranges  0x000005f0       0x10 gui/guiInterface.o
 .debug_ranges  0x00000600       0x20 gui/guiNodes.o
 .debug_ranges  0x00000620       0x28 gui/guiRTC.o
 .debug_ranges  0x00000648       0x28 gui/guiSensor.o
 .debug_ranges  0x00000670       0x68 Interface.o
 .debug_ranges  0x000006d8       0x30 libInput.o
 .debug_ranges  0x00000708       0x48 Sensor.o
 .debug_ranges  0x00000750       0x20 Nodes.o
 .debug_ranges  0x00000770       0x78 libDisplay.o
 .debug_ranges  0x000007e8      0x118 libDS3234.o
 .debug_ranges  0x00000900       0x40 libUI.o
 .debug_ranges  0x00000940       0x18 main_firmware.o

.debug_macro
 *(.debug_macro)
OUTPUT(main_firmware.elf elf32-avr)
LOAD linker stubs
