Archive member included because of file (symbol)

c:/program files (x86)/atmel/atmel toolchain/avr8 gcc/native/3.4.1061/avr8-gnu-toolchain/bin/../lib/gcc/avr/4.8.1/../../../../avr/lib/avr5\libm.a(addsf3.o)
                              common.o (__subsf3)
c:/program files (x86)/atmel/atmel toolchain/avr8 gcc/native/3.4.1061/avr8-gnu-toolchain/bin/../lib/gcc/avr/4.8.1/../../../../avr/lib/avr5\libm.a(addsf3x.o)
                              c:/program files (x86)/atmel/atmel toolchain/avr8 gcc/native/3.4.1061/avr8-gnu-toolchain/bin/../lib/gcc/avr/4.8.1/../../../../avr/lib/avr5\libm.a(addsf3.o) (__addsf3x)
c:/program files (x86)/atmel/atmel toolchain/avr8 gcc/native/3.4.1061/avr8-gnu-toolchain/bin/../lib/gcc/avr/4.8.1/../../../../avr/lib/avr5\libm.a(divsf3.o)
                              libRFM69.o (__divsf3)
c:/program files (x86)/atmel/atmel toolchain/avr8 gcc/native/3.4.1061/avr8-gnu-toolchain/bin/../lib/gcc/avr/4.8.1/../../../../avr/lib/avr5\libm.a(divsf3x.o)
                              c:/program files (x86)/atmel/atmel toolchain/avr8 gcc/native/3.4.1061/avr8-gnu-toolchain/bin/../lib/gcc/avr/4.8.1/../../../../avr/lib/avr5\libm.a(divsf3.o) (__divsf3x)
c:/program files (x86)/atmel/atmel toolchain/avr8 gcc/native/3.4.1061/avr8-gnu-toolchain/bin/../lib/gcc/avr/4.8.1/../../../../avr/lib/avr5\libm.a(fixsfsi.o)
                              common.o (__fixsfsi)
c:/program files (x86)/atmel/atmel toolchain/avr8 gcc/native/3.4.1061/avr8-gnu-toolchain/bin/../lib/gcc/avr/4.8.1/../../../../avr/lib/avr5\libm.a(fixunssfsi.o)
                              libRFM69.o (__fixunssfsi)
c:/program files (x86)/atmel/atmel toolchain/avr8 gcc/native/3.4.1061/avr8-gnu-toolchain/bin/../lib/gcc/avr/4.8.1/../../../../avr/lib/avr5\libm.a(floatsisf.o)
                              libRFM69.o (__floatunsisf)
c:/program files (x86)/atmel/atmel toolchain/avr8 gcc/native/3.4.1061/avr8-gnu-toolchain/bin/../lib/gcc/avr/4.8.1/../../../../avr/lib/avr5\libm.a(fp_inf.o)
                              c:/program files (x86)/atmel/atmel toolchain/avr8 gcc/native/3.4.1061/avr8-gnu-toolchain/bin/../lib/gcc/avr/4.8.1/../../../../avr/lib/avr5\libm.a(addsf3x.o) (__fp_inf)
c:/program files (x86)/atmel/atmel toolchain/avr8 gcc/native/3.4.1061/avr8-gnu-toolchain/bin/../lib/gcc/avr/4.8.1/../../../../avr/lib/avr5\libm.a(fp_nan.o)
                              c:/program files (x86)/atmel/atmel toolchain/avr8 gcc/native/3.4.1061/avr8-gnu-toolchain/bin/../lib/gcc/avr/4.8.1/../../../../avr/lib/avr5\libm.a(addsf3x.o) (__fp_nan)
c:/program files (x86)/atmel/atmel toolchain/avr8 gcc/native/3.4.1061/avr8-gnu-toolchain/bin/../lib/gcc/avr/4.8.1/../../../../avr/lib/avr5\libm.a(fp_pscA.o)
                              c:/program files (x86)/atmel/atmel toolchain/avr8 gcc/native/3.4.1061/avr8-gnu-toolchain/bin/../lib/gcc/avr/4.8.1/../../../../avr/lib/avr5\libm.a(addsf3x.o) (__fp_pscA)
c:/program files (x86)/atmel/atmel toolchain/avr8 gcc/native/3.4.1061/avr8-gnu-toolchain/bin/../lib/gcc/avr/4.8.1/../../../../avr/lib/avr5\libm.a(fp_pscB.o)
                              c:/program files (x86)/atmel/atmel toolchain/avr8 gcc/native/3.4.1061/avr8-gnu-toolchain/bin/../lib/gcc/avr/4.8.1/../../../../avr/lib/avr5\libm.a(addsf3x.o) (__fp_pscB)
c:/program files (x86)/atmel/atmel toolchain/avr8 gcc/native/3.4.1061/avr8-gnu-toolchain/bin/../lib/gcc/avr/4.8.1/../../../../avr/lib/avr5\libm.a(fp_round.o)
                              c:/program files (x86)/atmel/atmel toolchain/avr8 gcc/native/3.4.1061/avr8-gnu-toolchain/bin/../lib/gcc/avr/4.8.1/../../../../avr/lib/avr5\libm.a(addsf3.o) (__fp_round)
c:/program files (x86)/atmel/atmel toolchain/avr8 gcc/native/3.4.1061/avr8-gnu-toolchain/bin/../lib/gcc/avr/4.8.1/../../../../avr/lib/avr5\libm.a(fp_split3.o)
                              c:/program files (x86)/atmel/atmel toolchain/avr8 gcc/native/3.4.1061/avr8-gnu-toolchain/bin/../lib/gcc/avr/4.8.1/../../../../avr/lib/avr5\libm.a(addsf3x.o) (__fp_split3)
c:/program files (x86)/atmel/atmel toolchain/avr8 gcc/native/3.4.1061/avr8-gnu-toolchain/bin/../lib/gcc/avr/4.8.1/../../../../avr/lib/avr5\libm.a(fp_zero.o)
                              c:/program files (x86)/atmel/atmel toolchain/avr8 gcc/native/3.4.1061/avr8-gnu-toolchain/bin/../lib/gcc/avr/4.8.1/../../../../avr/lib/avr5\libm.a(addsf3x.o) (__fp_zero)
c:/program files (x86)/atmel/atmel toolchain/avr8 gcc/native/3.4.1061/avr8-gnu-toolchain/bin/../lib/gcc/avr/4.8.1/../../../../avr/lib/avr5\libm.a(mulsf3.o)
                              common.o (__mulsf3)
c:/program files (x86)/atmel/atmel toolchain/avr8 gcc/native/3.4.1061/avr8-gnu-toolchain/bin/../lib/gcc/avr/4.8.1/../../../../avr/lib/avr5\libm.a(mulsf3x.o)
                              c:/program files (x86)/atmel/atmel toolchain/avr8 gcc/native/3.4.1061/avr8-gnu-toolchain/bin/../lib/gcc/avr/4.8.1/../../../../avr/lib/avr5\libm.a(mulsf3.o) (__mulsf3x)
[...]
Memory Configuration

Name             Origin             Length             Attributes
text             0x00000000         0x00020000         xr
data             0x00800060         0x0000ffa0         rw !x
eeprom           0x00810000         0x00010000         rw !x
fuse             0x00820000         0x00000400         rw !x
lock             0x00830000         0x00000400         rw !x
signature        0x00840000         0x00000400         rw !x
user_signatures  0x00850000         0x00000400         rw !x
*default*        0x00000000         0xffffffff

Linker script and memory map

Address of section .data set to 0x800100
LOAD c:/program files (x86)/atmel/atmel toolchain/avr8 gcc/native/3.4.1061/avr8-gnu-toolchain/bin/../lib/gcc/avr/4.8.1/../../../../avr/lib/avr5/crtm328p.o
LOAD common.o
LOAD Config.o
LOAD Event.o
LOAD libADC.o
LOAD libDebug.o
LOAD libRFM69.o
LOAD libSPI.o
LOAD libTimer.o
LOAD libUART.o
LOAD RTC.o
LOAD Timer.o
LOAD Transceiver.o
LOAD Utility/ErrorHandler.o
LOAD Utility/FIFO.o
LOAD Utility/List.o
LOAD LED.o
LOAD libDHT22.o
LOAD Flash.o
LOAD libFlash.o
LOAD libLED.o
LOAD libMCP79510.o
LOAD libPower.o
LOAD node_firmware.o
LOAD Power.o
LOAD Regdefault.o
LOAD Sensor.o
LOAD template.o
START GROUP
LOAD c:/program files (x86)/atmel/atmel toolchain/avr8 gcc/native/3.4.1061/avr8-gnu-toolchain/bin/../lib/gcc/avr/4.8.1/../../../../avr/lib/avr5\libm.a
END GROUP
START GROUP
LOAD c:/program files (x86)/atmel/atmel toolchain/avr8 gcc/native/3.4.1061/avr8-gnu-toolchain/bin/../lib/gcc/avr/4.8.1/avr5\libgcc.a
LOAD c:/program files (x86)/atmel/atmel toolchain/avr8 gcc/native/3.4.1061/avr8-gnu-toolchain/bin/../lib/gcc/avr/4.8.1/../../../../avr/lib/avr5\libm.a
LOAD c:/program files (x86)/atmel/atmel toolchain/avr8 gcc/native/3.4.1061/avr8-gnu-toolchain/bin/../lib/gcc/avr/4.8.1/../../../../avr/lib/avr5\libc.a
END GROUP

.hash
 *(.hash)

.dynsym
 *(.dynsym)

.dynstr
 *(.dynstr)

.gnu.version
 *(.gnu.version)

.gnu.version_d
 *(.gnu.version_d)

.gnu.version_r
 *(.gnu.version_r)

.rel.init
 *(.rel.init)

.rela.init
 *(.rela.init)

.rel.text
 *(.rel.text)
 *(.rel.text.*)
 *(.rel.gnu.linkonce.t*)

.rela.text
 *(.rela.text)
 *(.rela.text.*)
 *(.rela.gnu.linkonce.t*)

.rel.fini
 *(.rel.fini)

.rela.fini
 *(.rela.fini)

.rel.rodata
 *(.rel.rodata)
 *(.rel.rodata.*)
 *(.rel.gnu.linkonce.r*)

.rela.rodata
 *(.rela.rodata)
 *(.rela.rodata.*)
 *(.rela.gnu.linkonce.r*)

.rel.data
 *(.rel.data)
 *(.rel.data.*)
 *(.rel.gnu.linkonce.d*)

.rela.data
 *(.rela.data)
 *(.rela.data.*)
 *(.rela.gnu.linkonce.d*)

.rel.ctors
 *(.rel.ctors)

.rela.ctors
 *(.rela.ctors)

.rel.dtors
 *(.rel.dtors)

.rela.dtors
 *(.rela.dtors)

.rel.got
 *(.rel.got)

.rela.got
 *(.rela.got)

.rel.bss
 *(.rel.bss)

.rela.bss
 *(.rela.bss)

.rel.plt
 *(.rel.plt)

.rela.plt
 *(.rela.plt)

.text           0x00000000     0x50c8
 *(.vectors)
 .vectors       0x00000000       0x68 c:/program files (x86)/atmel/atmel toolchain/avr8 gcc/native/3.4.1061/avr8-gnu-toolchain/bin/../lib/gcc/avr/4.8.1/../../../../avr/lib/avr5/crtm328p.o
                0x00000000                __vector_default
                0x00000000                __vectors
 *(.vectors)
 *(.progmem.gcc*)
                0x00000068                . = ALIGN (0x2)
                0x00000068                __trampolines_start = .
 *(.trampolines)
 .trampolines   0x00000068        0x0 linker stubs
 *(.trampolines*)
                0x00000068                __trampolines_end = .
 *(.progmem*)
 .progmem.data.__c.1713
                0x00000068       0x1e common.o
 .progmem.data.__c.1715
                0x00000086        0xe common.o
 .progmem.data.__c.1705
                0x00000094       0x1e common.o
 .progmem.data.__c.1707
                0x000000b2        0xe common.o
 .progmem.data.__c.1922
                0x000000c0       0x23 Config.o
 .progmem.data.__c.1918
                0x000000e3       0x1e Config.o
 .progmem.data.__c.1920
                0x00000101       0x38 Config.o
 .progmem.data.__c.1746
                0x00000139       0x16 Event.o
 .progmem.data.__c.1742
                0x0000014f       0x1d Event.o
 .progmem.data.__c.1744
                0x0000016c       0x26 Event.o
 .progmem.data.__c.1737
                0x00000192       0x1d Event.o
 .progmem.data.__c.1739
                0x000001af       0x20 Event.o
 .progmem.data.__c.1730
                0x000001cf       0x1d Event.o
 .progmem.data.__c.1732
                0x000001ec       0x20 Event.o
 .progmem.data.__c.1726
                0x0000020c       0x1d Event.o
 .progmem.data.__c.1728
                0x00000229       0x11 Event.o
 .progmem.data.__c.1795
                0x0000023a       0x1e libADC.o
 .progmem.data.__c.1797
                0x00000258       0x17 libADC.o
 .progmem.data.__c.1788
                0x0000026f       0x1e libADC.o
 .progmem.data.__c.1790
                0x0000028d       0x17 libADC.o
 .progmem.data.__c.1779
                0x000002a4       0x1e libADC.o
 .progmem.data.__c.1781
                0x000002c2       0x17 libADC.o
 .progmem.data.__c.1769
                0x000002d9       0x1f libADC.o
 .progmem.data.__c.1754
                0x000002f8       0x18 libADC.o
 .progmem.data.__c.2162
                0x00000310       0x20 libDebug.o
 .progmem.data.__c.2164
                0x00000330        0xe libDebug.o
 .progmem.data.__c.2151
                0x0000033e       0x18 libDebug.o
 .progmem.data.__c.2529
                0x00000356       0x20 libRFM69.o
 .progmem.data.__c.2531
                0x00000376       0x17 libRFM69.o
 .progmem.data.__c.2521
                0x0000038d       0x20 libRFM69.o
 .progmem.data.__c.2523
                0x000003ad       0x17 libRFM69.o
 .progmem.data.__c.2501
                0x000003c4       0x20 libRFM69.o
 .progmem.data.__c.2503
                0x000003e4       0x20 libRFM69.o
 .progmem.data.__c.2493
                0x00000404       0x20 libRFM69.o
 .progmem.data.__c.2495
                0x00000424       0x18 libRFM69.o
 .progmem.data.__c.2485
                0x0000043c       0x20 libRFM69.o
 .progmem.data.__c.2487
                0x0000045c       0x1c libRFM69.o
 .progmem.data.__c.2431
                0x00000478       0x2d libRFM69.o
 .progmem.data.__c.2427
                0x000004a5       0x2c libRFM69.o
 .progmem.data.__c.2406
                0x000004d1       0x20 libRFM69.o
 .progmem.data.__c.2408
                0x000004f1       0x27 libRFM69.o
 .progmem.data.__c.2386
                0x00000518       0x2f libRFM69.o
 .progmem.data.__c.2357
                0x00000547       0x3f libRFM69.o
 .progmem.data.__c.2345
                0x00000586       0x20 libRFM69.o
 .progmem.data.__c.2347
                0x000005a6       0x12 libRFM69.o
 .progmem.data.__c.2340
                0x000005b8       0x1f libRFM69.o
 .progmem.data.__c.2335
                0x000005d7       0x20 libRFM69.o
 .progmem.data.__c.2337
                0x000005f7       0x1b libRFM69.o
 .progmem.data.__c.2330
                0x00000612       0x1f libRFM69.o
 .progmem.data.__c.2328
                0x00000631       0x15 libRFM69.o
 .progmem.data.__c.2323
                0x00000646       0x20 libRFM69.o
 .progmem.data.__c.2325
                0x00000666       0x1a libRFM69.o
 .progmem.data.__c.2318
                0x00000680       0x1d libRFM69.o
 .progmem.data.__c.2313
                0x0000069d       0x20 libRFM69.o
 .progmem.data.__c.2315
                0x000006bd       0x1a libRFM69.o
 .progmem.data.__c.2305
                0x000006d7       0x20 libRFM69.o
 .progmem.data.__c.2307
                0x000006f7       0x39 libRFM69.o
 .progmem.data.__c.2287
                0x00000730       0x20 libRFM69.o
 .progmem.data.__c.2289
                0x00000750        0xe libRFM69.o
 .progmem.data.__c.2238
                0x0000075e       0x16 libRFM69.o
 .progmem.data.__c.2236
                0x00000774        0xc libRFM69.o
 .progmem.data.__c.2201
                0x00000780       0x18 libRFM69.o
 .progmem.data.__c.2185
                0x00000798       0x19 libRFM69.o
 .progmem.data.__c.2168
                0x000007b1       0x1c libRFM69.o
 .progmem.data.__c.2163
                0x000007cd       0x20 libRFM69.o
 .progmem.data.__c.2165
                0x000007ed       0x18 libRFM69.o
 .progmem.data.__c.2114
                0x00000805       0x22 libSPI.o
 .progmem.data.__c.2086
                0x00000827       0x1e libSPI.o
 .progmem.data.__c.2088
                0x00000845        0xf libSPI.o
 .progmem.data.__c.2044
                0x00000854       0x34 libSPI.o
 .progmem.data.__c.2041
                0x00000888       0x18 libSPI.o
 .progmem.data.__c.2261
                0x000008a0       0x1b RTC.o
 .progmem.data.__c.2263
                0x000008bb       0x11 RTC.o
 .progmem.data.__c.2257
                0x000008cc       0x1b RTC.o
 .progmem.data.__c.2259
                0x000008e7        0xd RTC.o
 .progmem.data.__c.2248
                0x000008f4       0x1b RTC.o
 .progmem.data.__c.2250
                0x0000090f        0xd RTC.o
 .progmem.data.__c.2240
                0x0000091c       0x1b RTC.o
 .progmem.data.__c.2242
                0x00000937        0xa RTC.o
 .progmem.data.__c.2234
                0x00000941       0x1b RTC.o
 .progmem.data.__c.2236
                0x0000095c        0xd RTC.o
 .progmem.data.__c.2225
                0x00000969       0x1b RTC.o
 .progmem.data.__c.2227
                0x00000984        0xd RTC.o
 .progmem.data.__c.2216
                0x00000991       0x1b RTC.o
 .progmem.data.__c.2218
                0x000009ac        0xd RTC.o
 .progmem.data.__c.2207
                0x000009b9       0x1b RTC.o
 .progmem.data.__c.2209
                0x000009d4        0xd RTC.o
 .progmem.data.__c.2178
                0x000009e1       0x1b RTC.o
 .progmem.data.__c.2180
                0x000009fc        0xd RTC.o
 .progmem.data.__c.2164
                0x00000a09       0x1b RTC.o
 .progmem.data.__c.2166
                0x00000a24        0xd RTC.o
 .progmem.data.__c.2489
                0x00000a31       0x1c Transceiver.o
 .progmem.data.__c.2481
                0x00000a4d       0x1d Transceiver.o
 .progmem.data.__c.2476
                0x00000a6a       0x23 Transceiver.o
 .progmem.data.__c.2478
                0x00000a8d        0xe Transceiver.o
 .progmem.data.__c.2462
                0x00000a9b       0x32 Transceiver.o
 .progmem.data.__c.2456
                0x00000acd       0x23 Transceiver.o
 .progmem.data.__c.2458
                0x00000af0       0x10 Transceiver.o
 .progmem.data.__c.2564
                0x00000b00       0x23 Transceiver.o
 .progmem.data.__c.2566
                0x00000b23        0xf Transceiver.o
 .progmem.data.__c.2559
                0x00000b32       0x10 Transceiver.o
 .progmem.data.__c.2557
                0x00000b42       0x12 Transceiver.o
 .progmem.data.__c.2555
                0x00000b54        0xe Transceiver.o
 .progmem.data.__c.2552
                0x00000b62       0x17 Transceiver.o
 .progmem.data.__c.2550
                0x00000b79        0xf Transceiver.o
 .progmem.data.__c.2548
                0x00000b88       0x17 Transceiver.o
 .progmem.data.__c.2544
                0x00000b9f       0x17 Transceiver.o
 .progmem.data.__c.2587
                0x00000bb6        0x5 Transceiver.o
 .progmem.data.__c.2585
                0x00000bbb        0x4 Transceiver.o
 .progmem.data.__c.2583
                0x00000bbf       0x21 Transceiver.o
 .progmem.data.__c.2581
                0x00000be0        0x4 Transceiver.o
 .progmem.data.__c.2579
                0x00000be4        0x4 Transceiver.o
 .progmem.data.__c.2577
                0x00000be8        0x4 Transceiver.o
 .progmem.data.__c.2575
                0x00000bec        0x4 Transceiver.o
 .progmem.data.__c.2573
                0x00000bf0        0x4 Transceiver.o
 .progmem.data.__c.2571
                0x00000bf4        0x6 Transceiver.o
 .progmem.data.__c.2512
                0x00000bfa       0x33 Transceiver.o
 .progmem.data.__c.2509
                0x00000c2d       0x3b Transceiver.o
 .progmem.data.__c.2534
                0x00000c68       0x23 Transceiver.o
 .progmem.data.__c.2536
                0x00000c8b        0xf Transceiver.o
 .progmem.data.__c.2531
                0x00000c9a       0x11 Transceiver.o
 .progmem.data.__c.2526
                0x00000cab       0x1a Transceiver.o
 .progmem.data.__c.2518
                0x00000cc5       0x29 Transceiver.o
 .progmem.data.__c.2446
                0x00000cee       0x23 Transceiver.o
 .progmem.data.__c.2448
                0x00000d11        0xf Transceiver.o
 .progmem.data.__c.2437
                0x00000d20       0x2d Transceiver.o
 .progmem.data.__c.2430
                0x00000d4d       0x24 Transceiver.o
 .progmem.data.__c.1958
                0x00000d71       0x40 Utility/ErrorHandler.o
 .progmem.data.__c.1953
                0x00000db1       0x24 Utility/ErrorHandler.o
 .progmem.data.__c.1928
                0x00000dd5       0x16 Utility/ErrorHandler.o
 .progmem.data.__c.1778
                0x00000deb        0xb LED.o
 .progmem.data.__c.1780
                0x00000df6       0x1c LED.o
 .progmem.data.__c.1841
                0x00000e12       0x1c libDHT22.o
 .progmem.data.__c.1818
                0x00000e2e       0x10 libDHT22.o
 .progmem.data.__c.1820
                0x00000e3e        0xf libDHT22.o
 .progmem.data.__c.1814
                0x00000e4d       0x2c libDHT22.o
 .progmem.data.__c.1784
                0x00000e79       0x10 libDHT22.o
 .progmem.data.__c.1786
                0x00000e89        0xf libDHT22.o
 .progmem.data.__c.1771
                0x00000e98       0x18 libDHT22.o
 .progmem.data.__c.1929
                0x00000eb0       0x13 libFlash.o
 .progmem.data.__c.1927
                0x00000ec3       0x16 libFlash.o
 .progmem.data.__c.1925
                0x00000ed9       0x17 libFlash.o
 .progmem.data.__c.1920
                0x00000ef0       0x10 libFlash.o
 .progmem.data.__c.1918
                0x00000f00       0x10 libFlash.o
 .progmem.data.__c.1916
                0x00000f10       0x10 libFlash.o
 .progmem.data.__c.2049
                0x00000f20       0x13 libMCP79510.o
 .progmem.data.__c.2051
                0x00000f33       0x10 libMCP79510.o
 .progmem.data.__c.2029
                0x00000f43       0x13 libMCP79510.o
 .progmem.data.__c.2031
                0x00000f56       0x10 libMCP79510.o
 .progmem.data.__c.1945
                0x00000f66       0x13 libMCP79510.o
 .progmem.data.__c.1947
                0x00000f79       0x10 libMCP79510.o
 .progmem.data.__c.1941
                0x00000f89       0x13 libMCP79510.o
 .progmem.data.__c.1943
                0x00000f9c        0xa libMCP79510.o
 .progmem.data.__c.1919
                0x00000fa6       0x13 libMCP79510.o
 .progmem.data.__c.1921
                0x00000fb9       0x10 libMCP79510.o
 .progmem.data.__c.1915
                0x00000fc9       0x13 libMCP79510.o
 .progmem.data.__c.1917
                0x00000fdc        0xc libMCP79510.o
 .progmem.data.__c.1896
                0x00000fe8       0x13 libMCP79510.o
 .progmem.data.__c.1898
                0x00000ffb       0x10 libMCP79510.o
 .progmem.data.__c.1892
                0x0000100b       0x13 libMCP79510.o
 .progmem.data.__c.1894
                0x0000101e        0x9 libMCP79510.o
 .progmem.data.__c.2106
                0x00001027       0x13 libMCP79510.o
 .progmem.data.__c.2108
                0x0000103a        0xf libMCP79510.o
 .progmem.data.__c.2113
                0x00001049       0x13 libMCP79510.o
 .progmem.data.__c.2115
                0x0000105c        0xf libMCP79510.o
 .progmem.data.__c.1853
                0x0000106b       0x18 libMCP79510.o
 .progmem.data.__c.1762
                0x00001083       0x10 libPower.o
 .progmem.data.__c.1764
                0x00001093        0xf libPower.o
 .progmem.data.__c.2362
                0x000010a2       0x1d node_firmware.o
 .progmem.data.__c.2356
                0x000010bf       0x1e node_firmware.o
 .progmem.data.__c.2337
                0x000010dd       0x15 node_firmware.o
 .progmem.data.__c.2339
                0x000010f2       0x11 node_firmware.o
 .progmem.data.__c.2335
                0x00001103       0x13 node_firmware.o
 .progmem.data.__c.2333
                0x00001116       0x23 node_firmware.o
 .progmem.data.__c.2331
                0x00001139       0x1c node_firmware.o
 .progmem.data.__c.2329
                0x00001155       0x21 node_firmware.o
 .progmem.data.__c.2326
                0x00001176       0x20 node_firmware.o
 .progmem.data.__c.1933
                0x00001196        0xf Power.o
 .progmem.data.__c.1931
                0x000011a5       0x18 Power.o
 .progmem.data.__c.1929
                0x000011bd       0x16 Power.o
 .progmem.data.__c.1925
                0x000011d3        0xd Power.o
 .progmem.data.__c.1927
                0x000011e0        0xe Power.o
 .progmem.data.__c.1978
                0x000011ee        0xd Power.o
 .progmem.data.__c.1980
                0x000011fb        0xf Power.o
 .progmem.data.__c.1973
                0x0000120a       0x23 Power.o
 .progmem.data.__c.1969
                0x0000122d       0x1f Power.o
 .progmem.data.__c.1964
                0x0000124c       0x1f Power.o
 .progmem.data.__c.1959
                0x0000126b       0x1f Power.o
 .progmem.data.__c.1954
                0x0000128a       0x2a Power.o
 .progmem.data.__c.1950
                0x000012b4       0x1f Power.o
 .progmem.data.__c.1944
                0x000012d3       0x22 Power.o
 .progmem.data.__c.1939
                0x000012f5       0x1f Power.o
 .progmem.data.__c.2313
                0x00001314        0xe Sensor.o
 .progmem.data.__c.2315
                0x00001322        0xe Sensor.o
 .progmem.data.__c.2322
                0x00001330       0x22 Sensor.o
 .progmem.data.__c.2307
                0x00001352       0x1d Sensor.o
 .progmem.data.__c.2304
                0x0000136f       0x1f Sensor.o
 .progmem.data.__c.2296
                0x0000138e       0x18 Sensor.o
                0x000013a6                . = ALIGN (0x2)
 *(.jumptables)
 *(.jumptables*)
 *(.lowtext)
 *(.lowtext*)
                0x000013a6                __ctors_start = .
 *(.ctors)
                0x000013a6                __ctors_end = .
                0x000013a6                __dtors_start = .
 *(.dtors)
                0x000013a6                __dtors_end = .
 SORT(*)(.ctors)
 SORT(*)(.dtors)
 *(.init0)
 .init0         0x000013a6        0x0 c:/program files (x86)/atmel/atmel toolchain/avr8 gcc/native/3.4.1061/avr8-gnu-toolchain/bin/../lib/gcc/avr/4.8.1/../../../../avr/lib/avr5/crtm328p.o
                0x000013a6                __init
 *(.init0)
 *(.init1)
 .init1         0x000013a6       0x14 common.o
                0x000013a6                StackPaint
 *(.init1)
 *(.init2)
 .init2         0x000013ba        0xc c:/program files (x86)/atmel/atmel toolchain/avr8 gcc/native/3.4.1061/avr8-gnu-toolchain/bin/../lib/gcc/avr/4.8.1/../../../../avr/lib/avr5/crtm328p.o
 *(.init2)
 *(.init3)
 *(.init3)
 *(.init4)
 .init4         0x000013c6       0x16 c:/program files (x86)/atmel/atmel toolchain/avr8 gcc/native/3.4.1061/avr8-gnu-toolchain/bin/../lib/gcc/avr/4.8.1/avr5\libgcc.a(_copy_data.o)
                0x000013c6                __do_copy_data
 .init4         0x000013dc       0x10 c:/program files (x86)/atmel/atmel toolchain/avr8 gcc/native/3.4.1061/avr8-gnu-toolchain/bin/../lib/gcc/avr/4.8.1/avr5\libgcc.a(_clear_bss.o)
                0x000013dc                __do_clear_bss
 *(.init4)
 *(.init5)
 *(.init5)
 *(.init6)
 *(.init6)
 *(.init7)
 *(.init7)
 *(.init8)
 *(.init8)
 *(.init9)
 .init9         0x000013ec        0x8 c:/program files (x86)/atmel/atmel toolchain/avr8 gcc/native/3.4.1061/avr8-gnu-toolchain/bin/../lib/gcc/avr/4.8.1/../../../../avr/lib/avr5/crtm328p.o
 *(.init9)
 *(.text)
 .text          0x000013f4        0x4 c:/program files (x86)/atmel/atmel toolchain/avr8 gcc/native/3.4.1061/avr8-gnu-toolchain/bin/../lib/gcc/avr/4.8.1/../../../../avr/lib/avr5/crtm328p.o
                0x000013f4                __vector_22
                0x000013f4                __vector_1
                0x000013f4                __vector_24
                0x000013f4                __vector_12
                0x000013f4                __bad_interrupt
                0x000013f4                __vector_6
                0x000013f4                __vector_3
                0x000013f4                __vector_23
                0x000013f4                __vector_25
                0x000013f4                __vector_11
                0x000013f4                __vector_13
                0x000013f4                __vector_17
                0x000013f4                __vector_19
                0x000013f4                __vector_7
                0x000013f4                __vector_5
                0x000013f4                __vector_4
                0x000013f4                __vector_9
                0x000013f4                __vector_21
                0x000013f4                __vector_15
                0x000013f4                __vector_8
                0x000013f4                __vector_16
                0x000013f4                __vector_18
                0x000013f4                __vector_20
                0x000013f8                . = ALIGN (0x2)
 *(.text.*)
 .text.BCDToDecimal
                0x000013f8       0x16 common.o
                0x000013f8                BCDToDecimal
 .text.DecimalToBCD
                0x0000140e       0x40 common.o
                0x0000140e                DecimalToBCD
 .text.SetBit   0x0000144e       0x52 common.o
                0x0000144e                SetBit
 .text.IsBitSet
                0x000014a0       0x2c common.o
                0x000014a0                IsBitSet
 .text.IsGlobalInteruptEnabled
                0x000014cc        0xa common.o
                0x000014cc                IsGlobalInteruptEnabled
 .text.StackCount
                0x000014d6       0x3e common.o
                0x000014d6                StackCount
 .text.Config_Load
                0x00001514       0x98 Config.o
                0x00001514                Config_Load
 .text.Config_GetNetworkId
                0x000015ac        0x6 Config.o
                0x000015ac                Config_GetNetworkId
 .text.Config_GetReportInterval
                0x000015b2        0xa Config.o
                0x000015b2                Config_GetReportInterval
 .text.Config_GetNodeId
                0x000015bc        0x6 Config.o
                0x000015bc                Config_GetNodeId
 .text.Event_AddListener
                0x000015c2       0x4c Event.o
                0x000015c2                Event_AddListener
 .text.Event_Trigger
                0x0000160e       0xc6 Event.o
                0x0000160e                Event_Trigger
 .text.libADC_Init
                0x000016d4       0x4e libADC.o
                0x000016d4                libADC_Init
 .text.libADC_Update
                0x00001722      0x116 libADC.o
                0x00001722                libADC_Update
 .text.libADC_Enable
                0x00001838       0x26 libADC.o
                0x00001838                libADC_Enable
 .text.libADC_EnableInput
                0x0000185e       0x2e libADC.o
                0x0000185e                libADC_EnableInput
 .text.libADC_GetSample
                0x0000188c       0x70 libADC.o
                0x0000188c                libADC_GetSample
 .text.libADC_IsChannelValid
                0x000018fc       0x2e libADC.o
                0x000018fc                libADC_IsChannelValid
 .text.libDebug_Print_P
                0x0000192a       0x6c libDebug.o
                0x0000192a                libDebug_Print_P
 .text.libDebug_Init
                0x00001996       0x22 libDebug.o
                0x00001996                libDebug_Init
 .text.libDebug_Sleep
                0x000019b8       0x1a libDebug.o
                0x000019b8                libDebug_Sleep
 .text.PostCallback
                0x000019d2        0x4 libRFM69.o
 .text.PreCallback
                0x000019d6        0xa libRFM69.o
 .text.libRFM69_InitHW
                0x000019e0        0xc libRFM69.o
                0x000019e0                libRFM69_InitHW
 .text.libRFM69_Reset
                0x000019ec       0x2a libRFM69.o
                0x000019ec                libRFM69_Reset
 .text.libRFM69_Init
                0x00001a16       0x16 libRFM69.o
                0x00001a16                libRFM69_Init
 .text.libRFM69_WriteRegister
                0x00001a2c       0x38 libRFM69.o
                0x00001a2c                libRFM69_WriteRegister
 .text.libRFM69_ClearFIFO
                0x00001a64       0x26 libRFM69.o
                0x00001a64                libRFM69_ClearFIFO
 .text.libRFM69_SetRSSIThreshold
                0x00001a8a        0xe libRFM69.o
                0x00001a8a                libRFM69_SetRSSIThreshold
 .text.libRFM69_SetCarrierFrequency
                0x00001a98       0x9c libRFM69.o
                0x00001a98                libRFM69_SetCarrierFrequency
 .text.libRFM69_SetBitRate
                0x00001b34       0x38 libRFM69.o
                0x00001b34                libRFM69_SetBitRate
 .text.libRFM69_SetNodeAddress
                0x00001b6c        0xa libRFM69.o
                0x00001b6c                libRFM69_SetNodeAddress
 .text.libRFM69_SetBroadcastAddress
                0x00001b76        0xa libRFM69.o
                0x00001b76                libRFM69_SetBroadcastAddress
 .text.libRFM69_SetFrequencyDeviation
                0x00001b80       0x8a libRFM69.o
                0x00001b80                libRFM69_SetFrequencyDeviation
 .text.libRFM69_SetPreambleLength
                0x00001c0a       0x18 libRFM69.o
                0x00001c0a                libRFM69_SetPreambleLength
 .text.libRFM69_ReadRegister
                0x00001c22       0x3c libRFM69.o
                0x00001c22                libRFM69_ReadRegister
 .text.libRFM69_IsFIFOFull
                0x00001c5e       0x28 libRFM69.o
                0x00001c5e                libRFM69_IsFIFOFull
 .text.libRFM69_WriteToFIFO
                0x00001c86       0x6c libRFM69.o
                0x00001c86                libRFM69_WriteToFIFO
 .text.libRFM69_EnableCRCAutoClear
                0x00001cf2       0x3c libRFM69.o
                0x00001cf2                libRFM69_EnableCRCAutoClear
 .text.libRFM69_EnableCRC
                0x00001d2e       0x3a libRFM69.o
                0x00001d2e                libRFM69_EnableCRC
 .text.libRFM69_GetMode
                0x00001d68       0x26 libRFM69.o
                0x00001d68                libRFM69_GetMode
 .text.libRFM69_SetMode
                0x00001d8e       0x36 libRFM69.o
                0x00001d8e                libRFM69_SetMode
 .text.libRFM69_IsModeReady
                0x00001dc4       0x26 libRFM69.o
                0x00001dc4                libRFM69_IsModeReady
 .text.libRFM69_WaitForModeReady
                0x00001dea       0x58 libRFM69.o
                0x00001dea                libRFM69_WaitForModeReady
 .text.libRFM69_EnableListenMode
                0x00001e42       0x32 libRFM69.o
                0x00001e42                libRFM69_EnableListenMode
 .text.libRFM69_EnableSequencer
                0x00001e74       0x34 libRFM69.o
                0x00001e74                libRFM69_EnableSequencer
 .text.libRFM69_EnableEncryption
                0x00001ea8       0x3a libRFM69.o
                0x00001ea8                libRFM69_EnableEncryption
 .text.libRFM69_SetPacketFormat
                0x00001ee2       0x40 libRFM69.o
                0x00001ee2                libRFM69_SetPacketFormat
 .text.libRFM69_SetTXStartCondition
                0x00001f22       0x40 libRFM69.o
                0x00001f22                libRFM69_SetTXStartCondition
 .text.libRFM69_RestartRx
                0x00001f62       0x2a libRFM69.o
                0x00001f62                libRFM69_RestartRx
 .text.libRFM69_SetPacketRxDelay
                0x00001f8c       0x3a libRFM69.o
                0x00001f8c                libRFM69_SetPacketRxDelay
 .text.libRFM69_SetAddressFiltering
                0x00001fc6       0x48 libRFM69.o
                0x00001fc6                libRFM69_SetAddressFiltering
 .text.libRFM69_SetDataMode
                0x0000200e       0x3a libRFM69.o
                0x0000200e                libRFM69_SetDataMode
 .text.libRFM69_SetModulationType
                0x00002048       0x4c libRFM69.o
                0x00002048                libRFM69_SetModulationType
 .text.libRFM69_SetModulationShaping
                0x00002094       0x5e libRFM69.o
                0x00002094                libRFM69_SetModulationShaping
 .text.libRFM69_SetPowerAmplifierMode
                0x000020f2       0x78 libRFM69.o
                0x000020f2                libRFM69_SetPowerAmplifierMode
 .text.libRFM69_SetPowerLevel
                0x0000216a       0x46 libRFM69.o
                0x0000216a                libRFM69_SetPowerLevel
 .text.libRFM69_EnableOCP
                0x000021b0       0x3a libRFM69.o
                0x000021b0                libRFM69_EnableOCP
 .text.libRFM69_GetRSSI
                0x000021ea       0x88 libRFM69.o
                0x000021ea                libRFM69_GetRSSI
 .text.libRFM69_SetSyncWordSize
                0x00002272       0x5c libRFM69.o
                0x00002272                libRFM69_SetSyncWordSize
 .text.libRFM69_GetSyncWordSize
                0x000022ce       0x2a libRFM69.o
                0x000022ce                libRFM69_GetSyncWordSize
 .text.libRFM69_SetSyncWord
                0x000022f8       0xa0 libRFM69.o
                0x000022f8                libRFM69_SetSyncWord
 .text.libRFM69_EnableSyncWordGeneration
                0x00002398       0x3a libRFM69.o
                0x00002398                libRFM69_EnableSyncWordGeneration
 .text.libRFM69_SetFIFOFillCondition
                0x000023d2       0x40 libRFM69.o
                0x000023d2                libRFM69_SetFIFOFillCondition
 .text.libRFM69_SetClockOutFrequency
                0x00002412       0x44 libRFM69.o
                0x00002412                libRFM69_SetClockOutFrequency
 .text.libRFM69_SetLNAGain
                0x00002456       0x44 libRFM69.o
                0x00002456                libRFM69_SetLNAGain
 .text.libRFM69_SetLNAInputImpedance
                0x0000249a       0x54 libRFM69.o
                0x0000249a                libRFM69_SetLNAInputImpedance
 .text.libRFM69_EnableAFCLowBeta
                0x000024ee       0x3a libRFM69.o
                0x000024ee                libRFM69_EnableAFCLowBeta
 .text.libRFM69_IsAFCLowBetaEnabled
                0x00002528       0x26 libRFM69.o
                0x00002528                libRFM69_IsAFCLowBetaEnabled
 .text.libRFM69_EnableContinuousDAGC
                0x0000254e       0x1e libRFM69.o
                0x0000254e                libRFM69_EnableContinuousDAGC
 .text.libRFM69_IsTxReady
                0x0000256c       0x26 libRFM69.o
                0x0000256c                libRFM69_IsTxReady
 .text.libRFM69_IsOCPEnabled
                0x00002592       0x26 libRFM69.o
                0x00002592                libRFM69_IsOCPEnabled
 .text.libRFM69_EnableHighPowerSetting
                0x000025b8       0x4c libRFM69.o
                0x000025b8                libRFM69_EnableHighPowerSetting
 .text.libRFM69_IsPayloadReady
                0x00002604       0x26 libRFM69.o
                0x00002604                libRFM69_IsPayloadReady
 .text.libRFM69_IsPacketSent
                0x0000262a       0x26 libRFM69.o
                0x0000262a                libRFM69_IsPacketSent
 .text.libRFM69_IsFIFONotEmpty
                0x00002650       0x26 libRFM69.o
                0x00002650                libRFM69_IsFIFONotEmpty
 .text.libRFM69_ReadFromFIFO
                0x00002676       0x34 libRFM69.o
                0x00002676                libRFM69_ReadFromFIFO
 .text.libSPI_WriteByte
                0x000026aa       0x2c libSPI.o
                0x000026aa                libSPI_WriteByte
 .text.libSPI_ReadByte
                0x000026d6       0x36 libSPI.o
                0x000026d6                libSPI_ReadByte
 .text.libSPI_Read
                0x0000270c       0x66 libSPI.o
                0x0000270c                libSPI_Read
 .text.libSPI_SetMaster
                0x00002772       0x14 libSPI.o
                0x00002772                libSPI_SetMaster
 .text.libSPI_SetMode
                0x00002786       0x64 libSPI.o
                0x00002786                libSPI_SetMode
 .text.libSPI_Init
                0x000027ea       0x72 libSPI.o
                0x000027ea                libSPI_Init
 .text.__vector_14
                0x0000285c       0x4a libTimer.o
                0x0000285c                __vector_14
 .text.libTimer_Init
                0x000028a6       0x2e libTimer.o
                0x000028a6                libTimer_Init
 .text.libTimer_GetMilliseconds
                0x000028d4       0x18 libTimer.o
                0x000028d4                libTimer_GetMilliseconds
 .text.libUART_Init
                0x000028ec       0x18 libUART.o
                0x000028ec                libUART_Init
 .text.libUART_WaitForEmptyBuffer
                0x00002904        0xc libUART.o
                0x00002904                libUART_WaitForEmptyBuffer
 .text.libUART_SendArray
                0x00002910       0x3e libUART.o
                0x00002910                libUART_SendArray
 .text.RTC_GetCurrentTime
                0x0000294e       0x4e RTC.o
                0x0000294e                RTC_GetCurrentTime
 .text.RTC_SetAlarmTime
                0x0000299c       0x3a RTC.o
                0x0000299c                RTC_SetAlarmTime
 .text.RTC_IsLeapYear
                0x000029d6       0x6e RTC.o
                0x000029d6                RTC_IsLeapYear
 .text.RTC_AddYears
                0x00002a44       0x32 RTC.o
                0x00002a44                RTC_AddYears
 .text.RTC_AddMonths
                0x00002a76       0x38 RTC.o
                0x00002a76                RTC_AddMonths
 .text.RTC_AddDays
                0x00002aae       0x82 RTC.o
                0x00002aae                RTC_AddDays
 .text.RTC_AddHours
                0x00002b30       0x38 RTC.o
                0x00002b30                RTC_AddHours
 .text.RTC_AddMinutes
                0x00002b68       0x38 RTC.o
                0x00002b68                RTC_AddMinutes
 .text.RTC_AddSeconds
                0x00002ba0       0x38 RTC.o
                0x00002ba0                RTC_AddSeconds
 .text.Timer_TimeDifference
                0x00002bd8       0x46 Timer.o
                0x00002bd8                Timer_TimeDifference
 .text.DumpPacket
                0x00002c1e       0xee Transceiver.o
 .text.HandlePayload
                0x00002d0c       0xd0 Transceiver.o
 .text.Transceiver_Init
                0x00002ddc      0x124 Transceiver.o
                0x00002ddc                Transceiver_Init
 .text.Transceiver_Update
                0x00002f00      0x2ce Transceiver.o
                0x00002f00                Transceiver_Update
 .text.Transceiver_SendPacket
                0x000031ce       0xd4 Transceiver.o
                0x000031ce                Transceiver_SendPacket
 .text.Transceiver_EventHandler
                0x000032a2       0x86 Transceiver.o
                0x000032a2                Transceiver_EventHandler
 .text.ErrorHandler_PointOfNoReturn
                0x00003328       0x2e Utility/ErrorHandler.o
                0x00003328                ErrorHandler_PointOfNoReturn
 .text.ErrorHandler_AssertFail
                0x00003356       0x62 Utility/ErrorHandler.o
                0x00003356                ErrorHandler_AssertFail
 .text.ErrorHandler_Init
                0x000033b8       0xcc Utility/ErrorHandler.o
                0x000033b8                ErrorHandler_Init
 .text.LED_ChangeState
                0x00003484       0x58 LED.o
                0x00003484                LED_ChangeState
 .text.LED_EventHandler
                0x000034dc       0x32 LED.o
                0x000034dc                LED_EventHandler
 .text.__vector_10
                0x0000350e       0x98 libDHT22.o
                0x0000350e                __vector_10
 .text.libDHT22_Init
                0x000035a6       0x40 libDHT22.o
                0x000035a6                libDHT22_Init
 .text.libDHT22_Update
                0x000035e6      0x3aa libDHT22.o
                0x000035e6                libDHT22_Update
 .text.libDHT22_GetSensorReading
                0x00003990       0x16 libDHT22.o
                0x00003990                libDHT22_GetSensorReading
 .text.libDHT22_IsReadingValid
                0x000039a6        0x6 libDHT22.o
                0x000039a6                libDHT22_IsReadingValid
 .text.libDHT22_StartReading
                0x000039ac       0x10 libDHT22.o
                0x000039ac                libDHT22_StartReading
 .text.PostCallback
                0x000039bc        0x4 libFlash.o
 .text.PreCallback
                0x000039c0        0xa libFlash.o
 .text.libFlash_InitHW
                0x000039ca        0xa libFlash.o
                0x000039ca                libFlash_InitHW
 .text.libFlash_GetId
                0x000039d4       0x72 libFlash.o
                0x000039d4                libFlash_GetId
 .text.libFlash_Test
                0x00003a46       0xc2 libFlash.o
                0x00003a46                libFlash_Test
 .text.libFlash_Init
                0x00003b08        0x6 libFlash.o
                0x00003b08                libFlash_Init
 .text.libLED_Enable
                0x00003b0e        0xc libLED.o
                0x00003b0e                libLED_Enable
 .text.PostCallback
                0x00003b1a        0x4 libMCP79510.o
 .text.WriteRegister
                0x00003b1e       0x4c libMCP79510.o
 .text.ReadRegister
                0x00003b6a       0x5a libMCP79510.o
 .text.PreCallback
                0x00003bc4        0xa libMCP79510.o
 .text.libMCP79510_HWInit
                0x00003bce        0xa libMCP79510.o
                0x00003bce                libMCP79510_HWInit
 .text.libMCP79510_GetSecond
                0x00003bd8       0x1a libMCP79510.o
                0x00003bd8                libMCP79510_GetSecond
 .text.libMCP79510_SetAlarmSeconds
                0x00003bf2       0x44 libMCP79510.o
                0x00003bf2                libMCP79510_SetAlarmSeconds
 .text.libMCP79510_GetMinute
                0x00003c36       0x18 libMCP79510.o
                0x00003c36                libMCP79510_GetMinute
 .text.libMCP79510_SetAlarmMinute
                0x00003c4e       0x44 libMCP79510.o
                0x00003c4e                libMCP79510_SetAlarmMinute
 .text.libMCP79510_GetHour
                0x00003c92       0x4c libMCP79510.o
                0x00003c92                libMCP79510_GetHour
 .text.libMCP79510_SetAlarmHour
                0x00003cde       0x92 libMCP79510.o
                0x00003cde                libMCP79510_SetAlarmHour
 .text.libMCP79510_GetDate
                0x00003d70       0x18 libMCP79510.o
                0x00003d70                libMCP79510_GetDate
 .text.libMCP79510_GetMonth
                0x00003d88       0x1a libMCP79510.o
                0x00003d88                libMCP79510_GetMonth
 .text.libMCP79510_GetYear
                0x00003da2       0x18 libMCP79510.o
                0x00003da2                libMCP79510_GetYear
 .text.libMCP79510_EnableOscillator
                0x00003dba       0x22 libMCP79510.o
                0x00003dba                libMCP79510_EnableOscillator
 .text.libMCP79510_EnableAlarm
                0x00003ddc       0x62 libMCP79510.o
                0x00003ddc                libMCP79510_EnableAlarm
 .text.libMCP79510_EnableSquareWave
                0x00003e3e       0x36 libMCP79510.o
                0x00003e3e                libMCP79510_EnableSquareWave
 .text.libMCP79510_Init
                0x00003e74       0x2e libMCP79510.o
                0x00003e74                libMCP79510_Init
 .text.libMCP79510_ClearAlarmFlag
                0x00003ea2       0x34 libMCP79510.o
                0x00003ea2                libMCP79510_ClearAlarmFlag
 .text.__vector_2
                0x00003ed6       0x14 libPower.o
                0x00003ed6                __vector_2
 .text.libPower_Init
                0x00003eea       0x1a libPower.o
                0x00003eea                libPower_Init
 .text.libPower_Sleep
                0x00003f04       0x3e libPower.o
                0x00003f04                libPower_Sleep
 .text.libPower_IsChargerConnected
                0x00003f42        0xc libPower.o
                0x00003f42                libPower_IsChargerConnected
 .text.libPower_IsCharging
                0x00003f4e        0xc libPower.o
                0x00003f4e                libPower_IsCharging
 .text.libPower_GetBatteryVoltage
                0x00003f5a       0x52 libPower.o
                0x00003f5a                libPower_GetBatteryVoltage
 .text.libPower_IsBatteryVoltageValid
                0x00003fac        0x8 libPower.o
                0x00003fac                libPower_IsBatteryVoltageValid
 .text.RHTSent  0x00003fb4        0x8 node_firmware.o
 .text.main     0x00003fbc      0x2b6 node_firmware.o
                0x00003fbc                main
 .text.Power_Init
                0x00004272        0x8 Power.o
                0x00004272                Power_Init
 .text.Power_Update
                0x0000427a      0x298 Power.o
                0x0000427a                Power_Update
 .text.Power_WakeUp
                0x00004512       0x66 Power.o
                0x00004512                Power_WakeUp
 .text.SendCallback
                0x00004578       0x60 Sensor.o
 .text.Sensor_Init
                0x000045d8       0x1e Sensor.o
                0x000045d8                Sensor_Init
 .text.Sensor_Update
                0x000045f6       0xe2 Sensor.o
                0x000045f6                Sensor_Update
 .text.Sensor_WakeUp
                0x000046d8       0x1a Sensor.o
                0x000046d8                Sensor_WakeUp
 .text.avr-libc.fplib
                0x000046f2        0xa c:/program files (x86)/atmel/atmel toolchain/avr8 gcc/native/3.4.1061/avr8-gnu-toolchain/bin/../lib/gcc/avr/4.8.1/../../../../avr/lib/avr5\libm.a(addsf3.o)
                0x000046f2                __subsf3
                0x000046f4                __addsf3
 .text.avr-libc.fplib
                0x000046fc       0xc0 c:/program files (x86)/atmel/atmel toolchain/avr8 gcc/native/3.4.1061/avr8-gnu-toolchain/bin/../lib/gcc/avr/4.8.1/../../../../avr/lib/avr5\libm.a(addsf3x.o)
                0x00004716                __addsf3x
 .text.avr-libc.fplib
                0x000047bc        0x4 c:/program files (x86)/atmel/atmel toolchain/avr8 gcc/native/3.4.1061/avr8-gnu-toolchain/bin/../lib/gcc/avr/4.8.1/../../../../avr/lib/avr5\libm.a(divsf3.o)
                0x000047bc                __divsf3
 .text.avr-libc.fplib
                0x000047c0       0xcc c:/program files (x86)/atmel/atmel toolchain/avr8 gcc/native/3.4.1061/avr8-gnu-toolchain/bin/../lib/gcc/avr/4.8.1/../../../../avr/lib/avr5\libm.a(divsf3x.o)
                0x000047d6                __divsf3x
                0x000047da                __divsf3_pse
 .text.avr-libc.fplib
                0x0000488c       0x58 c:/program files (x86)/atmel/atmel toolchain/avr8 gcc/native/3.4.1061/avr8-gnu-toolchain/bin/../lib/gcc/avr/4.8.1/../../../../avr/lib/avr5\libm.a(fixunssfsi.o)
                0x0000488c                __fixunssfsi
 .text.avr-libc.fplib
                0x000048e4       0x7a c:/program files (x86)/atmel/atmel toolchain/avr8 gcc/native/3.4.1061/avr8-gnu-toolchain/bin/../lib/gcc/avr/4.8.1/../../../../avr/lib/avr5\libm.a(floatsisf.o)
                0x000048e4                __floatunsisf
                0x000048e8                __floatsisf
 .text.avr-libc.fplib
                0x0000495e        0xc c:/program files (x86)/atmel/atmel toolchain/avr8 gcc/native/3.4.1061/avr8-gnu-toolchain/bin/../lib/gcc/avr/4.8.1/../../../../avr/lib/avr5\libm.a(fp_inf.o)
                0x0000495e                __fp_inf
 .text.avr-libc.fplib
                0x0000496a        0x6 c:/program files (x86)/atmel/atmel toolchain/avr8 gcc/native/3.4.1061/avr8-gnu-toolchain/bin/../lib/gcc/avr/4.8.1/../../../../avr/lib/avr5\libm.a(fp_nan.o)
                0x0000496a                __fp_nan
 .text.avr-libc.fplib
                0x00004970        0xe c:/program files (x86)/atmel/atmel toolchain/avr8 gcc/native/3.4.1061/avr8-gnu-toolchain/bin/../lib/gcc/avr/4.8.1/../../../../avr/lib/avr5\libm.a(fp_pscA.o)
                0x00004970                __fp_pscA
 .text.avr-libc.fplib
                0x0000497e        0xe c:/program files (x86)/atmel/atmel toolchain/avr8 gcc/native/3.4.1061/avr8-gnu-toolchain/bin/../lib/gcc/avr/4.8.1/../../../../avr/lib/avr5\libm.a(fp_pscB.o)
                0x0000497e                __fp_pscB
 .text.avr-libc.fplib
                0x0000498c       0x22 c:/program files (x86)/atmel/atmel toolchain/avr8 gcc/native/3.4.1061/avr8-gnu-toolchain/bin/../lib/gcc/avr/4.8.1/../../../../avr/lib/avr5\libm.a(fp_round.o)
                0x0000498c                __fp_round
 .text.avr-libc.fplib
                0x000049ae       0x44 c:/program files (x86)/atmel/atmel toolchain/avr8 gcc/native/3.4.1061/avr8-gnu-toolchain/bin/../lib/gcc/avr/4.8.1/../../../../avr/lib/avr5\libm.a(fp_split3.o)
                0x000049ae                __fp_split3
                0x000049be                __fp_splitA
 .text.avr-libc.fplib
                0x000049f2        0xe c:/program files (x86)/atmel/atmel toolchain/avr8 gcc/native/3.4.1061/avr8-gnu-toolchain/bin/../lib/gcc/avr/4.8.1/../../../../avr/lib/avr5\libm.a(fp_zero.o)
                0x000049f2                __fp_zero
                0x000049f4                __fp_szero
 .text.libgcc.div
                0x00004a00       0x28 c:/program files (x86)/atmel/atmel toolchain/avr8 gcc/native/3.4.1061/avr8-gnu-toolchain/bin/../lib/gcc/avr/4.8.1/avr5\libgcc.a(_udivmodhi4.o)
                0x00004a00                __udivmodhi4
 .text.libgcc.div
                0x00004a28       0x28 c:/program files (x86)/atmel/atmel toolchain/avr8 gcc/native/3.4.1061/avr8-gnu-toolchain/bin/../lib/gcc/avr/4.8.1/avr5\libgcc.a(_divmodhi4.o)
                0x00004a28                _div
                0x00004a28                __divmodhi4
 .text.libgcc.div
                0x00004a50       0x44 c:/program files (x86)/atmel/atmel toolchain/avr8 gcc/native/3.4.1061/avr8-gnu-toolchain/bin/../lib/gcc/avr/4.8.1/avr5\libgcc.a(_udivmodsi4.o)
                0x00004a50                __udivmodsi4
 .text.libgcc.mul
                0x00004a94       0x1e c:/program files (x86)/atmel/atmel toolchain/avr8 gcc/native/3.4.1061/avr8-gnu-toolchain/bin/../lib/gcc/avr/4.8.1/avr5\libgcc.a(_umulhisi3.o)
                0x00004a94                __umulhisi3
 .text.avr-libc
                0x00004ab2       0x1e c:/program files (x86)/atmel/atmel toolchain/avr8 gcc/native/3.4.1061/avr8-gnu-toolchain/bin/../lib/gcc/avr/4.8.1/../../../../avr/lib/avr5\libc.a(strncpy_P.o)
                0x00004ab2                strncpy_P
 .text.avr-libc
                0x00004ad0       0x12 c:/program files (x86)/atmel/atmel toolchain/avr8 gcc/native/3.4.1061/avr8-gnu-toolchain/bin/../lib/gcc/avr/4.8.1/../../../../avr/lib/avr5\libc.a(memcpy.o)
                0x00004ad0                memcpy
 .text.avr-libc
                0x00004ae2       0x58 c:/program files (x86)/atmel/atmel toolchain/avr8 gcc/native/3.4.1061/avr8-gnu-toolchain/bin/../lib/gcc/avr/4.8.1/../../../../avr/lib/avr5\libc.a(vsnprintf_p.o)
                0x00004ae2                vsnprintf_P
 .text.avr-libc
                0x00004b3a      0x3a4 c:/program files (x86)/atmel/atmel toolchain/avr8 gcc/native/3.4.1061/avr8-gnu-toolchain/bin/../lib/gcc/avr/4.8.1/../../../../avr/lib/avr5\libc.a(vfprintf_std.o)
                0x00004b3a                vfprintf
 .text.avr-libc
                0x00004ede       0x20 c:/program files (x86)/atmel/atmel toolchain/avr8 gcc/native/3.4.1061/avr8-gnu-toolchain/bin/../lib/gcc/avr/4.8.1/../../../../avr/lib/avr5\libc.a(eerd_block_atmega328p.o)
                0x00004ede                __eerd_block_m328p
                0x00004ee2                __eerd_blraw_m328p
 .text.avr-libc
                0x00004efe        0xc c:/program files (x86)/atmel/atmel toolchain/avr8 gcc/native/3.4.1061/avr8-gnu-toolchain/bin/../lib/gcc/avr/4.8.1/../../../../avr/lib/avr5\libc.a(eerd_word_atmega328p.o)
                0x00004efe                __eerd_word_m328p
 .text.avr-libc
                0x00004f0a       0x16 c:/program files (x86)/atmel/atmel toolchain/avr8 gcc/native/3.4.1061/avr8-gnu-toolchain/bin/../lib/gcc/avr/4.8.1/../../../../avr/lib/avr5\libc.a(strnlen_P.o)
                0x00004f0a                strnlen_P
 .text.avr-libc
                0x00004f20       0x16 c:/program files (x86)/atmel/atmel toolchain/avr8 gcc/native/3.4.1061/avr8-gnu-toolchain/bin/../lib/gcc/avr/4.8.1/../../../../avr/lib/avr5\libc.a(strnlen.o)
                0x00004f20                strnlen
 .text.avr-libc
                0x00004f36       0x64 c:/program files (x86)/atmel/atmel toolchain/avr8 gcc/native/3.4.1061/avr8-gnu-toolchain/bin/../lib/gcc/avr/4.8.1/../../../../avr/lib/avr5\libc.a(fputc.o)
                0x00004f36                fputc
 .text.avr-libc
                0x00004f9a       0xbc c:/program files (x86)/atmel/atmel toolchain/avr8 gcc/native/3.4.1061/avr8-gnu-toolchain/bin/../lib/gcc/avr/4.8.1/../../../../avr/lib/avr5\libc.a(ultoa_invert.o)
                0x00004f9a                __ultoa_invert
 .text.libgcc.prologue
                0x00005056       0x38 c:/program files (x86)/atmel/atmel toolchain/avr8 gcc/native/3.4.1061/avr8-gnu-toolchain/bin/../lib/gcc/avr/4.8.1/avr5\libgcc.a(_prologue.o)
                0x00005056                __prologue_saves__
 .text.libgcc.prologue
                0x0000508e       0x36 c:/program files (x86)/atmel/atmel toolchain/avr8 gcc/native/3.4.1061/avr8-gnu-toolchain/bin/../lib/gcc/avr/4.8.1/avr5\libgcc.a(_epilogue.o)
                0x0000508e                __epilogue_restores__
                0x000050c4                . = ALIGN (0x2)
 *(.fini9)
 .fini9         0x000050c4        0x0 c:/program files (x86)/atmel/atmel toolchain/avr8 gcc/native/3.4.1061/avr8-gnu-toolchain/bin/../lib/gcc/avr/4.8.1/avr5\libgcc.a(_exit.o)
                0x000050c4                _exit
                0x000050c4                exit
 *(.fini9)
 *(.fini8)
 *(.fini8)
 *(.fini7)
 *(.fini7)
 *(.fini6)
 *(.fini6)
 *(.fini5)
 *(.fini5)
 *(.fini4)
 *(.fini4)
 *(.fini3)
 *(.fini3)
 *(.fini2)
 *(.fini2)
 *(.fini1)
 *(.fini1)
 *(.fini0)
 .fini0         0x000050c4        0x4 c:/program files (x86)/atmel/atmel toolchain/avr8 gcc/native/3.4.1061/avr8-gnu-toolchain/bin/../lib/gcc/avr/4.8.1/avr5\libgcc.a(_exit.o)
 *(.fini0)
                0x000050c8                _etext = .

.data           0x00800100      0x208 load address 0x000050c8
                0x00800100                PROVIDE (__data_start, .)
 *(.data)
 *(.data*)
 *(.rodata)
 *(.rodata*)
 .rodata.__func__.1924
                0x00800100        0xc Config.o
 .rodata.__func__.1771
                0x0080010c        0xe libADC.o
 .rodata.__func__.1756
                0x0080011a        0xc libADC.o
 .rodata.__func__.2153
                0x00800126        0xe libDebug.o
 .rodata.__func__.2429
                0x00800134       0x15 libRFM69.o
 .rodata.__func__.2388
                0x00800149       0x11 libRFM69.o
 .rodata.__func__.2359
                0x0080015a       0x20 libRFM69.o
 .rodata.__func__.2203
                0x0080017a       0x1a libRFM69.o
 .rodata.__func__.2187
                0x00800194       0x13 libRFM69.o
 .rodata.__func__.2170
                0x008001a7       0x15 libRFM69.o
 .rodata.__func__.2116
                0x008001bc        0xf libSPI.o
 .rodata.__func__.2043
                0x008001cb        0xc libSPI.o
 .rodata.days_in_months
                0x008001d7        0xc RTC.o
 .rodata.__func__.2483
                0x008001e3       0x19 Transceiver.o
 .rodata.__func__.2464
                0x008001fc       0x17 Transceiver.o
 .rodata.__func__.2511
                0x00800213        0xe Transceiver.o
 .rodata.__func__.2520
                0x00800221       0x11 Transceiver.o
 .rodata.__func__.2439
                0x00800232       0x13 Transceiver.o
 .rodata.__func__.2432
                0x00800245       0x11 Transceiver.o
 .rodata.__func__.1960
                0x00800256       0x1d Utility/ErrorHandler.o
 .rodata.__func__.1843
                0x00800273        0xe libDHT22.o
 .rodata.__func__.1816
                0x00800281       0x14 libDHT22.o
 .rodata.__func__.1773
                0x00800295        0xe libDHT22.o
 .rodata.__func__.1855
                0x008002a3       0x11 libMCP79510.o
 .rodata.__func__.2358
                0x008002b4       0x14 node_firmware.o
 .rodata.__func__.2328
                0x008002c8        0x5 node_firmware.o
 .rodata.__func__.1941
                0x008002cd       0x14 Power.o
 .rodata.__func__.2324
                0x008002e1        0xd Sensor.o
 .rodata.__func__.2306
                0x008002ee        0xe Sensor.o
 .rodata.__func__.2298
                0x008002fc        0xc Sensor.o
 *(.gnu.linkonce.d*)
                0x00800308                . = ALIGN (0x2)
                0x00800308                _edata = .
                0x00800308                PROVIDE (__data_end, .)

.bss            0x00800308      0x11f
                0x00800308                PROVIDE (__bss_start, .)
 *(.bss)
 *(.bss*)
 .bss.active_config
                0x00800308       0x1f Config.o
 .bss.listener_pool
                0x00800327       0x1e Event.o
 .bss.nr_listeners
                0x00800345        0x1 Event.o
 .bss.current_input.1760
                0x00800346        0x1 libADC.o
 .bss.adc_inputs
                0x00800347       0x2d libADC.o
 .bss.adc_state
                0x00800374        0x1 libADC.o
 .bss.reset_time_ms
                0x00800375        0x4 libRFM69.o
 .bss.slave_active
                0x00800379        0x1 libSPI.o
 .bss.spi_status
                0x0080037a        0x1 libSPI.o
 .bss.state.2541
                0x0080037b        0x1 Transceiver.o
 .bss.state.2524
                0x0080037c        0x1 Transceiver.o
 .bss.packet_handlers
                0x0080037d        0x8 Transceiver.o
 .bss.packet_frame
                0x00800385       0x23 Transceiver.o
 .bss.transceiver_state
                0x008003a8        0x1 Transceiver.o
 .bss.current_id
                0x008003a9        0x1 Utility/ErrorHandler.o
 .bss.current_index
                0x008003aa        0x1 Utility/ErrorHandler.o
 .bss.led_timer
                0x008003ab        0x4 LED.o
 .bss.led_state
                0x008003af        0x1 LED.o
 .bss.reading_timer.1808
                0x008003b0        0x4 libDHT22.o
 .bss.state.1807
                0x008003b4        0x1 libDHT22.o
 .bss.pulse_timings
                0x008003b5       0x56 libDHT22.o
 .bss.pulse_counter
                0x0080040b        0x4 libDHT22.o
 .bss.init_time
                0x0080040f        0x4 libDHT22.o
 .bss.sensor_reading
                0x00800413        0x9 libDHT22.o
 .bss.dht22_state
                0x0080041c        0x1 libDHT22.o
 .bss.sleep_status
                0x0080041d        0x5 node_firmware.o
 .bss.battery_state
                0x00800422        0x1 Power.o
 *(COMMON)
 COMMON         0x00800423        0x4 libTimer.o
                0x00800423                system_timer
                0x00800427                PROVIDE (__bss_end, .)
                0x000050c8                __data_load_start = LOADADDR (.data)
                0x000052d0                __data_load_end = (__data_load_start + SIZEOF (.data))

.noinit         0x00800427        0x0
                0x00800427                PROVIDE (__noinit_start, .)
 *(.noinit*)
                0x00800427                PROVIDE (__noinit_end, .)
                0x00800427                _end = .
                0x00800427                PROVIDE (__heap_start, .)

.eeprom         0x00810000      0x33f
 *(.eeprom*)
 .eeprom        0x00810000       0x1f Config.o
 .eeprom        0x0081001f      0x320 Utility/ErrorHandler.o
                0x0081033f                __eeprom_end = .

.fuse
 *(.fuse)
 *(.lfuse)
 *(.hfuse)
 *(.efuse)

.lock
 *(.lock*)

.signature
 *(.signature*)

.user_signatures
 *(.user_signatures*)

.stab
 *(.stab)

.stabstr
 *(.stabstr)

.stab.excl
 *(.stab.excl)

.stab.exclstr
 *(.stab.exclstr)

.stab.index
 *(.stab.index)

.stab.indexstr
 *(.stab.indexstr)

.comment        0x00000000       0x5c
 *(.comment)
 .comment       0x00000000       0x30 common.o
                                 0x31 (size before relaxing)
 .comment       0x00000000       0x31 Config.o
 .comment       0x00000000       0x31 Event.o
 .comment       0x00000000       0x31 libADC.o
 .comment       0x00000000       0x31 libDebug.o
 .comment       0x00000000       0x31 libRFM69.o
 .comment       0x00000000       0x31 libSPI.o
 .comment       0x00000000       0x31 libTimer.o
 .comment       0x00000000       0x31 libUART.o
 .comment       0x00000000       0x31 RTC.o
 .comment       0x00000000       0x31 Timer.o
 .comment       0x00000000       0x31 Transceiver.o
 .comment       0x00000000       0x31 Utility/ErrorHandler.o
 .comment       0x00000000       0x31 LED.o
 .comment       0x00000000       0x31 libDHT22.o
 .comment       0x00000000       0x31 libFlash.o
 .comment       0x00000000       0x31 libLED.o
 .comment       0x00000000       0x31 libMCP79510.o
 .comment       0x00000000       0x31 libPower.o
 .comment       0x00000000       0x31 node_firmware.o
 .comment       0x00000000       0x31 Power.o
 .comment       0x00000000       0x31 Sensor.o
 .comment       0x00000000       0x31 c:/program files (x86)/atmel/atmel toolchain/avr8 gcc/native/3.4.1061/avr8-gnu-toolchain/bin/../lib/gcc/avr/4.8.1/../../../../avr/lib/avr5\libc.a(vsnprintf_p.o)
 .comment       0x00000030       0x2c c:/program files (x86)/atmel/atmel toolchain/avr8 gcc/native/3.4.1061/avr8-gnu-toolchain/bin/../lib/gcc/avr/4.8.1/../../../../avr/lib/avr5\libc.a(vfprintf_std.o)
                                 0x2d (size before relaxing)
 .comment       0x00000000       0x31 c:/program files (x86)/atmel/atmel toolchain/avr8 gcc/native/3.4.1061/avr8-gnu-toolchain/bin/../lib/gcc/avr/4.8.1/../../../../avr/lib/avr5\libc.a(fputc.o)

.note.gnu.build-id
 *(.note.gnu.build-id)

.debug
 *(.debug)

.line
 *(.line)

.debug_srcinfo
 *(.debug_srcinfo)

.debug_sfnames
 *(.debug_sfnames)

.debug_aranges  0x00000000      0x978
 *(.debug_aranges)
 .debug_aranges
                0x00000000       0x68 common.o
 .debug_aranges
                0x00000068       0x80 Config.o
 .debug_aranges
                0x000000e8       0x28 Event.o
 .debug_aranges
                0x00000110       0x48 libADC.o
 .debug_aranges
                0x00000158       0x30 libDebug.o
 .debug_aranges
                0x00000188      0x278 libRFM69.o
 .debug_aranges
                0x00000400       0x68 libSPI.o
 .debug_aranges
                0x00000468       0x38 libTimer.o
 .debug_aranges
                0x000004a0       0x38 libUART.o
 .debug_aranges
                0x000004d8       0x88 RTC.o
 .debug_aranges
                0x00000560       0x28 Timer.o
 .debug_aranges
                0x00000588       0x50 Transceiver.o
 .debug_aranges
                0x000005d8       0x40 Utility/ErrorHandler.o
 .debug_aranges
                0x00000618       0x48 LED.o
 .debug_aranges
                0x00000660       0x50 libDHT22.o
 .debug_aranges
                0x000006b0       0x58 libFlash.o
 .debug_aranges
                0x00000708       0x30 libLED.o
 .debug_aranges
                0x00000738      0x158 libMCP79510.o
 .debug_aranges
                0x00000890       0x58 libPower.o
 .debug_aranges
                0x000008e8       0x28 node_firmware.o
 .debug_aranges
                0x00000910       0x30 Power.o
 .debug_aranges
                0x00000940       0x38 Sensor.o

.debug_pubnames
 *(.debug_pubnames)

.debug_info     0x00000000     0xaf69
 *(.debug_info .gnu.linkonce.wi.*)
 .debug_info    0x00000000      0x3cb common.o
 .debug_info    0x000003cb      0x678 Config.o
 .debug_info    0x00000a43      0x31d Event.o
 .debug_info    0x00000d60      0x49b libADC.o
 .debug_info    0x000011fb      0x31f libDebug.o
 .debug_info    0x0000151a     0x286b libRFM69.o
 .debug_info    0x00003d85      0x4f7 libSPI.o
 .debug_info    0x0000427c      0x1dd libTimer.o
 .debug_info    0x00004459      0x14c libUART.o
 .debug_info    0x000045a5      0xc6d RTC.o
 .debug_info    0x00005212       0xf8 Timer.o
 .debug_info    0x0000530a     0x1374 Transceiver.o
 .debug_info    0x0000667e      0x538 Utility/ErrorHandler.o
 .debug_info    0x00006bb6      0x50a LED.o
 .debug_info    0x000070c0      0x723 libDHT22.o
 .debug_info    0x000077e3      0x5fb libFlash.o
 .debug_info    0x00007dde      0x14a libLED.o
 .debug_info    0x00007f28     0x172d libMCP79510.o
 .debug_info    0x00009655      0x332 libPower.o
 .debug_info    0x00009987      0x8db node_firmware.o
 .debug_info    0x0000a262      0x74a Power.o
 .debug_info    0x0000a9ac      0x5bd Sensor.o

.debug_abbrev   0x00000000     0x2942
 *(.debug_abbrev)
 .debug_abbrev  0x00000000      0x183 common.o
 .debug_abbrev  0x00000183      0x240 Config.o
 .debug_abbrev  0x000003c3      0x17d Event.o
 .debug_abbrev  0x00000540      0x1ec libADC.o
 .debug_abbrev  0x0000072c      0x196 libDebug.o
 .debug_abbrev  0x000008c2      0x392 libRFM69.o
 .debug_abbrev  0x00000c54      0x1e8 libSPI.o
 .debug_abbrev  0x00000e3c      0x13e libTimer.o
 .debug_abbrev  0x00000f7a       0xf6 libUART.o
 .debug_abbrev  0x00001070      0x22b RTC.o
 .debug_abbrev  0x0000129b       0xae Timer.o
 .debug_abbrev  0x00001349      0x316 Transceiver.o
 .debug_abbrev  0x0000165f      0x1a3 Utility/ErrorHandler.o
 .debug_abbrev  0x00001802      0x19c LED.o
 .debug_abbrev  0x0000199e      0x2d1 libDHT22.o
 .debug_abbrev  0x00001c6f      0x1d8 libFlash.o
 .debug_abbrev  0x00001e47       0xe4 libLED.o
 .debug_abbrev  0x00001f2b      0x260 libMCP79510.o
 .debug_abbrev  0x0000218b      0x1c1 libPower.o
 .debug_abbrev  0x0000234c      0x238 node_firmware.o
 .debug_abbrev  0x00002584      0x1e3 Power.o
 .debug_abbrev  0x00002767      0x1db Sensor.o

.debug_line     0x00000000     0x3447
 *(.debug_line .debug_line.* .debug_line_end)
 .debug_line    0x00000000      0x1cc common.o
 .debug_line    0x000001cc      0x2ef Config.o
 .debug_line    0x000004bb      0x13c Event.o
 .debug_line    0x000005f7      0x1b0 libADC.o
 .debug_line    0x000007a7      0x1bc libDebug.o
 .debug_line    0x00000963      0x8b2 libRFM69.o
 .debug_line    0x00001215      0x2aa libSPI.o
 .debug_line    0x000014bf      0x195 libTimer.o
 .debug_line    0x00001654      0x11b libUART.o
 .debug_line    0x0000176f      0x3ad RTC.o
 .debug_line    0x00001b1c       0xdf Timer.o
 .debug_line    0x00001bfb      0x28a Transceiver.o
 .debug_line    0x00001e85      0x27b Utility/ErrorHandler.o
 .debug_line    0x00002100      0x1bd LED.o
 .debug_line    0x000022bd      0x207 libDHT22.o
 .debug_line    0x000024c4      0x1fd libFlash.o
 .debug_line    0x000026c1       0xf6 libLED.o
 .debug_line    0x000027b7      0x58d libMCP79510.o
 .debug_line    0x00002d44      0x198 libPower.o
 .debug_line    0x00002edc      0x271 node_firmware.o
 .debug_line    0x0000314d      0x174 Power.o
 .debug_line    0x000032c1      0x186 Sensor.o

.debug_frame    0x00000000     0x1f2c
 *(.debug_frame)
 .debug_frame   0x00000000      0x100 common.o
 .debug_frame   0x00000100      0x104 Config.o
 .debug_frame   0x00000204       0x68 Event.o
 .debug_frame   0x0000026c       0x94 libADC.o
 .debug_frame   0x00000300       0x70 libDebug.o
 .debug_frame   0x00000370      0xa94 libRFM69.o
 .debug_frame   0x00000e04      0x154 libSPI.o
 .debug_frame   0x00000f58       0x74 libTimer.o
 .debug_frame   0x00000fcc       0x80 libUART.o
 .debug_frame   0x0000104c      0x1d8 RTC.o
 .debug_frame   0x00001224       0x48 Timer.o
 .debug_frame   0x0000126c      0x208 Transceiver.o
 .debug_frame   0x00001474      0x148 Utility/ErrorHandler.o
 .debug_frame   0x000015bc       0xa8 LED.o
 .debug_frame   0x00001664      0x10c libDHT22.o
 .debug_frame   0x00001770       0xe8 libFlash.o
 .debug_frame   0x00001858       0x54 libLED.o
 .debug_frame   0x000018ac      0x470 libMCP79510.o
 .debug_frame   0x00001d1c       0xb0 libPower.o
 .debug_frame   0x00001dcc       0x44 node_firmware.o
 .debug_frame   0x00001e10       0x84 Power.o
 .debug_frame   0x00001e94       0x98 Sensor.o

.debug_str      0x00000000     0x2c6d
 *(.debug_str)
 .debug_str     0x00000000      0x26a common.o
                                0x2c3 (size before relaxing)
 .debug_str     0x0000026a      0x219 Config.o
                                0x3a8 (size before relaxing)
 .debug_str     0x00000483      0x169 Event.o
                                0x304 (size before relaxing)
 .debug_str     0x000005ec      0x183 libADC.o
                                0x337 (size before relaxing)
 .debug_str     0x0000076f       0xae libDebug.o
                                0x33e (size before relaxing)
 .debug_str     0x0000081d      0xe32 libRFM69.o
                               0x101e (size before relaxing)
 .debug_str     0x0000164f      0x11b libSPI.o
                                0x323 (size before relaxing)
 .debug_str     0x0000176a       0x8d libTimer.o
                                0x1fb (size before relaxing)
 .debug_str     0x000017f7       0x3d libUART.o
                                0x1c8 (size before relaxing)
 .debug_str     0x00001834      0x34c RTC.o
                                0x510 (size before relaxing)
 .debug_str     0x00001b80       0x4b Timer.o
                                0x1ce (size before relaxing)
 .debug_str     0x00001bcb      0x540 Transceiver.o
                                0xfae (size before relaxing)
 .debug_str     0x0000210b       0xfb Utility/ErrorHandler.o
                                0x2f8 (size before relaxing)
 .debug_str     0x00002206      0x14e LED.o
                                0x42d (size before relaxing)
 .debug_str     0x00002354      0x272 libDHT22.o
                                0x49a (size before relaxing)
 .debug_str     0x000025c6       0xe6 libFlash.o
                                0x2de (size before relaxing)
 .debug_str     0x000026ac       0x1c libLED.o
                                0x1bd (size before relaxing)
 .debug_str     0x000026c8      0x24c libMCP79510.o
                                0x657 (size before relaxing)
 .debug_str     0x00002914       0xed libPower.o
                                0x2fa (size before relaxing)
 .debug_str     0x00002a01       0xeb node_firmware.o
                                0x5f8 (size before relaxing)
 .debug_str     0x00002aec      0x14a Power.o
                                0x482 (size before relaxing)
 .debug_str     0x00002c36       0x37 Sensor.o
                                0x4ed (size before relaxing)

.debug_loc      0x00000000     0x78a8
 *(.debug_loc)
 .debug_loc     0x00000000      0x6db common.o
 .debug_loc     0x000006db      0x1c2 Config.o
 .debug_loc     0x0000089d      0x1ab Event.o
 .debug_loc     0x00000a48      0x2c0 libADC.o
 .debug_loc     0x00000d08      0x12f libDebug.o
 .debug_loc     0x00000e37     0x22b4 libRFM69.o
 .debug_loc     0x000030eb      0x7f3 libSPI.o
 .debug_loc     0x000038de       0xa3 libTimer.o
 .debug_loc     0x00003981      0x140 libUART.o
 .debug_loc     0x00003ac1      0xddf RTC.o
 .debug_loc     0x000048a0       0xf3 Timer.o
 .debug_loc     0x00004993      0x903 Transceiver.o
 .debug_loc     0x00005296      0x4db Utility/ErrorHandler.o
 .debug_loc     0x00005771      0x254 LED.o
 .debug_loc     0x000059c5      0x42f libDHT22.o
 .debug_loc     0x00005df4      0x1ca libFlash.o
 .debug_loc     0x00005fbe       0x77 libLED.o
 .debug_loc     0x00006035     0x145a libMCP79510.o
 .debug_loc     0x0000748f       0xcc libPower.o
 .debug_loc     0x0000755b       0x6d node_firmware.o
 .debug_loc     0x000075c8      0x164 Power.o
 .debug_loc     0x0000772c      0x17c Sensor.o

.debug_macinfo
 *(.debug_macinfo)

.debug_weaknames
 *(.debug_weaknames)

.debug_funcnames
 *(.debug_funcnames)

.debug_typenames
 *(.debug_typenames)

.debug_varnames
 *(.debug_varnames)

.debug_pubtypes
 *(.debug_pubtypes)

.debug_ranges   0x00000000      0x880
 *(.debug_ranges)
 .debug_ranges  0x00000000       0x58 common.o
 .debug_ranges  0x00000058       0x70 Config.o
 .debug_ranges  0x000000c8       0x18 Event.o
 .debug_ranges  0x000000e0       0x38 libADC.o
 .debug_ranges  0x00000118       0x20 libDebug.o
 .debug_ranges  0x00000138      0x268 libRFM69.o
 .debug_ranges  0x000003a0       0x58 libSPI.o
 .debug_ranges  0x000003f8       0x28 libTimer.o
 .debug_ranges  0x00000420       0x40 libUART.o
 .debug_ranges  0x00000460       0x78 RTC.o
 .debug_ranges  0x000004d8       0x18 Timer.o
 .debug_ranges  0x000004f0       0x40 Transceiver.o
 .debug_ranges  0x00000530       0x50 Utility/ErrorHandler.o
 .debug_ranges  0x00000580       0x38 LED.o
 .debug_ranges  0x000005b8       0x40 libDHT22.o
 .debug_ranges  0x000005f8       0x48 libFlash.o
 .debug_ranges  0x00000640       0x20 libLED.o
 .debug_ranges  0x00000660      0x148 libMCP79510.o
 .debug_ranges  0x000007a8       0x48 libPower.o
 .debug_ranges  0x000007f0       0x48 node_firmware.o
 .debug_ranges  0x00000838       0x20 Power.o
 .debug_ranges  0x00000858       0x28 Sensor.o

.debug_macro
 *(.debug_macro)
OUTPUT(node_firmware.elf elf32-avr)
LOAD linker stubs
