Archive member included because of file (symbol)

c:/program files (x86)/atmel/atmel toolchain/avr8 gcc/native/3.4.1061/avr8-gnu-toolchain/bin/../lib/gcc/avr/4.8.1/../../../../avr/lib/avr5\libm.a(addsf3.o)
                              common.o (__subsf3)
c:/program files (x86)/atmel/atmel toolchain/avr8 gcc/native/3.4.1061/avr8-gnu-toolchain/bin/../lib/gcc/avr/4.8.1/../../../../avr/lib/avr5\libm.a(addsf3x.o)
                              c:/program files (x86)/atmel/atmel toolchain/avr8 gcc/native/3.4.1061/avr8-gnu-toolchain/bin/../lib/gcc/avr/4.8.1/../../../../avr/lib/avr5\libm.a(addsf3.o) (__addsf3x)
c:/program files (x86)/atmel/atmel toolchain/avr8 gcc/native/3.4.1061/avr8-gnu-toolchain/bin/../lib/gcc/avr/4.8.1/../../../../avr/lib/avr5\libm.a(divsf3.o)
                              libRFM69.o (__divsf3)
c:/program files (x86)/atmel/atmel toolchain/avr8 gcc/native/3.4.1061/avr8-gnu-toolchain/bin/../lib/gcc/avr/4.8.1/../../../../avr/lib/avr5\libm.a(divsf3x.o)
                              c:/program files (x86)/atmel/atmel toolchain/avr8 gcc/native/3.4.1061/avr8-gnu-toolchain/bin/../lib/gcc/avr/4.8.1/../../../../avr/lib/avr5\libm.a(divsf3.o) (__divsf3x)
c:/program files (x86)/atmel/atmel toolchain/avr8 gcc/native/3.4.1061/avr8-gnu-toolchain/bin/../lib/gcc/avr/4.8.1/../../../../avr/lib/avr5\libm.a(fixsfsi.o)
                              common.o (__fixsfsi)
c:/program files (x86)/atmel/atmel toolchain/avr8 gcc/native/3.4.1061/avr8-gnu-toolchain/bin/../lib/gcc/avr/4.8.1/../../../../avr/lib/avr5\libm.a(fixunssfsi.o)
                              libRFM69.o (__fixunssfsi)
c:/program files (x86)/atmel/atmel toolchain/avr8 gcc/native/3.4.1061/avr8-gnu-toolchain/bin/../lib/gcc/avr/4.8.1/../../../../avr/lib/avr5\libm.a(floatsisf.o)
                              libRFM69.o (__floatunsisf)
c:/program files (x86)/atmel/atmel toolchain/avr8 gcc/native/3.4.1061/avr8-gnu-toolchain/bin/../lib/gcc/avr/4.8.1/../../../../avr/lib/avr5\libm.a(fp_inf.o)
                              c:/program files (x86)/atmel/atmel toolchain/avr8 gcc/native/3.4.1061/avr8-gnu-toolchain/bin/../lib/gcc/avr/4.8.1/../../../../avr/lib/avr5\libm.a(addsf3x.o) (__fp_inf)
c:/program files (x86)/atmel/atmel toolchain/avr8 gcc/native/3.4.1061/avr8-gnu-toolchain/bin/../lib/gcc/avr/4.8.1/../../../../avr/lib/avr5\libm.a(fp_nan.o)
                              c:/program files (x86)/atmel/atmel toolchain/avr8 gcc/native/3.4.1061/avr8-gnu-toolchain/bin/../lib/gcc/avr/4.8.1/../../../../avr/lib/avr5\libm.a(addsf3x.o) (__fp_nan)
c:/program files (x86)/atmel/atmel toolchain/avr8 gcc/native/3.4.1061/avr8-gnu-toolchain/bin/../lib/gcc/avr/4.8.1/../../../../avr/lib/avr5\libm.a(fp_pscA.o)
                              c:/program files (x86)/atmel/atmel toolchain/avr8 gcc/native/3.4.1061/avr8-gnu-toolchain/bin/../lib/gcc/avr/4.8.1/../../../../avr/lib/avr5\libm.a(addsf3x.o) (__fp_pscA)
c:/program files (x86)/atmel/atmel toolchain/avr8 gcc/native/3.4.1061/avr8-gnu-toolchain/bin/../lib/gcc/avr/4.8.1/../../../../avr/lib/avr5\libm.a(fp_pscB.o)
                              c:/program files (x86)/atmel/atmel toolchain/avr8 gcc/native/3.4.1061/avr8-gnu-toolchain/bin/../lib/gcc/avr/4.8.1/../../../../avr/lib/avr5\libm.a(addsf3x.o) (__fp_pscB)
c:/program files (x86)/atmel/atmel toolchain/avr8 gcc/native/3.4.1061/avr8-gnu-toolchain/bin/../lib/gcc/avr/4.8.1/../../../../avr/lib/avr5\libm.a(fp_round.o)
                              c:/program files (x86)/atmel/atmel toolchain/avr8 gcc/native/3.4.1061/avr8-gnu-toolchain/bin/../lib/gcc/avr/4.8.1/../../../../avr/lib/avr5\libm.a(addsf3.o) (__fp_round)
c:/program files (x86)/atmel/atmel toolchain/avr8 gcc/native/3.4.1061/avr8-gnu-toolchain/bin/../lib/gcc/avr/4.8.1/../../../../avr/lib/avr5\libm.a(fp_split3.o)
                              c:/program files (x86)/atmel/atmel toolchain/avr8 gcc/native/3.4.1061/avr8-gnu-toolchain/bin/../lib/gcc/avr/4.8.1/../../../../avr/lib/avr5\libm.a(addsf3x.o) (__fp_split3)
c:/program files (x86)/atmel/atmel toolchain/avr8 gcc/native/3.4.1061/avr8-gnu-toolchain/bin/../lib/gcc/avr/4.8.1/../../../../avr/lib/avr5\libm.a(fp_zero.o)
                              c:/program files (x86)/atmel/atmel toolchain/avr8 gcc/native/3.4.1061/avr8-gnu-toolchain/bin/../lib/gcc/avr/4.8.1/../../../../avr/lib/avr5\libm.a(addsf3x.o) (__fp_zero)
c:/program files (x86)/atmel/atmel toolchain/avr8 gcc/native/3.4.1061/avr8-gnu-toolchain/bin/../lib/gcc/avr/4.8.1/../../../../avr/lib/avr5\libm.a(mulsf3.o)
                              common.o (__mulsf3)
c:/program files (x86)/atmel/atmel toolchain/avr8 gcc/native/3.4.1061/avr8-gnu-toolchain/bin/../lib/gcc/avr/4.8.1/../../../../avr/lib/avr5\libm.a(mulsf3x.o)
                              c:/program files (x86)/atmel/atmel toolchain/avr8 gcc/native/3.4.1061/avr8-gnu-toolchain/bin/../lib/gcc/avr/4.8.1/../../../../avr/lib/avr5\libm.a(mulsf3.o) (__mulsf3x)
[...]
Memory Configuration

Name             Origin             Length             Attributes
text             0x00000000         0x00020000         xr
data             0x00800060         0x0000ffa0         rw !x
eeprom           0x00810000         0x00010000         rw !x
fuse             0x00820000         0x00000400         rw !x
lock             0x00830000         0x00000400         rw !x
signature        0x00840000         0x00000400         rw !x
user_signatures  0x00850000         0x00000400         rw !x
*default*        0x00000000         0xffffffff

Linker script and memory map

Address of section .data set to 0x800100
LOAD c:/program files (x86)/atmel/atmel toolchain/avr8 gcc/native/3.4.1061/avr8-gnu-toolchain/bin/../lib/gcc/avr/4.8.1/../../../../avr/lib/avr5/crtm328p.o
LOAD common.o
LOAD Config.o
LOAD libADC.o
LOAD libDebug.o
LOAD libRFM69.o
LOAD libSPI.o
LOAD libTimer.o
LOAD libUART.o
LOAD RTC.o
LOAD Timer.o
LOAD Transceiver.o
LOAD UART.o
LOAD utility/ErrorHandler.o
LOAD utility/FIFO.o
LOAD gui/guiInterface.o
LOAD gui/guiNodes.o
LOAD gui/guiRTC.o
LOAD gui/guiSensor.o
LOAD Interface.o
LOAD libInput.o
LOAD Sensor.o
LOAD Nodes.o
LOAD font_ubuntu_mono.o
LOAD font_ubuntu_mono_large.o
LOAD libDisplay.o
LOAD libDS3234.o
LOAD libNHD223.o
LOAD libUI.o
LOAD main_firmware.o
START GROUP
LOAD c:/program files (x86)/atmel/atmel toolchain/avr8 gcc/native/3.4.1061/avr8-gnu-toolchain/bin/../lib/gcc/avr/4.8.1/../../../../avr/lib/avr5\libm.a
END GROUP
START GROUP
LOAD c:/program files (x86)/atmel/atmel toolchain/avr8 gcc/native/3.4.1061/avr8-gnu-toolchain/bin/../lib/gcc/avr/4.8.1/avr5\libgcc.a
LOAD c:/program files (x86)/atmel/atmel toolchain/avr8 gcc/native/3.4.1061/avr8-gnu-toolchain/bin/../lib/gcc/avr/4.8.1/../../../../avr/lib/avr5\libm.a
LOAD c:/program files (x86)/atmel/atmel toolchain/avr8 gcc/native/3.4.1061/avr8-gnu-toolchain/bin/../lib/gcc/avr/4.8.1/../../../../avr/lib/avr5\libc.a
END GROUP

.hash
 *(.hash)

.dynsym
 *(.dynsym)

.dynstr
 *(.dynstr)

.gnu.version
 *(.gnu.version)

.gnu.version_d
 *(.gnu.version_d)

.gnu.version_r
 *(.gnu.version_r)

.rel.init
 *(.rel.init)

.rela.init
 *(.rela.init)

.rel.text
 *(.rel.text)
 *(.rel.text.*)
 *(.rel.gnu.linkonce.t*)

.rela.text
 *(.rela.text)
 *(.rela.text.*)
 *(.rela.gnu.linkonce.t*)

.rel.fini
 *(.rel.fini)

.rela.fini
 *(.rela.fini)

.rel.rodata
 *(.rel.rodata)
 *(.rel.rodata.*)
 *(.rel.gnu.linkonce.r*)

.rela.rodata
 *(.rela.rodata)
 *(.rela.rodata.*)
 *(.rela.gnu.linkonce.r*)

.rel.data
 *(.rel.data)
 *(.rel.data.*)
 *(.rel.gnu.linkonce.d*)

.rela.data
 *(.rela.data)
 *(.rela.data.*)
 *(.rela.gnu.linkonce.d*)

.rel.ctors
 *(.rel.ctors)

.rela.ctors
 *(.rela.ctors)

.rel.dtors
 *(.rel.dtors)

.rela.dtors
 *(.rela.dtors)

.rel.got
 *(.rel.got)

.rela.got
 *(.rela.got)

.rel.bss
 *(.rel.bss)

.rela.bss
 *(.rela.bss)

.rel.plt
 *(.rel.plt)

.rela.plt
 *(.rela.plt)

.text           0x00000000     0x3c46
 *(.vectors)
 .vectors       0x00000000       0x68 c:/program files (x86)/atmel/atmel toolchain/avr8 gcc/native/3.4.1061/avr8-gnu-toolchain/bin/../lib/gcc/avr/4.8.1/../../../../avr/lib/avr5/crtm328p.o
                0x00000000                __vector_default
                0x00000000                __vectors
 *(.vectors)
 *(.progmem.gcc*)
                0x00000068                . = ALIGN (0x2)
                0x00000068                __trampolines_start = .
 *(.trampolines)
 .trampolines   0x00000068        0x0 linker stubs
 *(.trampolines*)
                0x00000068                __trampolines_end = .
 *(.progmem*)
 .progmem.data.__c.2482
                0x00000068        0xc gui/guiNodes.o
 .progmem.data.__c.2480
                0x00000074        0xf gui/guiNodes.o
 .progmem.data.__c.2478
                0x00000083       0x13 gui/guiNodes.o
 .progmem.data.__c.2476
                0x00000096       0x15 gui/guiNodes.o
 .progmem.data.__c.2473
                0x000000ab        0x3 gui/guiNodes.o
 .progmem.data.__c.2494
                0x000000ae        0xa gui/guiNodes.o
 .progmem.data.__c.2492
                0x000000b8        0x8 gui/guiNodes.o
 .progmem.data.__c.2490
                0x000000c0        0xf gui/guiNodes.o
 .progmem.data.__c.2488
                0x000000cf        0x9 gui/guiNodes.o
 .progmem.data.__c.2208
                0x000000d8        0xa gui/guiRTC.o
 .progmem.data.__c.2216
                0x000000e2        0xf gui/guiRTC.o
 .progmem.data.__c.2214
                0x000000f1       0x11 gui/guiRTC.o
 .progmem.data.__c.2128
                0x00000102       0x10 gui/guiSensor.o
 .progmem.data.__c.2126
                0x00000112       0x14 gui/guiSensor.o
 .progmem.data.__c.2119
                0x00000126        0x9 gui/guiSensor.o
 .progmem.data.__c.2117
                0x0000012f        0x9 gui/guiSensor.o
 .progmem.data.__c.2115
                0x00000138        0x9 gui/guiSensor.o
 .progmem.data.__c.2113
                0x00000141        0x9 gui/guiSensor.o
 .progmem.data.__c.2107
                0x0000014a       0x14 gui/guiSensor.o
 .progmem.data.__c.2105
                0x0000015e       0x14 gui/guiSensor.o
 .progmem.data.mf52_table
                0x00000172       0x3a Sensor.o
 .progmem.data.ubuntuMono_10ptDescriptors
                0x000001ac      0x11a font_ubuntu_mono.o
                0x000001ac                ubuntuMono_10ptDescriptors
 .progmem.data.ubuntuMono_10ptBitmaps
                0x000002c6      0x40a font_ubuntu_mono.o
                0x000002c6                ubuntuMono_10ptBitmaps
                0x000006d0                . = ALIGN (0x2)
 *(.jumptables)
 *(.jumptables*)
 *(.lowtext)
 *(.lowtext*)
                0x000006d0                __ctors_start = .
 *(.ctors)
                0x000006d0                __ctors_end = .
                0x000006d0                __dtors_start = .
 *(.dtors)
                0x000006d0                __dtors_end = .
 SORT(*)(.ctors)
 SORT(*)(.dtors)
 *(.init0)
 .init0         0x000006d0        0x0 c:/program files (x86)/atmel/atmel toolchain/avr8 gcc/native/3.4.1061/avr8-gnu-toolchain/bin/../lib/gcc/avr/4.8.1/../../../../avr/lib/avr5/crtm328p.o
                0x000006d0                __init
 *(.init0)
 *(.init1)
 .init1         0x000006d0       0x14 common.o
                0x000006d0                StackPaint
 *(.init1)
 *(.init2)
 .init2         0x000006e4        0xc c:/program files (x86)/atmel/atmel toolchain/avr8 gcc/native/3.4.1061/avr8-gnu-toolchain/bin/../lib/gcc/avr/4.8.1/../../../../avr/lib/avr5/crtm328p.o
 *(.init2)
 *(.init3)
 *(.init3)
 *(.init4)
 .init4         0x000006f0       0x16 c:/program files (x86)/atmel/atmel toolchain/avr8 gcc/native/3.4.1061/avr8-gnu-toolchain/bin/../lib/gcc/avr/4.8.1/avr5\libgcc.a(_copy_data.o)
                0x000006f0                __do_copy_data
 .init4         0x00000706       0x10 c:/program files (x86)/atmel/atmel toolchain/avr8 gcc/native/3.4.1061/avr8-gnu-toolchain/bin/../lib/gcc/avr/4.8.1/avr5\libgcc.a(_clear_bss.o)
                0x00000706                __do_clear_bss
 *(.init4)
 *(.init5)
 *(.init5)
 *(.init6)
 *(.init6)
 *(.init7)
 *(.init7)
 *(.init8)
 *(.init8)
 *(.init9)
 .init9         0x00000716        0x8 c:/program files (x86)/atmel/atmel toolchain/avr8 gcc/native/3.4.1061/avr8-gnu-toolchain/bin/../lib/gcc/avr/4.8.1/../../../../avr/lib/avr5/crtm328p.o
 *(.init9)
 *(.text)
 .text          0x0000071e        0x4 c:/program files (x86)/atmel/atmel toolchain/avr8 gcc/native/3.4.1061/avr8-gnu-toolchain/bin/../lib/gcc/avr/4.8.1/../../../../avr/lib/avr5/crtm328p.o
                0x0000071e                __vector_22
                0x0000071e                __vector_1
                0x0000071e                __vector_24
                0x0000071e                __vector_12
                0x0000071e                __bad_interrupt
                0x0000071e                __vector_6
                0x0000071e                __vector_3
                0x0000071e                __vector_23
                0x0000071e                __vector_25
                0x0000071e                __vector_11
                0x0000071e                __vector_13
                0x0000071e                __vector_17
                0x0000071e                __vector_7
                0x0000071e                __vector_5
                0x0000071e                __vector_4
                0x0000071e                __vector_9
                0x0000071e                __vector_2
                0x0000071e                __vector_21
                0x0000071e                __vector_15
                0x0000071e                __vector_8
                0x0000071e                __vector_10
                0x0000071e                __vector_16
                0x0000071e                __vector_20
                0x00000722                . = ALIGN (0x2)
 *(.text.*)
 .text.FloatToParts
                0x00000722       0x7c common.o
                0x00000722                FloatToParts
 .text.GetExponentialMovingAverage
                0x0000079e       0x52 common.o
                0x0000079e                GetExponentialMovingAverage
 .text.BCDToDecimal
                0x000007f0       0x12 common.o
                0x000007f0                BCDToDecimal
 .text.SetBit   0x00000802       0x22 common.o
                0x00000802                SetBit
 .text.StackCount
                0x00000824       0x20 common.o
                0x00000824                StackCount
 .text.Config_Load
                0x00000844       0x6a Config.o
                0x00000844                Config_Load
 .text.Config_GetNetworkId
                0x000008ae        0x6 Config.o
                0x000008ae                Config_GetNetworkId
 .text.Config_GetNodeId
                0x000008b4        0x6 Config.o
                0x000008b4                Config_GetNodeId
 .text.libADC_Init
                0x000008ba       0x32 libADC.o
                0x000008ba                libADC_Init
 .text.libADC_Update
                0x000008ec       0xaa libADC.o
                0x000008ec                libADC_Update
 .text.libADC_Enable
                0x00000996       0x22 libADC.o
                0x00000996                libADC_Enable
 .text.libADC_EnableInput
                0x000009b8       0x10 libADC.o
                0x000009b8                libADC_EnableInput
 .text.libADC_GetSample
                0x000009c8       0x2a libADC.o
                0x000009c8                libADC_GetSample
 .text.libDebug_Init
                0x000009f2        0x2 libDebug.o
                0x000009f2                libDebug_Init
 .text.PostCallback
                0x000009f4        0x4 libRFM69.o
 .text.PreCallback
                0x000009f8        0xa libRFM69.o
 .text.libRFM69_InitHW
                0x00000a02        0x6 libRFM69.o
                0x00000a02                libRFM69_InitHW
 .text.libRFM69_Reset
                0x00000a08       0x22 libRFM69.o
                0x00000a08                libRFM69_Reset
 .text.libRFM69_Init
                0x00000a2a       0x16 libRFM69.o
                0x00000a2a                libRFM69_Init
 .text.libRFM69_WriteRegister
                0x00000a40       0x22 libRFM69.o
                0x00000a40                libRFM69_WriteRegister
 .text.libRFM69_ClearFIFO
                0x00000a62        0x8 libRFM69.o
                0x00000a62                libRFM69_ClearFIFO
 .text.libRFM69_SetRSSIThreshold
                0x00000a6a        0xc libRFM69.o
                0x00000a6a                libRFM69_SetRSSIThreshold
 .text.libRFM69_SetCarrierFrequency
                0x00000a76       0x4a libRFM69.o
                0x00000a76                libRFM69_SetCarrierFrequency
 .text.libRFM69_SetBitRate
                0x00000ac0       0x44 libRFM69.o
                0x00000ac0                libRFM69_SetBitRate
 .text.libRFM69_SetNodeAddress
                0x00000b04        0x8 libRFM69.o
                0x00000b04                libRFM69_SetNodeAddress
 .text.libRFM69_SetBroadcastAddress
                0x00000b0c        0x8 libRFM69.o
                0x00000b0c                libRFM69_SetBroadcastAddress
 .text.libRFM69_SetFrequencyDeviation
                0x00000b14       0x30 libRFM69.o
                0x00000b14                libRFM69_SetFrequencyDeviation
 .text.libRFM69_EnableHighPowerSetting
                0x00000b44       0x20 libRFM69.o
                0x00000b44                libRFM69_EnableHighPowerSetting
 .text.libRFM69_SetPreambleLength
                0x00000b64       0x16 libRFM69.o
                0x00000b64                libRFM69_SetPreambleLength
 .text.libRFM69_ReadRegister
                0x00000b7a       0x26 libRFM69.o
                0x00000b7a                libRFM69_ReadRegister
 .text.IsBitSetInRegister
                0x00000ba0       0x42 libRFM69.o
 .text.libRFM69_IsFIFOFull
                0x00000be2        0x8 libRFM69.o
                0x00000be2                libRFM69_IsFIFOFull
 .text.libRFM69_WriteToFIFO
                0x00000bea       0x36 libRFM69.o
                0x00000bea                libRFM69_WriteToFIFO
 .text.libRFM69_IsFIFONotEmpty
                0x00000c20        0x8 libRFM69.o
                0x00000c20                libRFM69_IsFIFONotEmpty
 .text.libRFM69_IsPacketSent
                0x00000c28        0x8 libRFM69.o
                0x00000c28                libRFM69_IsPacketSent
 .text.libRFM69_IsPayloadReady
                0x00000c30        0x8 libRFM69.o
                0x00000c30                libRFM69_IsPayloadReady
 .text.libRFM69_IsAFCLowBetaEnabled
                0x00000c38        0x8 libRFM69.o
                0x00000c38                libRFM69_IsAFCLowBetaEnabled
 .text.libRFM69_EnableContinuousDAGC
                0x00000c40       0x1c libRFM69.o
                0x00000c40                libRFM69_EnableContinuousDAGC
 .text.libRFM69_EnableCRCAutoClear
                0x00000c5c       0x3e libRFM69.o
                0x00000c5c                libRFM69_EnableCRCAutoClear
 .text.libRFM69_EnableCRC
                0x00000c9a       0x3a libRFM69.o
                0x00000c9a                libRFM69_EnableCRC
 .text.libRFM69_ReadFromFIFO
                0x00000cd4       0x3a libRFM69.o
                0x00000cd4                libRFM69_ReadFromFIFO
 .text.libRFM69_GetMode
                0x00000d0e       0x26 libRFM69.o
                0x00000d0e                libRFM69_GetMode
 .text.libRFM69_SetMode
                0x00000d34       0x3a libRFM69.o
                0x00000d34                libRFM69_SetMode
 .text.libRFM69_IsModeReady
                0x00000d6e       0x26 libRFM69.o
                0x00000d6e                libRFM69_IsModeReady
 .text.libRFM69_WaitForModeReady
                0x00000d94       0x3a libRFM69.o
                0x00000d94                libRFM69_WaitForModeReady
 .text.libRFM69_EnableListenMode
                0x00000dce       0x32 libRFM69.o
                0x00000dce                libRFM69_EnableListenMode
 .text.libRFM69_EnableSequencer
                0x00000e00       0x36 libRFM69.o
                0x00000e00                libRFM69_EnableSequencer
 .text.libRFM69_EnableEncryption
                0x00000e36       0x3a libRFM69.o
                0x00000e36                libRFM69_EnableEncryption
 .text.libRFM69_SetPacketFormat
                0x00000e70       0x40 libRFM69.o
                0x00000e70                libRFM69_SetPacketFormat
 .text.libRFM69_SetTXStartCondition
                0x00000eb0       0x40 libRFM69.o
                0x00000eb0                libRFM69_SetTXStartCondition
 .text.libRFM69_RestartRx
                0x00000ef0       0x2a libRFM69.o
                0x00000ef0                libRFM69_RestartRx
 .text.libRFM69_SetPacketRxDelay
                0x00000f1a       0x3a libRFM69.o
                0x00000f1a                libRFM69_SetPacketRxDelay
 .text.libRFM69_SetAddressFiltering
                0x00000f54       0x36 libRFM69.o
                0x00000f54                libRFM69_SetAddressFiltering
 .text.libRFM69_SetDataMode
                0x00000f8a       0x3a libRFM69.o
                0x00000f8a                libRFM69_SetDataMode
 .text.libRFM69_SetModulationType
                0x00000fc4       0x3a libRFM69.o
                0x00000fc4                libRFM69_SetModulationType
 .text.libRFM69_SetModulationShaping
                0x00000ffe       0x32 libRFM69.o
                0x00000ffe                libRFM69_SetModulationShaping
 .text.libRFM69_SetPowerAmplifierMode
                0x00001030       0x3a libRFM69.o
                0x00001030                libRFM69_SetPowerAmplifierMode
 .text.libRFM69_SetPowerLevel
                0x0000106a       0x32 libRFM69.o
                0x0000106a                libRFM69_SetPowerLevel
 .text.libRFM69_EnableOCP
                0x0000109c       0x3a libRFM69.o
                0x0000109c                libRFM69_EnableOCP
 .text.libRFM69_SetSyncWordSize
                0x000010d6       0x42 libRFM69.o
                0x000010d6                libRFM69_SetSyncWordSize
 .text.libRFM69_GetSyncWordSize
                0x00001118       0x2a libRFM69.o
                0x00001118                libRFM69_GetSyncWordSize
 .text.libRFM69_SetSyncWord
                0x00001142       0x70 libRFM69.o
                0x00001142                libRFM69_SetSyncWord
 .text.libRFM69_EnableSyncWordGeneration
                0x000011b2       0x3a libRFM69.o
                0x000011b2                libRFM69_EnableSyncWordGeneration
 .text.libRFM69_SetFIFOFillCondition
                0x000011ec       0x40 libRFM69.o
                0x000011ec                libRFM69_SetFIFOFillCondition
 .text.libRFM69_SetClockOutFrequency
                0x0000122c       0x30 libRFM69.o
                0x0000122c                libRFM69_SetClockOutFrequency
 .text.libRFM69_SetLNAGain
                0x0000125c       0x30 libRFM69.o
                0x0000125c                libRFM69_SetLNAGain
 .text.libRFM69_SetLNAInputImpedance
                0x0000128c       0x40 libRFM69.o
                0x0000128c                libRFM69_SetLNAInputImpedance
 .text.libRFM69_EnableAFCLowBeta
                0x000012cc       0x3a libRFM69.o
                0x000012cc                libRFM69_EnableAFCLowBeta
 .text.libSPI_WriteByte
                0x00001306       0x46 libSPI.o
                0x00001306                libSPI_WriteByte
 .text.libSPI_ReadByte
                0x0000134c       0x3e libSPI.o
                0x0000134c                libSPI_ReadByte
 .text.libSPI_SetMaster
                0x0000138a       0x12 libSPI.o
                0x0000138a                libSPI_SetMaster
 .text.libSPI_SetMode
                0x0000139c       0x3a libSPI.o
                0x0000139c                libSPI_SetMode
 .text.libSPI_Init
                0x000013d6       0x30 libSPI.o
                0x000013d6                libSPI_Init
 .text.__vector_14
                0x00001406       0x4a libTimer.o
                0x00001406                __vector_14
 .text.libTimer_Init
                0x00001450       0x2e libTimer.o
                0x00001450                libTimer_Init
 .text.libTimer_GetMilliseconds
                0x0000147e       0x18 libTimer.o
                0x0000147e                libTimer_GetMilliseconds
 .text.__vector_18
                0x00001496       0x6c libUART.o
                0x00001496                __vector_18
 .text.__vector_19
                0x00001502       0x7c libUART.o
                0x00001502                __vector_19
 .text.RTC_GetCurrentTime
                0x0000157e       0x3a RTC.o
                0x0000157e                RTC_GetCurrentTime
 .text.RTC_IsDaylightSavingActive
                0x000015b8       0x52 RTC.o
                0x000015b8                RTC_IsDaylightSavingActive
 .text.RTC_IsLeapYear
                0x0000160a       0x34 RTC.o
                0x0000160a                RTC_IsLeapYear
 .text.RTC_AddMonths
                0x0000163e       0x24 RTC.o
                0x0000163e                RTC_AddMonths
 .text.RTC_AddDays
                0x00001662       0x76 RTC.o
                0x00001662                RTC_AddDays
 .text.RTC_AddHours
                0x000016d8       0x24 RTC.o
                0x000016d8                RTC_AddHours
 .text.RTC_AddMinutes
                0x000016fc       0x24 RTC.o
                0x000016fc                RTC_AddMinutes
 .text.RTC_ConvertToTimestamp
                0x00001720      0x166 RTC.o
                0x00001720                RTC_ConvertToTimestamp
 .text.RTC_GetTimeStamp
                0x00001886       0x50 RTC.o
                0x00001886                RTC_GetTimeStamp
 .text.Timer_TimeDifference
                0x000018d6       0x4a Timer.o
                0x000018d6                Timer_TimeDifference
 .text.HandlePayload
                0x00001920       0x8c Transceiver.o
 .text.Transceiver_Init
                0x000019ac      0x108 Transceiver.o
                0x000019ac                Transceiver_Init
 .text.Transceiver_Update
                0x00001ab4      0x16a Transceiver.o
                0x00001ab4                Transceiver_Update
 .text.Transceiver_SetPacketHandler
                0x00001c1e       0x12 Transceiver.o
                0x00001c1e                Transceiver_SetPacketHandler
 .text.ErrorHandler_Init
                0x00001c30       0x96 utility/ErrorHandler.o
                0x00001c30                ErrorHandler_Init
 .text.ErrorHandler_LogError
                0x00001cc6       0x92 utility/ErrorHandler.o
                0x00001cc6                ErrorHandler_LogError
 .text.guiInterface_DrawViewIndicator
                0x00001d58       0x20 gui/guiInterface.o
                0x00001d58                guiInterface_DrawViewIndicator
 .text.DrawNodeView
                0x00001d78      0x126 gui/guiNodes.o
 .text.DrawDetailedNodeView
                0x00001e9e       0x98 gui/guiNodes.o
 .text.guiNodes_Init
                0x00001f36       0x9a gui/guiNodes.o
                0x00001f36                guiNodes_Init
 .text.AdjustTimeForView
                0x00001fd0       0x3e gui/guiRTC.o
 .text.DrawDetailedTimeView
                0x0000200e       0x86 gui/guiRTC.o
 .text.DrawClockView
                0x00002094       0x5a gui/guiRTC.o
 .text.guiRTC_Init
                0x000020ee       0x7c gui/guiRTC.o
                0x000020ee                guiRTC_Init
 .text.guiSensor_DrawSensorInformation
                0x0000216a       0x4a gui/guiSensor.o
                0x0000216a                guiSensor_DrawSensorInformation
 .text.guiSensor_DrawDetailedTemperatureView
                0x000021b4       0xdc gui/guiSensor.o
                0x000021b4                guiSensor_DrawDetailedTemperatureView
 .text.guiSensor_DrawTemperatureView
                0x00002290       0x88 gui/guiSensor.o
                0x00002290                guiSensor_DrawTemperatureView
 .text.guiSensor_Init
                0x00002318       0xa4 gui/guiSensor.o
                0x00002318                guiSensor_Init
 .text.Interface_Init
                0x000023bc       0x28 Interface.o
                0x000023bc                Interface_Init
 .text.Interface_Update
                0x000023e4       0xc6 Interface.o
                0x000023e4                Interface_Update
 .text.Interface_AddSibling
                0x000024aa       0x28 Interface.o
                0x000024aa                Interface_AddSibling
 .text.Interface_AddView
                0x000024d2       0x24 Interface.o
                0x000024d2                Interface_AddView
 .text.Interface_AddChild
                0x000024f6       0x38 Interface.o
                0x000024f6                Interface_AddChild
 .text.Interface_PreviousView
                0x0000252e       0x38 Interface.o
                0x0000252e                Interface_PreviousView
 .text.Interface_NextView
                0x00002566       0x38 Interface.o
                0x00002566                Interface_NextView
 .text.Interface_ActivateView
                0x0000259e       0x40 Interface.o
                0x0000259e                Interface_ActivateView
 .text.libInput_Init
                0x000025de       0x28 libInput.o
                0x000025de                libInput_Init
 .text.libInput_SetCallbacks
                0x00002606       0x1a libInput.o
                0x00002606                libInput_SetCallbacks
 .text.DirectionCheckAndTrigger
                0x00002620       0x1e libInput.o
                0x00002620                DirectionCheckAndTrigger
 .text.PushCheckAndTrigger
                0x0000263e       0x54 libInput.o
                0x0000263e                PushCheckAndTrigger
 .text.libInput_Update
                0x00002692       0x2c libInput.o
                0x00002692                libInput_Update
 .text.Sensor_Init
                0x000026be       0x1c Sensor.o
                0x000026be                Sensor_Init
 .text.Sensor_SaveReading
                0x000026da       0x10 Sensor.o
                0x000026da                Sensor_SaveReading
 .text.Sensor_GetReading
                0x000026ea       0x2e Sensor.o
                0x000026ea                Sensor_GetReading
 .text.Sensor_GetSensorValue
                0x00002718       0xb8 Sensor.o
                0x00002718                Sensor_GetSensorValue
 .text.Sensor_Update
                0x000027d0       0xe2 Sensor.o
                0x000027d0                Sensor_Update
 .text.ReadingPacketHandler
                0x000028b2       0x4c Nodes.o
 .text.Nodes_Init
                0x000028fe       0x2a Nodes.o
                0x000028fe                Nodes_Init
 .text.Nodes_GetLatestData
                0x00002928       0x4a Nodes.o
                0x00002928                Nodes_GetLatestData
 .text.libDisplay_On
                0x00002972        0x6 libDisplay.o
                0x00002972                libDisplay_On
 .text.libDisplay_SetPixel
                0x00002978       0x52 libDisplay.o
                0x00002978                libDisplay_SetPixel
 .text.libDisplay_Flush
                0x000029ca       0x46 libDisplay.o
                0x000029ca                libDisplay_Flush
 .text.libDisplay_ClearVRAM
                0x00002a10       0x16 libDisplay.o
                0x00002a10                libDisplay_ClearVRAM
 .text.libDisplay_Init
                0x00002a26        0xc libDisplay.o
                0x00002a26                libDisplay_Init
 .text.PostCallback
                0x00002a32        0x4 libDS3234.o
 .text.PreCallback
                0x00002a36        0xa libDS3234.o
 .text.WriteRegister.part.0
                0x00002a40       0x26 libDS3234.o
 .text.ReadRegister.part.1
                0x00002a66       0x28 libDS3234.o
 .text.GetDecimalRegisterValue
                0x00002a8e       0x3e libDS3234.o
 .text.libDS3234_InitHW
                0x00002acc        0x6 libDS3234.o
                0x00002acc                libDS3234_InitHW
 .text.libDS3234_Init
                0x00002ad2        0xc libDS3234.o
                0x00002ad2                libDS3234_Init
 .text.libDS3234_GetYear
                0x00002ade        0x8 libDS3234.o
                0x00002ade                libDS3234_GetYear
 .text.libDS3234_GetMonth
                0x00002ae6       0x3e libDS3234.o
                0x00002ae6                libDS3234_GetMonth
 .text.libDS3234_GetDate
                0x00002b24        0x8 libDS3234.o
                0x00002b24                libDS3234_GetDate
 .text.libDS3234_GetDay
                0x00002b2c        0x8 libDS3234.o
                0x00002b2c                libDS3234_GetDay
 .text.libDS3234_GetHour
                0x00002b34       0x3c libDS3234.o
                0x00002b34                libDS3234_GetHour
 .text.libDS3234_GetMinutes
                0x00002b70        0x8 libDS3234.o
                0x00002b70                libDS3234_GetMinutes
 .text.libDS3234_GetSeconds
                0x00002b78        0x8 libDS3234.o
                0x00002b78                libDS3234_GetSeconds
 .text.libDS3234_WriteToSRAM
                0x00002b80       0x66 libDS3234.o
                0x00002b80                libDS3234_WriteToSRAM
 .text.libDS3234_ReadFromSRAM
                0x00002be6       0x68 libDS3234.o
                0x00002be6                libDS3234_ReadFromSRAM
 .text.EnableControlPin.part.0
                0x00002c4e       0x18 libNHD223.o
 .text.WriteByte
                0x00002c66       0x1e libNHD223.o
 .text.libNHD223_WriteCommand
                0x00002c84       0x18 libNHD223.o
                0x00002c84                libNHD223_WriteCommand
 .text.libNHD223_WriteData
                0x00002c9c       0x14 libNHD223.o
                0x00002c9c                libNHD223_WriteData
 .text.libNHD223_ResetDisplay
                0x00002cb0       0x12 libNHD223.o
                0x00002cb0                libNHD223_ResetDisplay
 .text.libNHD223_SetPageAddress
                0x00002cc2        0x6 libNHD223.o
                0x00002cc2                libNHD223_SetPageAddress
 .text.libNHD223_SetPageAddressRange
                0x00002cc8       0x2c libNHD223.o
                0x00002cc8                libNHD223_SetPageAddressRange
 .text.libNHD223_SetColumnAddressRange
                0x00002cf4       0x2c libNHD223.o
                0x00002cf4                libNHD223_SetColumnAddressRange
 .text.libNHD223_Init
                0x00002d20       0x50 libNHD223.o
                0x00002d20                libNHD223_Init
 .text.libUI_Update
                0x00002d70        0x4 libUI.o
                0x00002d70                libUI_Update
 .text.libUI_SetFont
                0x00002d74        0xa libUI.o
                0x00002d74                libUI_SetFont
 .text.libUI_DrawLine
                0x00002d7e       0xec libUI.o
                0x00002d7e                libUI_DrawLine
 .text.libUI_DrawRectangle
                0x00002e6a       0x48 libUI.o
                0x00002e6a                libUI_DrawRectangle
 .text.libUI_PrintText
                0x00002eb2      0x162 libUI.o
                0x00002eb2                libUI_PrintText
 .text.libUI_Print_P
                0x00003014       0x4a libUI.o
                0x00003014                libUI_Print_P
 .text.CheckHealth
                0x0000305e       0x5e main_firmware.o
                0x0000305e                CheckHealth
 .text.startup.main
                0x000030bc       0x9c main_firmware.o
                0x000030bc                main
 .text.avr-libc.fplib
                0x00003158        0xa c:/program files (x86)/atmel/atmel toolchain/avr8 gcc/native/3.4.1061/avr8-gnu-toolchain/bin/../lib/gcc/avr/4.8.1/../../../../avr/lib/avr5\libm.a(addsf3.o)
                0x00003158                __subsf3
                0x0000315a                __addsf3
 .text.avr-libc.fplib
                0x00003162       0xc0 c:/program files (x86)/atmel/atmel toolchain/avr8 gcc/native/3.4.1061/avr8-gnu-toolchain/bin/../lib/gcc/avr/4.8.1/../../../../avr/lib/avr5\libm.a(addsf3x.o)
                0x0000317c                __addsf3x
 .text.avr-libc.fplib
                0x00003222        0x4 c:/program files (x86)/atmel/atmel toolchain/avr8 gcc/native/3.4.1061/avr8-gnu-toolchain/bin/../lib/gcc/avr/4.8.1/../../../../avr/lib/avr5\libm.a(divsf3.o)
                0x00003222                __divsf3
 .text.avr-libc.fplib
                0x00003226       0xcc c:/program files (x86)/atmel/atmel toolchain/avr8 gcc/native/3.4.1061/avr8-gnu-toolchain/bin/../lib/gcc/avr/4.8.1/../../../../avr/lib/avr5\libm.a(divsf3x.o)
                0x0000323c                __divsf3x
                0x00003240                __divsf3_pse
 .text.avr-libc.fplib
                0x000032f2        0xa c:/program files (x86)/atmel/atmel toolchain/avr8 gcc/native/3.4.1061/avr8-gnu-toolchain/bin/../lib/gcc/avr/4.8.1/../../../../avr/lib/avr5\libm.a(fixsfsi.o)
                0x000032f2                __fixsfsi
 .text.avr-libc.fplib
                0x000032fc       0x58 c:/program files (x86)/atmel/atmel toolchain/avr8 gcc/native/3.4.1061/avr8-gnu-toolchain/bin/../lib/gcc/avr/4.8.1/../../../../avr/lib/avr5\libm.a(fixunssfsi.o)
                0x000032fc                __fixunssfsi
 .text.avr-libc.fplib
                0x00003354       0x7a c:/program files (x86)/atmel/atmel toolchain/avr8 gcc/native/3.4.1061/avr8-gnu-toolchain/bin/../lib/gcc/avr/4.8.1/../../../../avr/lib/avr5\libm.a(floatsisf.o)
                0x00003354                __floatunsisf
                0x00003358                __floatsisf
 .text.avr-libc.fplib
                0x000033ce        0xc c:/program files (x86)/atmel/atmel toolchain/avr8 gcc/native/3.4.1061/avr8-gnu-toolchain/bin/../lib/gcc/avr/4.8.1/../../../../avr/lib/avr5\libm.a(fp_inf.o)
                0x000033ce                __fp_inf
 .text.avr-libc.fplib
                0x000033da        0x6 c:/program files (x86)/atmel/atmel toolchain/avr8 gcc/native/3.4.1061/avr8-gnu-toolchain/bin/../lib/gcc/avr/4.8.1/../../../../avr/lib/avr5\libm.a(fp_nan.o)
                0x000033da                __fp_nan
 .text.avr-libc.fplib
                0x000033e0        0xe c:/program files (x86)/atmel/atmel toolchain/avr8 gcc/native/3.4.1061/avr8-gnu-toolchain/bin/../lib/gcc/avr/4.8.1/../../../../avr/lib/avr5\libm.a(fp_pscA.o)
                0x000033e0                __fp_pscA
 .text.avr-libc.fplib
                0x000033ee        0xe c:/program files (x86)/atmel/atmel toolchain/avr8 gcc/native/3.4.1061/avr8-gnu-toolchain/bin/../lib/gcc/avr/4.8.1/../../../../avr/lib/avr5\libm.a(fp_pscB.o)
                0x000033ee                __fp_pscB
 .text.avr-libc.fplib
                0x000033fc       0x22 c:/program files (x86)/atmel/atmel toolchain/avr8 gcc/native/3.4.1061/avr8-gnu-toolchain/bin/../lib/gcc/avr/4.8.1/../../../../avr/lib/avr5\libm.a(fp_round.o)
                0x000033fc                __fp_round
 .text.avr-libc.fplib
                0x0000341e       0x44 c:/program files (x86)/atmel/atmel toolchain/avr8 gcc/native/3.4.1061/avr8-gnu-toolchain/bin/../lib/gcc/avr/4.8.1/../../../../avr/lib/avr5\libm.a(fp_split3.o)
                0x0000341e                __fp_split3
                0x0000342e                __fp_splitA
 .text.avr-libc.fplib
                0x00003462        0xe c:/program files (x86)/atmel/atmel toolchain/avr8 gcc/native/3.4.1061/avr8-gnu-toolchain/bin/../lib/gcc/avr/4.8.1/../../../../avr/lib/avr5\libm.a(fp_zero.o)
                0x00003462                __fp_zero
                0x00003464                __fp_szero
 .text.avr-libc.fplib
                0x00003470        0x4 c:/program files (x86)/atmel/atmel toolchain/avr8 gcc/native/3.4.1061/avr8-gnu-toolchain/bin/../lib/gcc/avr/4.8.1/../../../../avr/lib/avr5\libm.a(mulsf3.o)
                0x00003470                __mulsf3
 .text.avr-libc.fplib
                0x00003474       0xc2 c:/program files (x86)/atmel/atmel toolchain/avr8 gcc/native/3.4.1061/avr8-gnu-toolchain/bin/../lib/gcc/avr/4.8.1/../../../../avr/lib/avr5\libm.a(mulsf3x.o)
                0x00003488                __mulsf3x
                0x0000348c                __mulsf3_pse
 .text.libgcc.mul
                0x00003536       0x20 c:/program files (x86)/atmel/atmel toolchain/avr8 gcc/native/3.4.1061/avr8-gnu-toolchain/bin/../lib/gcc/avr/4.8.1/avr5\libgcc.a(_mulsi3.o)
                0x00003536                __mulsi3
 .text.libgcc.div
                0x00003556       0x28 c:/program files (x86)/atmel/atmel toolchain/avr8 gcc/native/3.4.1061/avr8-gnu-toolchain/bin/../lib/gcc/avr/4.8.1/avr5\libgcc.a(_udivmodhi4.o)
                0x00003556                __udivmodhi4
 .text.libgcc.div
                0x0000357e       0x28 c:/program files (x86)/atmel/atmel toolchain/avr8 gcc/native/3.4.1061/avr8-gnu-toolchain/bin/../lib/gcc/avr/4.8.1/avr5\libgcc.a(_divmodhi4.o)
                0x0000357e                _div
                0x0000357e                __divmodhi4
 .text.libgcc.div
                0x000035a6       0x44 c:/program files (x86)/atmel/atmel toolchain/avr8 gcc/native/3.4.1061/avr8-gnu-toolchain/bin/../lib/gcc/avr/4.8.1/avr5\libgcc.a(_udivmodsi4.o)
                0x000035a6                __udivmodsi4
 .text.libgcc.mul
                0x000035ea       0x1e c:/program files (x86)/atmel/atmel toolchain/avr8 gcc/native/3.4.1061/avr8-gnu-toolchain/bin/../lib/gcc/avr/4.8.1/avr5\libgcc.a(_umulhisi3.o)
                0x000035ea                __umulhisi3
 .text.libgcc.mul
                0x00003608        0xe c:/program files (x86)/atmel/atmel toolchain/avr8 gcc/native/3.4.1061/avr8-gnu-toolchain/bin/../lib/gcc/avr/4.8.1/avr5\libgcc.a(_usmulhisi3.o)
                0x00003608                __usmulhisi3
                0x0000360c                __usmulhisi3_tail
 .text.libgcc.mul
                0x00003616       0x16 c:/program files (x86)/atmel/atmel toolchain/avr8 gcc/native/3.4.1061/avr8-gnu-toolchain/bin/../lib/gcc/avr/4.8.1/avr5\libgcc.a(_muluhisi3.o)
                0x00003616                __muluhisi3
 .text.libgcc.mul
                0x0000362c       0x10 c:/program files (x86)/atmel/atmel toolchain/avr8 gcc/native/3.4.1061/avr8-gnu-toolchain/bin/../lib/gcc/avr/4.8.1/avr5\libgcc.a(_mulshisi3.o)
                0x0000362c                __mulshisi3
                0x00003632                __mulohisi3
 .text.avr-libc
                0x0000363c       0x58 c:/program files (x86)/atmel/atmel toolchain/avr8 gcc/native/3.4.1061/avr8-gnu-toolchain/bin/../lib/gcc/avr/4.8.1/../../../../avr/lib/avr5\libc.a(vsnprintf_p.o)
                0x0000363c                vsnprintf_P
 .text.avr-libc
                0x00003694      0x3a4 c:/program files (x86)/atmel/atmel toolchain/avr8 gcc/native/3.4.1061/avr8-gnu-toolchain/bin/../lib/gcc/avr/4.8.1/../../../../avr/lib/avr5\libc.a(vfprintf_std.o)
                0x00003694                vfprintf
 .text.avr-libc
                0x00003a38       0x20 c:/program files (x86)/atmel/atmel toolchain/avr8 gcc/native/3.4.1061/avr8-gnu-toolchain/bin/../lib/gcc/avr/4.8.1/../../../../avr/lib/avr5\libc.a(eerd_block_atmega328p.o)
                0x00003a38                __eerd_block_m328p
                0x00003a3c                __eerd_blraw_m328p
 .text.avr-libc
                0x00003a58       0x14 c:/program files (x86)/atmel/atmel toolchain/avr8 gcc/native/3.4.1061/avr8-gnu-toolchain/bin/../lib/gcc/avr/4.8.1/../../../../avr/lib/avr5\libc.a(eewr_block_atmega328p.o)
                0x00003a58                __eewr_block_m328p
 .text.avr-libc
                0x00003a6c       0x1c c:/program files (x86)/atmel/atmel toolchain/avr8 gcc/native/3.4.1061/avr8-gnu-toolchain/bin/../lib/gcc/avr/4.8.1/../../../../avr/lib/avr5\libc.a(eewr_byte_atmega328p.o)
                0x00003a6c                __eewr_byte_m328p
                0x00003a6e                __eewr_r18_m328p
 .text.avr-libc
                0x00003a88       0x16 c:/program files (x86)/atmel/atmel toolchain/avr8 gcc/native/3.4.1061/avr8-gnu-toolchain/bin/../lib/gcc/avr/4.8.1/../../../../avr/lib/avr5\libc.a(strnlen_P.o)
                0x00003a88                strnlen_P
 .text.avr-libc
                0x00003a9e       0x16 c:/program files (x86)/atmel/atmel toolchain/avr8 gcc/native/3.4.1061/avr8-gnu-toolchain/bin/../lib/gcc/avr/4.8.1/../../../../avr/lib/avr5\libc.a(strnlen.o)
                0x00003a9e                strnlen
 .text.avr-libc
                0x00003ab4       0x64 c:/program files (x86)/atmel/atmel toolchain/avr8 gcc/native/3.4.1061/avr8-gnu-toolchain/bin/../lib/gcc/avr/4.8.1/../../../../avr/lib/avr5\libc.a(fputc.o)
                0x00003ab4                fputc
 .text.avr-libc
                0x00003b18       0xbc c:/program files (x86)/atmel/atmel toolchain/avr8 gcc/native/3.4.1061/avr8-gnu-toolchain/bin/../lib/gcc/avr/4.8.1/../../../../avr/lib/avr5\libc.a(ultoa_invert.o)
                0x00003b18                __ultoa_invert
 .text.libgcc.prologue
                0x00003bd4       0x38 c:/program files (x86)/atmel/atmel toolchain/avr8 gcc/native/3.4.1061/avr8-gnu-toolchain/bin/../lib/gcc/avr/4.8.1/avr5\libgcc.a(_prologue.o)
                0x00003bd4                __prologue_saves__
 .text.libgcc.prologue
                0x00003c0c       0x36 c:/program files (x86)/atmel/atmel toolchain/avr8 gcc/native/3.4.1061/avr8-gnu-toolchain/bin/../lib/gcc/avr/4.8.1/avr5\libgcc.a(_epilogue.o)
                0x00003c0c                __epilogue_restores__
                0x00003c42                . = ALIGN (0x2)
 *(.fini9)
 .fini9         0x00003c42        0x0 c:/program files (x86)/atmel/atmel toolchain/avr8 gcc/native/3.4.1061/avr8-gnu-toolchain/bin/../lib/gcc/avr/4.8.1/avr5\libgcc.a(_exit.o)
                0x00003c42                _exit
                0x00003c42                exit
 *(.fini9)
 *(.fini8)
 *(.fini8)
 *(.fini7)
 *(.fini7)
 *(.fini6)
 *(.fini6)
 *(.fini5)
 *(.fini5)
 *(.fini4)
 *(.fini4)
 *(.fini3)
 *(.fini3)
 *(.fini2)
 *(.fini2)
 *(.fini1)
 *(.fini1)
 *(.fini0)
 .fini0         0x00003c42        0x4 c:/program files (x86)/atmel/atmel toolchain/avr8 gcc/native/3.4.1061/avr8-gnu-toolchain/bin/../lib/gcc/avr/4.8.1/avr5\libgcc.a(_exit.o)
 *(.fini0)
                0x00003c46                _etext = .

.data           0x00800100       0x16 load address 0x00003c46
                0x00800100                PROVIDE (__data_start, .)
 *(.data)
 *(.data*)
 .data.prev_a.2037
                0x00800100        0x1 libInput.o
 .data.ubuntuMono_10ptFontInfo
                0x00800101        0x9 font_ubuntu_mono.o
                0x00800101                ubuntuMono_10ptFontInfo
 *(.rodata)
 *(.rodata*)
 .rodata.days_in_months
                0x0080010a        0xc RTC.o
 *(.gnu.linkonce.d*)
                0x00800116                . = ALIGN (0x2)
                0x00800116                _edata = .
                0x00800116                PROVIDE (__data_end, .)

.bss            0x00800116      0x3ae
                0x00800116                PROVIDE (__bss_start, .)
 *(.bss)
 *(.bss*)
 .bss.active_config
                0x00800116       0x1f Config.o
 .bss.current_input.1750
                0x00800135        0x1 libADC.o
 .bss.adc_inputs
                0x00800136       0x2d libADC.o
 .bss.adc_state
                0x00800163        0x1 libADC.o
 .bss.reset_time_ms
                0x00800164        0x4 libRFM69.o
 .bss.slave_active
                0x00800168        0x1 libSPI.o
 .bss.spi_status
                0x00800169        0x1 libSPI.o
 .bss.tx_handler
                0x0080016a        0x2 libUART.o
 .bss.rx_handler
                0x0080016c        0x2 libUART.o
 .bss.state.2466
                0x0080016e        0x1 Transceiver.o
 .bss.state.2457
                0x0080016f        0x1 Transceiver.o
 .bss.packet_handlers
                0x00800170        0x8 Transceiver.o
 .bss.packet_frame
                0x00800178       0x23 Transceiver.o
 .bss.transceiver_state
                0x0080019b        0x1 Transceiver.o
 .bss.current_id
                0x0080019c        0x1 utility/ErrorHandler.o
 .bss.current_index
                0x0080019d        0x1 utility/ErrorHandler.o
 .bss.node_views
                0x0080019e       0x48 gui/guiNodes.o
 .bss.clock_and_date_view
                0x008001e6        0xc gui/guiRTC.o
 .bss.clock_view
                0x008001f2        0xc gui/guiRTC.o
 .bss.sensor_information_view
                0x008001fe        0xc gui/guiSensor.o
 .bss.temperature_view
                0x0080020a        0xc gui/guiSensor.o
 .bss.detailed_temperature_view
                0x00800216        0xc gui/guiSensor.o
 .bss.auto_timer.1986
                0x00800222        0x4 Interface.o
 .bss.active_view
                0x00800226        0x2 Interface.o
 .bss.root_view
                0x00800228        0x2 Interface.o
 .bss.activity_timer
                0x0080022a        0x4 Interface.o
 .bss.refresh_flag
                0x0080022e        0x1 Interface.o
 .bss.prev_push.2050
                0x0080022f        0x1 libInput.o
 .bss.push_event_callback
                0x00800230        0x2 libInput.o
 .bss.right_event_callback
                0x00800232        0x2 libInput.o
 .bss.left_event_callback
                0x00800234        0x2 libInput.o
 .bss.sample_timer.1946
                0x00800236        0x4 Sensor.o
 .bss.sensor_reading
                0x0080023a        0xa Sensor.o
 .bss.current_alpha
                0x00800244        0x2 Sensor.o
 .bss.last_update
                0x00800246        0xc Nodes.o
 .bss.packets   0x00800252       0x69 Nodes.o
 .bss.dislay_rotated
                0x008002bb        0x1 libDisplay.o
 .bss.VRAM      0x008002bc      0x200 libDisplay.o
 .bss.current_font
                0x008004bc        0x2 libUI.o
 .bss.high_mcu_temp_flag.2810
                0x008004be        0x1 main_firmware.o
 .bss.memory_low_flag.2809
                0x008004bf        0x1 main_firmware.o
 *(COMMON)
 COMMON         0x008004c0        0x4 libTimer.o
                0x008004c0                system_timer
                0x008004c4                PROVIDE (__bss_end, .)
                0x00003c46                __data_load_start = LOADADDR (.data)
                0x00003c5c                __data_load_end = (__data_load_start + SIZEOF (.data))

.noinit         0x008004c4        0x0
                0x008004c4                PROVIDE (__noinit_start, .)
 *(.noinit*)
                0x008004c4                PROVIDE (__noinit_end, .)
                0x008004c4                _end = .
                0x008004c4                PROVIDE (__heap_start, .)

.eeprom         0x00810000      0x33f
 *(.eeprom*)
 .eeprom        0x00810000       0x1f Config.o
 .eeprom        0x0081001f      0x320 utility/ErrorHandler.o
                0x0081033f                __eeprom_end = .

.fuse
 *(.fuse)
 *(.lfuse)
 *(.hfuse)
 *(.efuse)

.lock
 *(.lock*)

.signature
 *(.signature*)

.user_signatures
 *(.user_signatures*)

.stab
 *(.stab)

.stabstr
 *(.stabstr)

.stab.excl
 *(.stab.excl)

.stab.exclstr
 *(.stab.exclstr)

.stab.index
 *(.stab.index)

.stab.indexstr
 *(.stab.indexstr)

.comment        0x00000000       0x5c
 *(.comment)
 .comment       0x00000000       0x30 common.o
                                 0x31 (size before relaxing)
 .comment       0x00000000       0x31 Config.o
 .comment       0x00000000       0x31 libADC.o
 .comment       0x00000000       0x31 libDebug.o
 .comment       0x00000000       0x31 libRFM69.o
 .comment       0x00000000       0x31 libSPI.o
 .comment       0x00000000       0x31 libTimer.o
 .comment       0x00000000       0x31 libUART.o
 .comment       0x00000000       0x31 RTC.o
 .comment       0x00000000       0x31 Timer.o
 .comment       0x00000000       0x31 Transceiver.o
 .comment       0x00000000       0x31 utility/ErrorHandler.o
 .comment       0x00000000       0x31 gui/guiInterface.o
 .comment       0x00000000       0x31 gui/guiNodes.o
 .comment       0x00000000       0x31 gui/guiRTC.o
 .comment       0x00000000       0x31 gui/guiSensor.o
 .comment       0x00000000       0x31 Interface.o
 .comment       0x00000000       0x31 libInput.o
 .comment       0x00000000       0x31 Sensor.o
 .comment       0x00000000       0x31 Nodes.o
 .comment       0x00000000       0x31 font_ubuntu_mono.o
 .comment       0x00000000       0x31 libDisplay.o
 .comment       0x00000000       0x31 libDS3234.o
 .comment       0x00000000       0x31 libNHD223.o
 .comment       0x00000000       0x31 libUI.o
 .comment       0x00000000       0x31 main_firmware.o
 .comment       0x00000000       0x31 c:/program files (x86)/atmel/atmel toolchain/avr8 gcc/native/3.4.1061/avr8-gnu-toolchain/bin/../lib/gcc/avr/4.8.1/../../../../avr/lib/avr5\libc.a(vsnprintf_p.o)
 .comment       0x00000030       0x2c c:/program files (x86)/atmel/atmel toolchain/avr8 gcc/native/3.4.1061/avr8-gnu-toolchain/bin/../lib/gcc/avr/4.8.1/../../../../avr/lib/avr5\libc.a(vfprintf_std.o)
                                 0x2d (size before relaxing)
 .comment       0x00000000       0x31 c:/program files (x86)/atmel/atmel toolchain/avr8 gcc/native/3.4.1061/avr8-gnu-toolchain/bin/../lib/gcc/avr/4.8.1/../../../../avr/lib/avr5\libc.a(fputc.o)

.note.gnu.build-id
 *(.note.gnu.build-id)

.debug
 *(.debug)

.line
 *(.line)

.debug_srcinfo
 *(.debug_srcinfo)

.debug_sfnames
 *(.debug_sfnames)

.debug_aranges
 *(.debug_aranges)

.debug_pubnames
 *(.debug_pubnames)

.debug_info
 *(.debug_info .gnu.linkonce.wi.*)

.debug_abbrev
 *(.debug_abbrev)

.debug_line
 *(.debug_line .debug_line.* .debug_line_end)

.debug_frame
 *(.debug_frame)

.debug_str
 *(.debug_str)

.debug_loc
 *(.debug_loc)

.debug_macinfo
 *(.debug_macinfo)

.debug_weaknames
 *(.debug_weaknames)

.debug_funcnames
 *(.debug_funcnames)

.debug_typenames
 *(.debug_typenames)

.debug_varnames
 *(.debug_varnames)

.debug_pubtypes
 *(.debug_pubtypes)

.debug_ranges
 *(.debug_ranges)

.debug_macro
 *(.debug_macro)
OUTPUT(main_firmware.elf elf32-avr)
LOAD linker stubs
