Archive member included because of file (symbol)

c:/program files (x86)/atmel/atmel toolchain/avr8 gcc/native/3.4.1061/avr8-gnu-toolchain/bin/../lib/gcc/avr/4.8.1/../../../../avr/lib/avr5\libm.a(addsf3.o)
                              common.o (__subsf3)
c:/program files (x86)/atmel/atmel toolchain/avr8 gcc/native/3.4.1061/avr8-gnu-toolchain/bin/../lib/gcc/avr/4.8.1/../../../../avr/lib/avr5\libm.a(addsf3x.o)
                              c:/program files (x86)/atmel/atmel toolchain/avr8 gcc/native/3.4.1061/avr8-gnu-toolchain/bin/../lib/gcc/avr/4.8.1/../../../../avr/lib/avr5\libm.a(addsf3.o) (__addsf3x)
c:/program files (x86)/atmel/atmel toolchain/avr8 gcc/native/3.4.1061/avr8-gnu-toolchain/bin/../lib/gcc/avr/4.8.1/../../../../avr/lib/avr5\libm.a(divsf3.o)
                              libRFM69.o (__divsf3)
c:/program files (x86)/atmel/atmel toolchain/avr8 gcc/native/3.4.1061/avr8-gnu-toolchain/bin/../lib/gcc/avr/4.8.1/../../../../avr/lib/avr5\libm.a(divsf3x.o)
                              c:/program files (x86)/atmel/atmel toolchain/avr8 gcc/native/3.4.1061/avr8-gnu-toolchain/bin/../lib/gcc/avr/4.8.1/../../../../avr/lib/avr5\libm.a(divsf3.o) (__divsf3x)
c:/program files (x86)/atmel/atmel toolchain/avr8 gcc/native/3.4.1061/avr8-gnu-toolchain/bin/../lib/gcc/avr/4.8.1/../../../../avr/lib/avr5\libm.a(fixsfsi.o)
                              common.o (__fixsfsi)
c:/program files (x86)/atmel/atmel toolchain/avr8 gcc/native/3.4.1061/avr8-gnu-toolchain/bin/../lib/gcc/avr/4.8.1/../../../../avr/lib/avr5\libm.a(fixunssfsi.o)
                              libRFM69.o (__fixunssfsi)
c:/program files (x86)/atmel/atmel toolchain/avr8 gcc/native/3.4.1061/avr8-gnu-toolchain/bin/../lib/gcc/avr/4.8.1/../../../../avr/lib/avr5\libm.a(floatsisf.o)
                              libRFM69.o (__floatunsisf)
c:/program files (x86)/atmel/atmel toolchain/avr8 gcc/native/3.4.1061/avr8-gnu-toolchain/bin/../lib/gcc/avr/4.8.1/../../../../avr/lib/avr5\libm.a(fp_inf.o)
                              c:/program files (x86)/atmel/atmel toolchain/avr8 gcc/native/3.4.1061/avr8-gnu-toolchain/bin/../lib/gcc/avr/4.8.1/../../../../avr/lib/avr5\libm.a(addsf3x.o) (__fp_inf)
c:/program files (x86)/atmel/atmel toolchain/avr8 gcc/native/3.4.1061/avr8-gnu-toolchain/bin/../lib/gcc/avr/4.8.1/../../../../avr/lib/avr5\libm.a(fp_nan.o)
                              c:/program files (x86)/atmel/atmel toolchain/avr8 gcc/native/3.4.1061/avr8-gnu-toolchain/bin/../lib/gcc/avr/4.8.1/../../../../avr/lib/avr5\libm.a(addsf3x.o) (__fp_nan)
c:/program files (x86)/atmel/atmel toolchain/avr8 gcc/native/3.4.1061/avr8-gnu-toolchain/bin/../lib/gcc/avr/4.8.1/../../../../avr/lib/avr5\libm.a(fp_pscA.o)
                              c:/program files (x86)/atmel/atmel toolchain/avr8 gcc/native/3.4.1061/avr8-gnu-toolchain/bin/../lib/gcc/avr/4.8.1/../../../../avr/lib/avr5\libm.a(addsf3x.o) (__fp_pscA)
c:/program files (x86)/atmel/atmel toolchain/avr8 gcc/native/3.4.1061/avr8-gnu-toolchain/bin/../lib/gcc/avr/4.8.1/../../../../avr/lib/avr5\libm.a(fp_pscB.o)
                              c:/program files (x86)/atmel/atmel toolchain/avr8 gcc/native/3.4.1061/avr8-gnu-toolchain/bin/../lib/gcc/avr/4.8.1/../../../../avr/lib/avr5\libm.a(addsf3x.o) (__fp_pscB)
c:/program files (x86)/atmel/atmel toolchain/avr8 gcc/native/3.4.1061/avr8-gnu-toolchain/bin/../lib/gcc/avr/4.8.1/../../../../avr/lib/avr5\libm.a(fp_round.o)
                              c:/program files (x86)/atmel/atmel toolchain/avr8 gcc/native/3.4.1061/avr8-gnu-toolchain/bin/../lib/gcc/avr/4.8.1/../../../../avr/lib/avr5\libm.a(addsf3.o) (__fp_round)
c:/program files (x86)/atmel/atmel toolchain/avr8 gcc/native/3.4.1061/avr8-gnu-toolchain/bin/../lib/gcc/avr/4.8.1/../../../../avr/lib/avr5\libm.a(fp_split3.o)
                              c:/program files (x86)/atmel/atmel toolchain/avr8 gcc/native/3.4.1061/avr8-gnu-toolchain/bin/../lib/gcc/avr/4.8.1/../../../../avr/lib/avr5\libm.a(addsf3x.o) (__fp_split3)
c:/program files (x86)/atmel/atmel toolchain/avr8 gcc/native/3.4.1061/avr8-gnu-toolchain/bin/../lib/gcc/avr/4.8.1/../../../../avr/lib/avr5\libm.a(fp_zero.o)
                              c:/program files (x86)/atmel/atmel toolchain/avr8 gcc/native/3.4.1061/avr8-gnu-toolchain/bin/../lib/gcc/avr/4.8.1/../../../../avr/lib/avr5\libm.a(addsf3x.o) (__fp_zero)
c:/program files (x86)/atmel/atmel toolchain/avr8 gcc/native/3.4.1061/avr8-gnu-toolchain/bin/../lib/gcc/avr/4.8.1/../../../../avr/lib/avr5\libm.a(mulsf3.o)
                              common.o (__mulsf3)
c:/program files (x86)/atmel/atmel toolchain/avr8 gcc/native/3.4.1061/avr8-gnu-toolchain/bin/../lib/gcc/avr/4.8.1/../../../../avr/lib/avr5\libm.a(mulsf3x.o)
                              c:/program files (x86)/atmel/atmel toolchain/avr8 gcc/native/3.4.1061/avr8-gnu-toolchain/bin/../lib/gcc/avr/4.8.1/../../../../avr/lib/avr5\libm.a(mulsf3.o) (__mulsf3x)
[...]
Memory Configuration

Name             Origin             Length             Attributes
text             0x00000000         0x00020000         xr
data             0x00800060         0x0000ffa0         rw !x
eeprom           0x00810000         0x00010000         rw !x
fuse             0x00820000         0x00000400         rw !x
lock             0x00830000         0x00000400         rw !x
signature        0x00840000         0x00000400         rw !x
user_signatures  0x00850000         0x00000400         rw !x
*default*        0x00000000         0xffffffff

Linker script and memory map

Address of section .data set to 0x800100
LOAD c:/program files (x86)/atmel/atmel toolchain/avr8 gcc/native/3.4.1061/avr8-gnu-toolchain/bin/../lib/gcc/avr/4.8.1/../../../../avr/lib/avr5/crtm328p.o
LOAD common.o
LOAD Config.o
LOAD Event.o
LOAD libADC.o
LOAD libDebug.o
LOAD libRFM69.o
LOAD libSPI.o
LOAD libTimer.o
LOAD libUART.o
LOAD RTC.o
LOAD Timer.o
LOAD Transceiver.o
LOAD Utility/ErrorHandler.o
LOAD Utility/FIFO.o
LOAD Utility/List.o
LOAD LED.o
LOAD libDHT22.o
LOAD Flash.o
LOAD libFlash.o
LOAD libLED.o
LOAD libMCP79510.o
LOAD libPower.o
LOAD node_firmware.o
LOAD Power.o
LOAD Regdefault.o
LOAD Sensor.o
LOAD template.o
START GROUP
LOAD c:/program files (x86)/atmel/atmel toolchain/avr8 gcc/native/3.4.1061/avr8-gnu-toolchain/bin/../lib/gcc/avr/4.8.1/../../../../avr/lib/avr5\libm.a
END GROUP
START GROUP
LOAD c:/program files (x86)/atmel/atmel toolchain/avr8 gcc/native/3.4.1061/avr8-gnu-toolchain/bin/../lib/gcc/avr/4.8.1/avr5\libgcc.a
LOAD c:/program files (x86)/atmel/atmel toolchain/avr8 gcc/native/3.4.1061/avr8-gnu-toolchain/bin/../lib/gcc/avr/4.8.1/../../../../avr/lib/avr5\libm.a
LOAD c:/program files (x86)/atmel/atmel toolchain/avr8 gcc/native/3.4.1061/avr8-gnu-toolchain/bin/../lib/gcc/avr/4.8.1/../../../../avr/lib/avr5\libc.a
END GROUP

.hash
 *(.hash)

.dynsym
 *(.dynsym)

.dynstr
 *(.dynstr)

.gnu.version
 *(.gnu.version)

.gnu.version_d
 *(.gnu.version_d)

.gnu.version_r
 *(.gnu.version_r)

.rel.init
 *(.rel.init)

.rela.init
 *(.rela.init)

.rel.text
 *(.rel.text)
 *(.rel.text.*)
 *(.rel.gnu.linkonce.t*)

.rela.text
 *(.rela.text)
 *(.rela.text.*)
 *(.rela.gnu.linkonce.t*)

.rel.fini
 *(.rel.fini)

.rela.fini
 *(.rela.fini)

.rel.rodata
 *(.rel.rodata)
 *(.rel.rodata.*)
 *(.rel.gnu.linkonce.r*)

.rela.rodata
 *(.rela.rodata)
 *(.rela.rodata.*)
 *(.rela.gnu.linkonce.r*)

.rel.data
 *(.rel.data)
 *(.rel.data.*)
 *(.rel.gnu.linkonce.d*)

.rela.data
 *(.rela.data)
 *(.rela.data.*)
 *(.rela.gnu.linkonce.d*)

.rel.ctors
 *(.rel.ctors)

.rela.ctors
 *(.rela.ctors)

.rel.dtors
 *(.rel.dtors)

.rela.dtors
 *(.rela.dtors)

.rel.got
 *(.rel.got)

.rela.got
 *(.rela.got)

.rel.bss
 *(.rel.bss)

.rela.bss
 *(.rela.bss)

.rel.plt
 *(.rel.plt)

.rela.plt
 *(.rela.plt)

.text           0x00000000     0x273a
 *(.vectors)
 .vectors       0x00000000       0x68 c:/program files (x86)/atmel/atmel toolchain/avr8 gcc/native/3.4.1061/avr8-gnu-toolchain/bin/../lib/gcc/avr/4.8.1/../../../../avr/lib/avr5/crtm328p.o
                0x00000000                __vector_default
                0x00000000                __vectors
 *(.vectors)
 *(.progmem.gcc*)
                0x00000068                . = ALIGN (0x2)
                0x00000068                __trampolines_start = .
 *(.trampolines)
 .trampolines   0x00000068        0x0 linker stubs
 *(.trampolines*)
                0x00000068                __trampolines_end = .
 *(.progmem*)
                0x00000068                . = ALIGN (0x2)
 *(.jumptables)
 *(.jumptables*)
 *(.lowtext)
 *(.lowtext*)
                0x00000068                __ctors_start = .
 *(.ctors)
                0x00000068                __ctors_end = .
                0x00000068                __dtors_start = .
 *(.dtors)
                0x00000068                __dtors_end = .
 SORT(*)(.ctors)
 SORT(*)(.dtors)
 *(.init0)
 .init0         0x00000068        0x0 c:/program files (x86)/atmel/atmel toolchain/avr8 gcc/native/3.4.1061/avr8-gnu-toolchain/bin/../lib/gcc/avr/4.8.1/../../../../avr/lib/avr5/crtm328p.o
                0x00000068                __init
 *(.init0)
 *(.init1)
 .init1         0x00000068       0x14 common.o
                0x00000068                StackPaint
 *(.init1)
 *(.init2)
 .init2         0x0000007c        0xc c:/program files (x86)/atmel/atmel toolchain/avr8 gcc/native/3.4.1061/avr8-gnu-toolchain/bin/../lib/gcc/avr/4.8.1/../../../../avr/lib/avr5/crtm328p.o
 *(.init2)
 *(.init3)
 *(.init3)
 *(.init4)
 .init4         0x00000088       0x16 c:/program files (x86)/atmel/atmel toolchain/avr8 gcc/native/3.4.1061/avr8-gnu-toolchain/bin/../lib/gcc/avr/4.8.1/avr5\libgcc.a(_copy_data.o)
                0x00000088                __do_copy_data
 .init4         0x0000009e       0x10 c:/program files (x86)/atmel/atmel toolchain/avr8 gcc/native/3.4.1061/avr8-gnu-toolchain/bin/../lib/gcc/avr/4.8.1/avr5\libgcc.a(_clear_bss.o)
                0x0000009e                __do_clear_bss
 *(.init4)
 *(.init5)
 *(.init5)
 *(.init6)
 *(.init6)
 *(.init7)
 *(.init7)
 *(.init8)
 *(.init8)
 *(.init9)
 .init9         0x000000ae        0x8 c:/program files (x86)/atmel/atmel toolchain/avr8 gcc/native/3.4.1061/avr8-gnu-toolchain/bin/../lib/gcc/avr/4.8.1/../../../../avr/lib/avr5/crtm328p.o
 *(.init9)
 *(.text)
 .text          0x000000b6        0x4 c:/program files (x86)/atmel/atmel toolchain/avr8 gcc/native/3.4.1061/avr8-gnu-toolchain/bin/../lib/gcc/avr/4.8.1/../../../../avr/lib/avr5/crtm328p.o
                0x000000b6                __vector_22
                0x000000b6                __vector_1
                0x000000b6                __vector_24
                0x000000b6                __vector_12
                0x000000b6                __bad_interrupt
                0x000000b6                __vector_6
                0x000000b6                __vector_3
                0x000000b6                __vector_23
                0x000000b6                __vector_25
                0x000000b6                __vector_11
                0x000000b6                __vector_13
                0x000000b6                __vector_17
                0x000000b6                __vector_19
                0x000000b6                __vector_7
                0x000000b6                __vector_5
                0x000000b6                __vector_4
                0x000000b6                __vector_9
                0x000000b6                __vector_21
                0x000000b6                __vector_15
                0x000000b6                __vector_8
                0x000000b6                __vector_16
                0x000000b6                __vector_18
                0x000000b6                __vector_20
                0x000000ba                . = ALIGN (0x2)
 *(.text.*)
 .text.BCDToDecimal
                0x000000ba       0x12 common.o
                0x000000ba                BCDToDecimal
 .text.DecimalToBCD
                0x000000cc       0x2c common.o
                0x000000cc                DecimalToBCD
 .text.SetBit   0x000000f8       0x22 common.o
                0x000000f8                SetBit
 .text.IsBitSet
                0x0000011a       0x16 common.o
                0x0000011a                IsBitSet
 .text.IsGlobalInteruptEnabled
                0x00000130        0xa common.o
                0x00000130                IsGlobalInteruptEnabled
 .text.Config_Load
                0x0000013a       0x6a Config.o
                0x0000013a                Config_Load
 .text.Config_GetNetworkId
                0x000001a4        0x6 Config.o
                0x000001a4                Config_GetNetworkId
 .text.Config_GetReportInterval
                0x000001aa        0xa Config.o
                0x000001aa                Config_GetReportInterval
 .text.Config_GetNodeId
                0x000001b4        0x6 Config.o
                0x000001b4                Config_GetNodeId
 .text.Event_AddListener
                0x000001ba       0x24 Event.o
                0x000001ba                Event_AddListener
 .text.Event_Trigger
                0x000001de       0x50 Event.o
                0x000001de                Event_Trigger
 .text.libADC_Init
                0x0000022e       0x32 libADC.o
                0x0000022e                libADC_Init
 .text.libADC_Update
                0x00000260       0xaa libADC.o
                0x00000260                libADC_Update
 .text.libADC_Enable
                0x0000030a       0x22 libADC.o
                0x0000030a                libADC_Enable
 .text.libADC_EnableInput
                0x0000032c       0x10 libADC.o
                0x0000032c                libADC_EnableInput
 .text.libADC_GetSample
                0x0000033c       0x2a libADC.o
                0x0000033c                libADC_GetSample
 .text.libADC_IsChannelValid
                0x00000366       0x10 libADC.o
                0x00000366                libADC_IsChannelValid
 .text.libDebug_Init
                0x00000376        0x2 libDebug.o
                0x00000376                libDebug_Init
 .text.PostCallback
                0x00000378        0x4 libRFM69.o
 .text.PreCallback
                0x0000037c        0xa libRFM69.o
 .text.libRFM69_InitHW
                0x00000386        0x6 libRFM69.o
                0x00000386                libRFM69_InitHW
 .text.libRFM69_Init
                0x0000038c       0x12 libRFM69.o
                0x0000038c                libRFM69_Init
 .text.libRFM69_WriteRegister
                0x0000039e       0x22 libRFM69.o
                0x0000039e                libRFM69_WriteRegister
 .text.libRFM69_ClearFIFO
                0x000003c0        0x8 libRFM69.o
                0x000003c0                libRFM69_ClearFIFO
 .text.libRFM69_SetRSSIThreshold
                0x000003c8        0xc libRFM69.o
                0x000003c8                libRFM69_SetRSSIThreshold
 .text.libRFM69_SetCarrierFrequency
                0x000003d4       0x4a libRFM69.o
                0x000003d4                libRFM69_SetCarrierFrequency
 .text.libRFM69_SetBitRate
                0x0000041e       0x44 libRFM69.o
                0x0000041e                libRFM69_SetBitRate
 .text.libRFM69_SetNodeAddress
                0x00000462        0x8 libRFM69.o
                0x00000462                libRFM69_SetNodeAddress
 .text.libRFM69_SetBroadcastAddress
                0x0000046a        0x8 libRFM69.o
                0x0000046a                libRFM69_SetBroadcastAddress
 .text.libRFM69_SetFrequencyDeviation
                0x00000472       0x30 libRFM69.o
                0x00000472                libRFM69_SetFrequencyDeviation
 .text.libRFM69_EnableHighPowerSetting
                0x000004a2       0x20 libRFM69.o
                0x000004a2                libRFM69_EnableHighPowerSetting
 .text.libRFM69_SetPreambleLength
                0x000004c2       0x16 libRFM69.o
                0x000004c2                libRFM69_SetPreambleLength
 .text.libRFM69_ReadRegister
                0x000004d8       0x26 libRFM69.o
                0x000004d8                libRFM69_ReadRegister
 .text.IsBitSetInRegister
                0x000004fe       0x42 libRFM69.o
 .text.libRFM69_IsFIFOFull
                0x00000540        0x8 libRFM69.o
                0x00000540                libRFM69_IsFIFOFull
 .text.libRFM69_WriteToFIFO
                0x00000548       0x36 libRFM69.o
                0x00000548                libRFM69_WriteToFIFO
 .text.libRFM69_IsFIFONotEmpty
                0x0000057e        0x8 libRFM69.o
                0x0000057e                libRFM69_IsFIFONotEmpty
 .text.libRFM69_IsPacketSent
                0x00000586        0x8 libRFM69.o
                0x00000586                libRFM69_IsPacketSent
 .text.libRFM69_IsPayloadReady
                0x0000058e        0x8 libRFM69.o
                0x0000058e                libRFM69_IsPayloadReady
 .text.libRFM69_IsAFCLowBetaEnabled
                0x00000596        0x8 libRFM69.o
                0x00000596                libRFM69_IsAFCLowBetaEnabled
 .text.libRFM69_EnableContinuousDAGC
                0x0000059e       0x1c libRFM69.o
                0x0000059e                libRFM69_EnableContinuousDAGC
 .text.libRFM69_EnableCRCAutoClear
                0x000005ba       0x3e libRFM69.o
                0x000005ba                libRFM69_EnableCRCAutoClear
 .text.libRFM69_EnableCRC
                0x000005f8       0x3a libRFM69.o
                0x000005f8                libRFM69_EnableCRC
 .text.libRFM69_ReadFromFIFO
                0x00000632       0x3a libRFM69.o
                0x00000632                libRFM69_ReadFromFIFO
 .text.libRFM69_GetMode
                0x0000066c       0x26 libRFM69.o
                0x0000066c                libRFM69_GetMode
 .text.libRFM69_SetMode
                0x00000692       0x3a libRFM69.o
                0x00000692                libRFM69_SetMode
 .text.libRFM69_IsModeReady
                0x000006cc       0x26 libRFM69.o
                0x000006cc                libRFM69_IsModeReady
 .text.libRFM69_WaitForModeReady
                0x000006f2       0x3a libRFM69.o
                0x000006f2                libRFM69_WaitForModeReady
 .text.libRFM69_EnableListenMode
                0x0000072c       0x32 libRFM69.o
                0x0000072c                libRFM69_EnableListenMode
 .text.libRFM69_EnableSequencer
                0x0000075e       0x36 libRFM69.o
                0x0000075e                libRFM69_EnableSequencer
 .text.libRFM69_EnableEncryption
                0x00000794       0x3a libRFM69.o
                0x00000794                libRFM69_EnableEncryption
 .text.libRFM69_SetPacketFormat
                0x000007ce       0x40 libRFM69.o
                0x000007ce                libRFM69_SetPacketFormat
 .text.libRFM69_SetTXStartCondition
                0x0000080e       0x40 libRFM69.o
                0x0000080e                libRFM69_SetTXStartCondition
 .text.libRFM69_RestartRx
                0x0000084e       0x2a libRFM69.o
                0x0000084e                libRFM69_RestartRx
 .text.libRFM69_SetPacketRxDelay
                0x00000878       0x3a libRFM69.o
                0x00000878                libRFM69_SetPacketRxDelay
 .text.libRFM69_SetAddressFiltering
                0x000008b2       0x36 libRFM69.o
                0x000008b2                libRFM69_SetAddressFiltering
 .text.libRFM69_SetDataMode
                0x000008e8       0x3a libRFM69.o
                0x000008e8                libRFM69_SetDataMode
 .text.libRFM69_SetModulationType
                0x00000922       0x3a libRFM69.o
                0x00000922                libRFM69_SetModulationType
 .text.libRFM69_SetModulationShaping
                0x0000095c       0x32 libRFM69.o
                0x0000095c                libRFM69_SetModulationShaping
 .text.libRFM69_SetPowerAmplifierMode
                0x0000098e       0x3a libRFM69.o
                0x0000098e                libRFM69_SetPowerAmplifierMode
 .text.libRFM69_SetPowerLevel
                0x000009c8       0x32 libRFM69.o
                0x000009c8                libRFM69_SetPowerLevel
 .text.libRFM69_EnableOCP
                0x000009fa       0x3a libRFM69.o
                0x000009fa                libRFM69_EnableOCP
 .text.libRFM69_GetRSSI
                0x00000a34       0x6c libRFM69.o
                0x00000a34                libRFM69_GetRSSI
 .text.libRFM69_SetSyncWordSize
                0x00000aa0       0x42 libRFM69.o
                0x00000aa0                libRFM69_SetSyncWordSize
 .text.libRFM69_GetSyncWordSize
                0x00000ae2       0x2a libRFM69.o
                0x00000ae2                libRFM69_GetSyncWordSize
 .text.libRFM69_SetSyncWord
                0x00000b0c       0x70 libRFM69.o
                0x00000b0c                libRFM69_SetSyncWord
 .text.libRFM69_EnableSyncWordGeneration
                0x00000b7c       0x3a libRFM69.o
                0x00000b7c                libRFM69_EnableSyncWordGeneration
 .text.libRFM69_SetFIFOFillCondition
                0x00000bb6       0x40 libRFM69.o
                0x00000bb6                libRFM69_SetFIFOFillCondition
 .text.libRFM69_SetClockOutFrequency
                0x00000bf6       0x30 libRFM69.o
                0x00000bf6                libRFM69_SetClockOutFrequency
 .text.libRFM69_SetLNAGain
                0x00000c26       0x30 libRFM69.o
                0x00000c26                libRFM69_SetLNAGain
 .text.libRFM69_SetLNAInputImpedance
                0x00000c56       0x40 libRFM69.o
                0x00000c56                libRFM69_SetLNAInputImpedance
 .text.libRFM69_EnableAFCLowBeta
                0x00000c96       0x3a libRFM69.o
                0x00000c96                libRFM69_EnableAFCLowBeta
 .text.libSPI_WriteByte
                0x00000cd0       0x46 libSPI.o
                0x00000cd0                libSPI_WriteByte
 .text.libSPI_ReadByte
                0x00000d16       0x3e libSPI.o
                0x00000d16                libSPI_ReadByte
 .text.libSPI_SetMaster
                0x00000d54       0x12 libSPI.o
                0x00000d54                libSPI_SetMaster
 .text.libSPI_SetMode
                0x00000d66       0x3a libSPI.o
                0x00000d66                libSPI_SetMode
 .text.libSPI_Init
                0x00000da0       0x30 libSPI.o
                0x00000da0                libSPI_Init
 .text.__vector_14
                0x00000dd0       0x4a libTimer.o
                0x00000dd0                __vector_14
 .text.libTimer_Init
                0x00000e1a       0x2e libTimer.o
                0x00000e1a                libTimer_Init
 .text.libTimer_GetMilliseconds
                0x00000e48       0x18 libTimer.o
                0x00000e48                libTimer_GetMilliseconds
 .text.RTC_GetCurrentTime
                0x00000e60       0x3a RTC.o
                0x00000e60                RTC_GetCurrentTime
 .text.RTC_SetAlarmTime
                0x00000e9a       0x26 RTC.o
                0x00000e9a                RTC_SetAlarmTime
 .text.RTC_IsLeapYear
                0x00000ec0       0x34 RTC.o
                0x00000ec0                RTC_IsLeapYear
 .text.RTC_AddMonths
                0x00000ef4       0x24 RTC.o
                0x00000ef4                RTC_AddMonths
 .text.RTC_AddDays
                0x00000f18       0x76 RTC.o
                0x00000f18                RTC_AddDays
 .text.RTC_AddHours
                0x00000f8e       0x24 RTC.o
                0x00000f8e                RTC_AddHours
 .text.RTC_AddMinutes
                0x00000fb2       0x24 RTC.o
                0x00000fb2                RTC_AddMinutes
 .text.RTC_AddSeconds
                0x00000fd6       0x24 RTC.o
                0x00000fd6                RTC_AddSeconds
 .text.RTC_ConvertToTimestamp
                0x00000ffa      0x166 RTC.o
                0x00000ffa                RTC_ConvertToTimestamp
 .text.RTC_GetTimeStamp
                0x00001160       0x50 RTC.o
                0x00001160                RTC_GetTimeStamp
 .text.Timer_TimeDifference
                0x000011b0       0x4a Timer.o
                0x000011b0                Timer_TimeDifference
 .text.HandlePayload
                0x000011fa       0x8c Transceiver.o
 .text.Transceiver_Init
                0x00001286      0x108 Transceiver.o
                0x00001286                Transceiver_Init
 .text.Transceiver_Update
                0x0000138e      0x16a Transceiver.o
                0x0000138e                Transceiver_Update
 .text.Transceiver_SendPacket
                0x000014f8       0xa2 Transceiver.o
                0x000014f8                Transceiver_SendPacket
 .text.Transceiver_EventHandler
                0x0000159a       0x2a Transceiver.o
                0x0000159a                Transceiver_EventHandler
 .text.ErrorHandler_Init
                0x000015c4       0x96 Utility/ErrorHandler.o
                0x000015c4                ErrorHandler_Init
 .text.ErrorHandler_LogError
                0x0000165a       0x92 Utility/ErrorHandler.o
                0x0000165a                ErrorHandler_LogError
 .text.LED_ChangeState
                0x000016ec       0x3a LED.o
                0x000016ec                LED_ChangeState
 .text.LED_EventHandler
                0x00001726       0x28 LED.o
                0x00001726                LED_EventHandler
 .text.EnableInputCapture.part.0
                0x0000174e       0x2c libDHT22.o
 .text.__vector_10
                0x0000177a       0x98 libDHT22.o
                0x0000177a                __vector_10
 .text.libDHT22_Init
                0x00001812       0x24 libDHT22.o
                0x00001812                libDHT22_Init
 .text.libDHT22_Update
                0x00001836      0x2e2 libDHT22.o
                0x00001836                libDHT22_Update
 .text.libDHT22_GetSensorReading
                0x00001b18       0x16 libDHT22.o
                0x00001b18                libDHT22_GetSensorReading
 .text.libDHT22_IsReadingValid
                0x00001b2e        0x6 libDHT22.o
                0x00001b2e                libDHT22_IsReadingValid
 .text.libDHT22_StartReading
                0x00001b34       0x10 libDHT22.o
                0x00001b34                libDHT22_StartReading
 .text.libFlash_InitHW
                0x00001b44        0xa libFlash.o
                0x00001b44                libFlash_InitHW
 .text.libFlash_Init
                0x00001b4e        0x2 libFlash.o
                0x00001b4e                libFlash_Init
 .text.libLED_Enable
                0x00001b50        0xc libLED.o
                0x00001b50                libLED_Enable
 .text.PostCallback
                0x00001b5c        0x4 libMCP79510.o
 .text.WriteRegister
                0x00001b60       0x36 libMCP79510.o
 .text.ReadRegister
                0x00001b96       0x46 libMCP79510.o
 .text.PreCallback
                0x00001bdc        0xa libMCP79510.o
 .text.libMCP79510_HWInit
                0x00001be6        0xa libMCP79510.o
                0x00001be6                libMCP79510_HWInit
 .text.libMCP79510_GetSecond
                0x00001bf0       0x1a libMCP79510.o
                0x00001bf0                libMCP79510_GetSecond
 .text.libMCP79510_SetAlarmSeconds
                0x00001c0a       0x1a libMCP79510.o
                0x00001c0a                libMCP79510_SetAlarmSeconds
 .text.libMCP79510_GetMinute
                0x00001c24       0x18 libMCP79510.o
                0x00001c24                libMCP79510_GetMinute
 .text.libMCP79510_SetAlarmMinute
                0x00001c3c       0x1a libMCP79510.o
                0x00001c3c                libMCP79510_SetAlarmMinute
 .text.libMCP79510_GetHour
                0x00001c56       0x48 libMCP79510.o
                0x00001c56                libMCP79510_GetHour
 .text.libMCP79510_SetAlarmHour
                0x00001c9e       0x5c libMCP79510.o
                0x00001c9e                libMCP79510_SetAlarmHour
 .text.libMCP79510_GetDate
                0x00001cfa       0x18 libMCP79510.o
                0x00001cfa                libMCP79510_GetDate
 .text.libMCP79510_GetMonth
                0x00001d12       0x1a libMCP79510.o
                0x00001d12                libMCP79510_GetMonth
 .text.libMCP79510_GetYear
                0x00001d2c       0x18 libMCP79510.o
                0x00001d2c                libMCP79510_GetYear
 .text.libMCP79510_EnableOscillator
                0x00001d44       0x1e libMCP79510.o
                0x00001d44                libMCP79510_EnableOscillator
 .text.libMCP79510_EnableAlarm
                0x00001d62       0x48 libMCP79510.o
                0x00001d62                libMCP79510_EnableAlarm
 .text.libMCP79510_EnableSquareWave
                0x00001daa       0x36 libMCP79510.o
                0x00001daa                libMCP79510_EnableSquareWave
 .text.libMCP79510_Init
                0x00001de0       0x10 libMCP79510.o
                0x00001de0                libMCP79510_Init
 .text.libMCP79510_ClearAlarmFlag
                0x00001df0       0x1e libMCP79510.o
                0x00001df0                libMCP79510_ClearAlarmFlag
 .text.EnableLowLevelInterupt.part.0
                0x00001e0e        0xe libPower.o
 .text.__vector_2
                0x00001e1c       0x14 libPower.o
                0x00001e1c                __vector_2
 .text.libPower_Init
                0x00001e30       0x20 libPower.o
                0x00001e30                libPower_Init
 .text.libPower_Sleep
                0x00001e50       0x26 libPower.o
                0x00001e50                libPower_Sleep
 .text.libPower_IsChargerConnected
                0x00001e76        0xc libPower.o
                0x00001e76                libPower_IsChargerConnected
 .text.libPower_IsCharging
                0x00001e82        0xc libPower.o
                0x00001e82                libPower_IsCharging
 .text.libPower_GetBatteryVoltage
                0x00001e8e       0x4e libPower.o
                0x00001e8e                libPower_GetBatteryVoltage
 .text.libPower_IsBatteryVoltageValid
                0x00001edc        0x6 libPower.o
                0x00001edc                libPower_IsBatteryVoltageValid
 .text.RHTSent  0x00001ee2        0x8 node_firmware.o
 .text.startup.main
                0x00001eea      0x1a0 node_firmware.o
                0x00001eea                main
 .text.Power_Init
                0x0000208a        0x8 Power.o
                0x0000208a                Power_Init
 .text.Power_Update
                0x00002092      0x166 Power.o
                0x00002092                Power_Update
 .text.Power_WakeUp
                0x000021f8        0x2 Power.o
                0x000021f8                Power_WakeUp
 .text.SendCallback
                0x000021fa       0x36 Sensor.o
 .text.Sensor_Init
                0x00002230        0x2 Sensor.o
                0x00002230                Sensor_Init
 .text.Sensor_Update
                0x00002232       0x82 Sensor.o
                0x00002232                Sensor_Update
 .text.Sensor_WakeUp
                0x000022b4        0x4 Sensor.o
                0x000022b4                Sensor_WakeUp
 .text.avr-libc.fplib
                0x000022b8        0xa c:/program files (x86)/atmel/atmel toolchain/avr8 gcc/native/3.4.1061/avr8-gnu-toolchain/bin/../lib/gcc/avr/4.8.1/../../../../avr/lib/avr5\libm.a(addsf3.o)
                0x000022b8                __subsf3
                0x000022ba                __addsf3
 .text.avr-libc.fplib
                0x000022c2       0xc0 c:/program files (x86)/atmel/atmel toolchain/avr8 gcc/native/3.4.1061/avr8-gnu-toolchain/bin/../lib/gcc/avr/4.8.1/../../../../avr/lib/avr5\libm.a(addsf3x.o)
                0x000022dc                __addsf3x
 .text.avr-libc.fplib
                0x00002382        0x4 c:/program files (x86)/atmel/atmel toolchain/avr8 gcc/native/3.4.1061/avr8-gnu-toolchain/bin/../lib/gcc/avr/4.8.1/../../../../avr/lib/avr5\libm.a(divsf3.o)
                0x00002382                __divsf3
 .text.avr-libc.fplib
                0x00002386       0xcc c:/program files (x86)/atmel/atmel toolchain/avr8 gcc/native/3.4.1061/avr8-gnu-toolchain/bin/../lib/gcc/avr/4.8.1/../../../../avr/lib/avr5\libm.a(divsf3x.o)
                0x0000239c                __divsf3x
                0x000023a0                __divsf3_pse
 .text.avr-libc.fplib
                0x00002452       0x58 c:/program files (x86)/atmel/atmel toolchain/avr8 gcc/native/3.4.1061/avr8-gnu-toolchain/bin/../lib/gcc/avr/4.8.1/../../../../avr/lib/avr5\libm.a(fixunssfsi.o)
                0x00002452                __fixunssfsi
 .text.avr-libc.fplib
                0x000024aa       0x7a c:/program files (x86)/atmel/atmel toolchain/avr8 gcc/native/3.4.1061/avr8-gnu-toolchain/bin/../lib/gcc/avr/4.8.1/../../../../avr/lib/avr5\libm.a(floatsisf.o)
                0x000024aa                __floatunsisf
                0x000024ae                __floatsisf
 .text.avr-libc.fplib
                0x00002524        0xc c:/program files (x86)/atmel/atmel toolchain/avr8 gcc/native/3.4.1061/avr8-gnu-toolchain/bin/../lib/gcc/avr/4.8.1/../../../../avr/lib/avr5\libm.a(fp_inf.o)
                0x00002524                __fp_inf
 .text.avr-libc.fplib
                0x00002530        0x6 c:/program files (x86)/atmel/atmel toolchain/avr8 gcc/native/3.4.1061/avr8-gnu-toolchain/bin/../lib/gcc/avr/4.8.1/../../../../avr/lib/avr5\libm.a(fp_nan.o)
                0x00002530                __fp_nan
 .text.avr-libc.fplib
                0x00002536        0xe c:/program files (x86)/atmel/atmel toolchain/avr8 gcc/native/3.4.1061/avr8-gnu-toolchain/bin/../lib/gcc/avr/4.8.1/../../../../avr/lib/avr5\libm.a(fp_pscA.o)
                0x00002536                __fp_pscA
 .text.avr-libc.fplib
                0x00002544        0xe c:/program files (x86)/atmel/atmel toolchain/avr8 gcc/native/3.4.1061/avr8-gnu-toolchain/bin/../lib/gcc/avr/4.8.1/../../../../avr/lib/avr5\libm.a(fp_pscB.o)
                0x00002544                __fp_pscB
 .text.avr-libc.fplib
                0x00002552       0x22 c:/program files (x86)/atmel/atmel toolchain/avr8 gcc/native/3.4.1061/avr8-gnu-toolchain/bin/../lib/gcc/avr/4.8.1/../../../../avr/lib/avr5\libm.a(fp_round.o)
                0x00002552                __fp_round
 .text.avr-libc.fplib
                0x00002574       0x44 c:/program files (x86)/atmel/atmel toolchain/avr8 gcc/native/3.4.1061/avr8-gnu-toolchain/bin/../lib/gcc/avr/4.8.1/../../../../avr/lib/avr5\libm.a(fp_split3.o)
                0x00002574                __fp_split3
                0x00002584                __fp_splitA
 .text.avr-libc.fplib
                0x000025b8        0xe c:/program files (x86)/atmel/atmel toolchain/avr8 gcc/native/3.4.1061/avr8-gnu-toolchain/bin/../lib/gcc/avr/4.8.1/../../../../avr/lib/avr5\libm.a(fp_zero.o)
                0x000025b8                __fp_zero
                0x000025ba                __fp_szero
 .text.libgcc.mul
                0x000025c6       0x20 c:/program files (x86)/atmel/atmel toolchain/avr8 gcc/native/3.4.1061/avr8-gnu-toolchain/bin/../lib/gcc/avr/4.8.1/avr5\libgcc.a(_mulsi3.o)
                0x000025c6                __mulsi3
 .text.libgcc.div
                0x000025e6       0x18 c:/program files (x86)/atmel/atmel toolchain/avr8 gcc/native/3.4.1061/avr8-gnu-toolchain/bin/../lib/gcc/avr/4.8.1/avr5\libgcc.a(_udivmodqi4.o)
                0x000025e6                __udivmodqi4
 .text.libgcc.div
                0x000025fe       0x28 c:/program files (x86)/atmel/atmel toolchain/avr8 gcc/native/3.4.1061/avr8-gnu-toolchain/bin/../lib/gcc/avr/4.8.1/avr5\libgcc.a(_udivmodhi4.o)
                0x000025fe                __udivmodhi4
 .text.libgcc.div
                0x00002626       0x28 c:/program files (x86)/atmel/atmel toolchain/avr8 gcc/native/3.4.1061/avr8-gnu-toolchain/bin/../lib/gcc/avr/4.8.1/avr5\libgcc.a(_divmodhi4.o)
                0x00002626                _div
                0x00002626                __divmodhi4
 .text.libgcc.div
                0x0000264e       0x44 c:/program files (x86)/atmel/atmel toolchain/avr8 gcc/native/3.4.1061/avr8-gnu-toolchain/bin/../lib/gcc/avr/4.8.1/avr5\libgcc.a(_udivmodsi4.o)
                0x0000264e                __udivmodsi4
 .text.libgcc.mul
                0x00002692       0x1e c:/program files (x86)/atmel/atmel toolchain/avr8 gcc/native/3.4.1061/avr8-gnu-toolchain/bin/../lib/gcc/avr/4.8.1/avr5\libgcc.a(_umulhisi3.o)
                0x00002692                __umulhisi3
 .text.libgcc.mul
                0x000026b0        0xe c:/program files (x86)/atmel/atmel toolchain/avr8 gcc/native/3.4.1061/avr8-gnu-toolchain/bin/../lib/gcc/avr/4.8.1/avr5\libgcc.a(_usmulhisi3.o)
                0x000026b0                __usmulhisi3
                0x000026b4                __usmulhisi3_tail
 .text.libgcc.mul
                0x000026be       0x16 c:/program files (x86)/atmel/atmel toolchain/avr8 gcc/native/3.4.1061/avr8-gnu-toolchain/bin/../lib/gcc/avr/4.8.1/avr5\libgcc.a(_muluhisi3.o)
                0x000026be                __muluhisi3
 .text.avr-libc
                0x000026d4       0x12 c:/program files (x86)/atmel/atmel toolchain/avr8 gcc/native/3.4.1061/avr8-gnu-toolchain/bin/../lib/gcc/avr/4.8.1/../../../../avr/lib/avr5\libc.a(memcpy.o)
                0x000026d4                memcpy
 .text.avr-libc
                0x000026e6       0x20 c:/program files (x86)/atmel/atmel toolchain/avr8 gcc/native/3.4.1061/avr8-gnu-toolchain/bin/../lib/gcc/avr/4.8.1/../../../../avr/lib/avr5\libc.a(eerd_block_atmega328p.o)
                0x000026e6                __eerd_block_m328p
                0x000026ea                __eerd_blraw_m328p
 .text.avr-libc
                0x00002706       0x14 c:/program files (x86)/atmel/atmel toolchain/avr8 gcc/native/3.4.1061/avr8-gnu-toolchain/bin/../lib/gcc/avr/4.8.1/../../../../avr/lib/avr5\libc.a(eewr_block_atmega328p.o)
                0x00002706                __eewr_block_m328p
 .text.avr-libc
                0x0000271a       0x1c c:/program files (x86)/atmel/atmel toolchain/avr8 gcc/native/3.4.1061/avr8-gnu-toolchain/bin/../lib/gcc/avr/4.8.1/../../../../avr/lib/avr5\libc.a(eewr_byte_atmega328p.o)
                0x0000271a                __eewr_byte_m328p
                0x0000271c                __eewr_r18_m328p
                0x00002736                . = ALIGN (0x2)
 *(.fini9)
 .fini9         0x00002736        0x0 c:/program files (x86)/atmel/atmel toolchain/avr8 gcc/native/3.4.1061/avr8-gnu-toolchain/bin/../lib/gcc/avr/4.8.1/avr5\libgcc.a(_exit.o)
                0x00002736                _exit
                0x00002736                exit
 *(.fini9)
 *(.fini8)
 *(.fini8)
 *(.fini7)
 *(.fini7)
 *(.fini6)
 *(.fini6)
 *(.fini5)
 *(.fini5)
 *(.fini4)
 *(.fini4)
 *(.fini3)
 *(.fini3)
 *(.fini2)
 *(.fini2)
 *(.fini1)
 *(.fini1)
 *(.fini0)
 .fini0         0x00002736        0x4 c:/program files (x86)/atmel/atmel toolchain/avr8 gcc/native/3.4.1061/avr8-gnu-toolchain/bin/../lib/gcc/avr/4.8.1/avr5\libgcc.a(_exit.o)
 *(.fini0)
                0x0000273a                _etext = .

.data           0x00800100        0xc load address 0x0000273a
                0x00800100                PROVIDE (__data_start, .)
 *(.data)
 *(.data*)
 *(.rodata)
 *(.rodata*)
 .rodata.days_in_months
                0x00800100        0xc RTC.o
 *(.gnu.linkonce.d*)
                0x0080010c                . = ALIGN (0x2)
                0x0080010c                _edata = .
                0x0080010c                PROVIDE (__data_end, .)

.bss            0x0080010c      0x11b
                0x0080010c                PROVIDE (__bss_start, .)
 *(.bss)
 *(.bss*)
 .bss.active_config
                0x0080010c       0x1f Config.o
 .bss.listener_pool
                0x0080012b       0x1e Event.o
 .bss.nr_listeners
                0x00800149        0x1 Event.o
 .bss.current_input.1755
                0x0080014a        0x1 libADC.o
 .bss.adc_inputs
                0x0080014b       0x2d libADC.o
 .bss.adc_state
                0x00800178        0x1 libADC.o
 .bss.slave_active
                0x00800179        0x1 libSPI.o
 .bss.spi_status
                0x0080017a        0x1 libSPI.o
 .bss.state.2485
                0x0080017b        0x1 Transceiver.o
 .bss.state.2476
                0x0080017c        0x1 Transceiver.o
 .bss.packet_handlers
                0x0080017d        0x8 Transceiver.o
 .bss.packet_frame
                0x00800185       0x23 Transceiver.o
 .bss.transceiver_state
                0x008001a8        0x1 Transceiver.o
 .bss.current_id
                0x008001a9        0x1 Utility/ErrorHandler.o
 .bss.current_index
                0x008001aa        0x1 Utility/ErrorHandler.o
 .bss.led_timer
                0x008001ab        0x4 LED.o
 .bss.led_state
                0x008001af        0x1 LED.o
 .bss.reading_timer.1799
                0x008001b0        0x4 libDHT22.o
 .bss.state.1798
                0x008001b4        0x1 libDHT22.o
 .bss.pulse_timings
                0x008001b5       0x56 libDHT22.o
 .bss.pulse_counter
                0x0080020b        0x4 libDHT22.o
 .bss.init_time
                0x0080020f        0x4 libDHT22.o
 .bss.sensor_reading
                0x00800213        0x9 libDHT22.o
 .bss.dht22_state
                0x0080021c        0x1 libDHT22.o
 .bss.sleep_status
                0x0080021d        0x5 node_firmware.o
 .bss.battery_state
                0x00800222        0x1 Power.o
 *(COMMON)
 COMMON         0x00800223        0x4 libTimer.o
                0x00800223                system_timer
                0x00800227                PROVIDE (__bss_end, .)
                0x0000273a                __data_load_start = LOADADDR (.data)
                0x00002746                __data_load_end = (__data_load_start + SIZEOF (.data))

.noinit         0x00800227        0x0
                0x00800227                PROVIDE (__noinit_start, .)
 *(.noinit*)
                0x00800227                PROVIDE (__noinit_end, .)
                0x00800227                _end = .
                0x00800227                PROVIDE (__heap_start, .)

.eeprom         0x00810000      0x33f
 *(.eeprom*)
 .eeprom        0x00810000       0x1f Config.o
 .eeprom        0x0081001f      0x320 Utility/ErrorHandler.o
                0x0081033f                __eeprom_end = .

.fuse
 *(.fuse)
 *(.lfuse)
 *(.hfuse)
 *(.efuse)

.lock
 *(.lock*)

.signature
 *(.signature*)

.user_signatures
 *(.user_signatures*)

.stab
 *(.stab)

.stabstr
 *(.stabstr)

.stab.excl
 *(.stab.excl)

.stab.exclstr
 *(.stab.exclstr)

.stab.index
 *(.stab.index)

.stab.indexstr
 *(.stab.indexstr)

.comment        0x00000000       0x30
 *(.comment)
 .comment       0x00000000       0x30 common.o
                                 0x31 (size before relaxing)
 .comment       0x00000000       0x31 Config.o
 .comment       0x00000000       0x31 Event.o
 .comment       0x00000000       0x31 libADC.o
 .comment       0x00000000       0x31 libDebug.o
 .comment       0x00000000       0x31 libRFM69.o
 .comment       0x00000000       0x31 libSPI.o
 .comment       0x00000000       0x31 libTimer.o
 .comment       0x00000000       0x31 RTC.o
 .comment       0x00000000       0x31 Timer.o
 .comment       0x00000000       0x31 Transceiver.o
 .comment       0x00000000       0x31 Utility/ErrorHandler.o
 .comment       0x00000000       0x31 LED.o
 .comment       0x00000000       0x31 libDHT22.o
 .comment       0x00000000       0x31 libFlash.o
 .comment       0x00000000       0x31 libLED.o
 .comment       0x00000000       0x31 libMCP79510.o
 .comment       0x00000000       0x31 libPower.o
 .comment       0x00000000       0x31 node_firmware.o
 .comment       0x00000000       0x31 Power.o
 .comment       0x00000000       0x31 Sensor.o

.note.gnu.build-id
 *(.note.gnu.build-id)

.debug
 *(.debug)

.line
 *(.line)

.debug_srcinfo
 *(.debug_srcinfo)

.debug_sfnames
 *(.debug_sfnames)

.debug_aranges
 *(.debug_aranges)

.debug_pubnames
 *(.debug_pubnames)

.debug_info
 *(.debug_info .gnu.linkonce.wi.*)

.debug_abbrev
 *(.debug_abbrev)

.debug_line
 *(.debug_line .debug_line.* .debug_line_end)

.debug_frame
 *(.debug_frame)

.debug_str
 *(.debug_str)

.debug_loc
 *(.debug_loc)

.debug_macinfo
 *(.debug_macinfo)

.debug_weaknames
 *(.debug_weaknames)

.debug_funcnames
 *(.debug_funcnames)

.debug_typenames
 *(.debug_typenames)

.debug_varnames
 *(.debug_varnames)

.debug_pubtypes
 *(.debug_pubtypes)

.debug_ranges
 *(.debug_ranges)

.debug_macro
 *(.debug_macro)
OUTPUT(node_firmware.elf elf32-avr)
LOAD linker stubs
